Component: ARM Compiler 5.06 update 6 (build 750) Tool: armlink [4d35ed]

==============================================================================

Section Cross References

    main.o(i.Flash_WrRDP) refers to stm32f0xx_flash.o(i.FLASH_OB_GetRDP) for FLASH_OB_GetRDP
    main.o(i.Flash_WrRDP) refers to stm32f0xx_flash.o(i.FLASH_Unlock) for FLASH_Unlock
    main.o(i.Flash_WrRDP) refers to stm32f0xx_flash.o(i.FLASH_OB_Unlock) for FLASH_OB_Unlock
    main.o(i.Flash_WrRDP) refers to stm32f0xx_flash.o(i.FLASH_OB_RDPConfig) for FLASH_OB_RDPConfig
    main.o(i.Flash_WrRDP) refers to stm32f0xx_flash.o(i.FLASH_OB_Launch) for FLASH_OB_Launch
    main.o(i.Flash_WrRDP) refers to stm32f0xx_flash.o(i.FLASH_OB_Lock) for FLASH_OB_Lock
    main.o(i.Flash_WrRDP) refers to stm32f0xx_flash.o(i.FLASH_Lock) for FLASH_Lock
    main.o(i.boot_task) refers to gt21l16s2y.o(i.gt21l16s2_init) for gt21l16s2_init
    main.o(i.boot_task) refers to nv3021.o(i.ILI9163C_Initial) for ILI9163C_Initial
    main.o(i.boot_task) refers to main.o(i.boot_ui_init) for boot_ui_init
    main.o(i.boot_task) refers to main.o(i.download_code_bin) for download_code_bin
    main.o(i.boot_task) refers to drv_595.o(.data) for conr_val595
    main.o(i.boot_ui_init) refers to nv3021.o(i.nv3021_color_clr) for nv3021_color_clr
    main.o(i.boot_ui_init) refers to main.o(i.ui_disp_china_15x16) for ui_disp_china_15x16
    main.o(i.boot_ui_init) refers to main.o(i.ui_disp_china_11x12) for ui_disp_china_11x12
    main.o(i.boot_ui_init) refers to nv3021.o(i.nv3021_disp_range) for nv3021_disp_range
    main.o(i.boot_ui_init) refers to poc.o(.bss) for boot_info
    main.o(i.download_code_bin) refers to poc.o(i.poc_init) for poc_init
    main.o(i.download_code_bin) refers to poc.o(i.poc_get_para) for poc_get_para
    main.o(i.download_code_bin) refers to poc.o(i.poc_task) for poc_task
    main.o(i.download_code_bin) refers to main.o(i.ui_disp_china_11x12) for ui_disp_china_11x12
    main.o(i.download_code_bin) refers to flash.o(i.Flash_Updata) for Flash_Updata
    main.o(i.download_code_bin) refers to nv3021.o(i.nv3021_disp_range) for nv3021_disp_range
    main.o(i.download_code_bin) refers to dfltui.o(.text) for __aeabi_ui2d
    main.o(i.download_code_bin) refers to ddiv.o(.text) for __aeabi_ddiv
    main.o(i.download_code_bin) refers to dfixui.o(.text) for __aeabi_d2uiz
    main.o(i.download_code_bin) refers to uidiv.o(.text) for __aeabi_uidivmod
    main.o(i.download_code_bin) refers to nv3021.o(i.nv3021_color_clr) for nv3021_color_clr
    main.o(i.download_code_bin) refers to drv_595.o(i.Upate_595) for Upate_595
    main.o(i.download_code_bin) refers to main.o(.data) for .data
    main.o(i.download_code_bin) refers to poc.o(.bss) for boot_info
    main.o(i.download_code_bin) refers to stm32f0xx_it.o(.data) for SysTick_Cnt
    main.o(i.download_code_bin) refers to drv_595.o(.data) for conr_val595
    main.o(i.download_code_bin) refers to drv_595.o(.constdata) for ioTag595
    main.o(i.main) refers to flash.o(i.Flash_Read) for Flash_Read
    main.o(i.main) refers to drv_595.o(i.init_595IO) for init_595IO
    main.o(i.main) refers to drv_595.o(i.Upate_595) for Upate_595
    main.o(i.main) refers to main.o(i.boot_task) for boot_task
    main.o(i.main) refers to main.o(i.run_app) for run_app
    main.o(i.main) refers to poc.o(.bss) for boot_info
    main.o(i.main) refers to drv_595.o(.constdata) for ioTag595
    main.o(i.main) refers to drv_595.o(.data) for conr_val595
    main.o(i.run_app) refers to main.o(.data) for .data
    main.o(i.ui_disp_china_11x12) refers to memseta.o(.text) for __aeabi_memclr4
    main.o(i.ui_disp_china_11x12) refers to strlen.o(.text) for strlen
    main.o(i.ui_disp_china_11x12) refers to gt21l16s2y.o(i.gt21l16s2_get_ascii_6x12) for gt21l16s2_get_ascii_6x12
    main.o(i.ui_disp_china_11x12) refers to nv3021.o(i.nv3021_disp_bit1bmp_SingleByte) for nv3021_disp_bit1bmp_SingleByte
    main.o(i.ui_disp_china_11x12) refers to gt21l16s2y.o(i.gt21l16s2_get_gb2312_11x12) for gt21l16s2_get_gb2312_11x12
    main.o(i.ui_disp_china_15x16) refers to memseta.o(.text) for __aeabi_memclr4
    main.o(i.ui_disp_china_15x16) refers to strlen.o(.text) for strlen
    main.o(i.ui_disp_china_15x16) refers to gt21l16s2y.o(i.gt21l16s2_get_ascii_8x16) for gt21l16s2_get_ascii_8x16
    main.o(i.ui_disp_china_15x16) refers to nv3021.o(i.nv3021_disp_bit1bmp_SingleByte) for nv3021_disp_bit1bmp_SingleByte
    main.o(i.ui_disp_china_15x16) refers to gt21l16s2y.o(i.gt21l16s2_get_gb2312_15x16) for gt21l16s2_get_gb2312_15x16
    stm32f0xx_it.o(i.DMA1_Channel1_IRQHandler) refers to stm32f0xx_dma.o(i.DMA_GetITStatus) for DMA_GetITStatus
    stm32f0xx_it.o(i.DMA1_Channel1_IRQHandler) refers to stm32f0xx_dma.o(i.DMA_ClearITPendingBit) for DMA_ClearITPendingBit
    stm32f0xx_it.o(i.EXTI0_1_IRQHandler) refers to stm32f0xx_exti.o(i.EXTI_GetITStatus) for EXTI_GetITStatus
[...]
    Removing system_stm32f0xx.o(.data), (20 bytes).
    Removing stm32f0xx_wwdg.o(.rev16_text), (4 bytes).
    Removing stm32f0xx_wwdg.o(.revsh_text), (4 bytes).
    Removing stm32f0xx_wwdg.o(i.WWDG_ClearFlag), (12 bytes).
    Removing stm32f0xx_wwdg.o(i.WWDG_DeInit), (22 bytes).
    Removing stm32f0xx_wwdg.o(i.WWDG_Enable), (16 bytes).
    Removing stm32f0xx_wwdg.o(i.WWDG_EnableIT), (16 bytes).
    Removing stm32f0xx_wwdg.o(i.WWDG_GetFlagStatus), (20 bytes).
    Removing stm32f0xx_wwdg.o(i.WWDG_SetCounter), (16 bytes).
    Removing stm32f0xx_wwdg.o(i.WWDG_SetPrescaler), (20 bytes).
    Removing stm32f0xx_wwdg.o(i.WWDG_SetWindowValue), (32 bytes).
    Removing stm32f0xx_usart.o(.rev16_text), (4 bytes).
    Removing stm32f0xx_usart.o(.revsh_text), (4 bytes).
    Removing stm32f0xx_usart.o(i.USART_AddressDetectionConfig), (16 bytes).
    Removing stm32f0xx_usart.o(i.USART_AutoBaudRateCmd), (24 bytes).
    Removing stm32f0xx_usart.o(i.USART_AutoBaudRateConfig), (18 bytes).
    Removing stm32f0xx_usart.o(i.USART_ClockInit), (30 bytes).
    Removing stm32f0xx_usart.o(i.USART_ClockStructInit), (12 bytes).
    Removing stm32f0xx_usart.o(i.USART_DECmd), (24 bytes).
    Removing stm32f0xx_usart.o(i.USART_DEPolarityConfig), (18 bytes).
    Removing stm32f0xx_usart.o(i.USART_DMACmd), (20 bytes).
    Removing stm32f0xx_usart.o(i.USART_DMAReceptionErrorConfig), (18 bytes).
    Removing stm32f0xx_usart.o(i.USART_DataInvCmd), (24 bytes).
    Removing stm32f0xx_usart.o(i.USART_DeInit), (236 bytes).
    Removing stm32f0xx_usart.o(i.USART_HalfDuplexCmd), (22 bytes).
    Removing stm32f0xx_usart.o(i.USART_InvPinCmd), (20 bytes).
    Removing stm32f0xx_usart.o(i.USART_IrDACmd), (22 bytes).
    Removing stm32f0xx_usart.o(i.USART_IrDAConfig), (16 bytes).
    Removing stm32f0xx_usart.o(i.USART_LINBreakDetectLengthConfig), (16 bytes).
    Removing stm32f0xx_usart.o(i.USART_LINCmd), (24 bytes).
    Removing stm32f0xx_usart.o(i.USART_MSBFirstCmd), (24 bytes).
    Removing stm32f0xx_usart.o(i.USART_MuteModeCmd), (24 bytes).
    Removing stm32f0xx_usart.o(i.USART_MuteModeWakeUpConfig), (18 bytes).
    Removing stm32f0xx_usart.o(i.USART_OneBitMethodCmd), (24 bytes).
    Removing stm32f0xx_usart.o(i.USART_OverSampling8Cmd), (24 bytes).
    Removing stm32f0xx_usart.o(i.USART_OverrunDetectionConfig), (18 bytes).
    Removing stm32f0xx_usart.o(i.USART_ReceiverTimeOutCmd), (24 bytes).
    Removing stm32f0xx_usart.o(i.USART_STOPModeCmd), (22 bytes).
    Removing stm32f0xx_usart.o(i.USART_SWAPPinCmd), (24 bytes).
    Removing stm32f0xx_usart.o(i.USART_SendData), (8 bytes).
    Removing stm32f0xx_usart.o(i.USART_SetAddress), (18 bytes).
    Removing stm32f0xx_usart.o(i.USART_SetAutoRetryCount), (20 bytes).
    Removing stm32f0xx_usart.o(i.USART_SetBlockLength), (18 bytes).
    Removing stm32f0xx_usart.o(i.USART_SetDEAssertionTime), (20 bytes).
    Removing stm32f0xx_usart.o(i.USART_SetDEDeassertionTime), (20 bytes).
    Removing stm32f0xx_usart.o(i.USART_SetGuardTime), (16 bytes).
    Removing stm32f0xx_usart.o(i.USART_SetPrescaler), (16 bytes).
    Removing stm32f0xx_usart.o(i.USART_SetReceiverTimeOut), (16 bytes).
    Removing stm32f0xx_usart.o(i.USART_SmartCardCmd), (22 bytes).
    Removing stm32f0xx_usart.o(i.USART_SmartCardNACKCmd), (22 bytes).
    Removing stm32f0xx_usart.o(i.USART_StopModeWakeUpSourceConfig), (18 bytes).
    Removing stm32f0xx_usart.o(i.USART_StructInit), (22 bytes).
    Removing stm32f0xx_tim.o(.rev16_text), (4 bytes).
    Removing stm32f0xx_tim.o(.revsh_text), (4 bytes).
    Removing stm32f0xx_tim.o(i.TI1_Config), (40 bytes).
    Removing stm32f0xx_tim.o(i.TI2_Config), (48 bytes).
    Removing stm32f0xx_tim.o(i.TI3_Config), (52 bytes).
    Removing stm32f0xx_tim.o(i.TI4_Config), (60 bytes).
    Removing stm32f0xx_tim.o(i.TIM_ARRPreloadConfig), (22 bytes).
    Removing stm32f0xx_tim.o(i.TIM_BDTRConfig), (34 bytes).
    Removing stm32f0xx_tim.o(i.TIM_BDTRStructInit), (18 bytes).
    Removing stm32f0xx_tim.o(i.TIM_CCPreloadControl), (24 bytes).
    Removing stm32f0xx_tim.o(i.TIM_CCxCmd), (22 bytes).
    Removing stm32f0xx_tim.o(i.TIM_CCxNCmd), (22 bytes).
    Removing stm32f0xx_tim.o(i.TIM_ClearFlag), (6 bytes).
    Removing stm32f0xx_tim.o(i.TIM_ClearITPendingBit), (6 bytes).
    Removing stm32f0xx_tim.o(i.TIM_ClearOC1Ref), (12 bytes).
    Removing stm32f0xx_tim.o(i.TIM_ClearOC2Ref), (14 bytes).
    Removing stm32f0xx_tim.o(i.TIM_ClearOC3Ref), (12 bytes).
    Removing stm32f0xx_tim.o(i.TIM_ClearOC4Ref), (14 bytes).
    Removing stm32f0xx_tim.o(i.TIM_Cmd), (24 bytes).
    Removing stm32f0xx_tim.o(i.TIM_CounterModeConfig), (12 bytes).
    Removing stm32f0xx_tim.o(i.TIM_CtrlPWMOutputs), (28 bytes).
    Removing stm32f0xx_tim.o(i.TIM_DMACmd), (20 bytes).
    Removing stm32f0xx_tim.o(i.TIM_DMAConfig), (8 bytes).
    Removing stm32f0xx_tim.o(i.TIM_DeInit), (264 bytes).
    Removing stm32f0xx_tim.o(i.TIM_ETRClockMode1Config), (30 bytes).
    Removing stm32f0xx_tim.o(i.TIM_ETRClockMode2Config), (22 bytes).
    Removing stm32f0xx_tim.o(i.TIM_ETRConfig), (18 bytes).
    Removing stm32f0xx_tim.o(i.TIM_EncoderInterfaceConfig), (48 bytes).
    Removing stm32f0xx_tim.o(i.TIM_ForcedOC1Config), (12 bytes).
    Removing stm32f0xx_tim.o(i.TIM_ForcedOC2Config), (20 bytes).
    Removing stm32f0xx_tim.o(i.TIM_ForcedOC3Config), (12 bytes).
    Removing stm32f0xx_tim.o(i.TIM_ForcedOC4Config), (20 bytes).
    Removing stm32f0xx_tim.o(i.TIM_GenerateEvent), (4 bytes).
    Removing stm32f0xx_tim.o(i.TIM_GetCapture1), (4 bytes).
    Removing stm32f0xx_tim.o(i.TIM_GetCapture2), (4 bytes).
    Removing stm32f0xx_tim.o(i.TIM_GetCapture3), (4 bytes).
    Removing stm32f0xx_tim.o(i.TIM_GetCapture4), (4 bytes).
    Removing stm32f0xx_tim.o(i.TIM_GetCounter), (4 bytes).
    Removing stm32f0xx_tim.o(i.TIM_GetFlagStatus), (14 bytes).
    Removing stm32f0xx_tim.o(i.TIM_GetITStatus), (24 bytes).
    Removing stm32f0xx_tim.o(i.TIM_GetPrescaler), (4 bytes).
    Removing stm32f0xx_tim.o(i.TIM_ICInit), (90 bytes).
    Removing stm32f0xx_tim.o(i.TIM_ICStructInit), (16 bytes).
    Removing stm32f0xx_tim.o(i.TIM_ITConfig), (20 bytes).
    Removing stm32f0xx_tim.o(i.TIM_ITRxExternalClockConfig), (20 bytes).
    Removing stm32f0xx_tim.o(i.TIM_InternalClockConfig), (10 bytes).
    Removing stm32f0xx_tim.o(i.TIM_OC1FastConfig), (12 bytes).
    Removing stm32f0xx_tim.o(i.TIM_OC1Init), (132 bytes).
    Removing stm32f0xx_tim.o(i.TIM_OC1NPolarityConfig), (12 bytes).
    Removing stm32f0xx_tim.o(i.TIM_OC1PolarityConfig), (12 bytes).
    Removing stm32f0xx_tim.o(i.TIM_OC1PreloadConfig), (12 bytes).
    Removing stm32f0xx_tim.o(i.TIM_OC2FastConfig), (20 bytes).
    Removing stm32f0xx_tim.o(i.TIM_OC2Init), (152 bytes).
    Removing stm32f0xx_tim.o(i.TIM_OC2NPolarityConfig), (14 bytes).
    Removing stm32f0xx_tim.o(i.TIM_OC2PolarityConfig), (14 bytes).
    Removing stm32f0xx_tim.o(i.TIM_OC2PreloadConfig), (20 bytes).
    Removing stm32f0xx_tim.o(i.TIM_OC3FastConfig), (12 bytes).
    Removing stm32f0xx_tim.o(i.TIM_OC3Init), (144 bytes).
    Removing stm32f0xx_tim.o(i.TIM_OC3NPolarityConfig), (20 bytes).
    Removing stm32f0xx_tim.o(i.TIM_OC3PolarityConfig), (20 bytes).
    Removing stm32f0xx_tim.o(i.TIM_OC3PreloadConfig), (12 bytes).
    Removing stm32f0xx_tim.o(i.TIM_OC4FastConfig), (20 bytes).
    Removing stm32f0xx_tim.o(i.TIM_OC4Init), (108 bytes).
    Removing stm32f0xx_tim.o(i.TIM_OC4PolarityConfig), (20 bytes).
    Removing stm32f0xx_tim.o(i.TIM_OC4PreloadConfig), (20 bytes).
    Removing stm32f0xx_tim.o(i.TIM_OCStructInit), (20 bytes).
    Removing stm32f0xx_tim.o(i.TIM_PWMIConfig), (106 bytes).
    Removing stm32f0xx_tim.o(i.TIM_PrescalerConfig), (6 bytes).
    Removing stm32f0xx_tim.o(i.TIM_RemapConfig), (6 bytes).
    Removing stm32f0xx_tim.o(i.TIM_SelectCCDMA), (22 bytes).
    Removing stm32f0xx_tim.o(i.TIM_SelectCOM), (22 bytes).
    Removing stm32f0xx_tim.o(i.TIM_SelectHallSensor), (22 bytes).
    Removing stm32f0xx_tim.o(i.TIM_SelectInputTrigger), (12 bytes).
    Removing stm32f0xx_tim.o(i.TIM_SelectMasterSlaveMode), (16 bytes).
    Removing stm32f0xx_tim.o(i.TIM_SelectOCREFClear), (16 bytes).
    Removing stm32f0xx_tim.o(i.TIM_SelectOCxM), (74 bytes).
    Removing stm32f0xx_tim.o(i.TIM_SelectOnePulseMode), (16 bytes).
    Removing stm32f0xx_tim.o(i.TIM_SelectOutputTrigger), (16 bytes).
    Removing stm32f0xx_tim.o(i.TIM_SelectSlaveMode), (16 bytes).
    Removing stm32f0xx_tim.o(i.TIM_SetAutoreload), (4 bytes).
    Removing stm32f0xx_tim.o(i.TIM_SetClockDivision), (20 bytes).
    Removing stm32f0xx_tim.o(i.TIM_SetCompare1), (4 bytes).
    Removing stm32f0xx_tim.o(i.TIM_SetCompare2), (4 bytes).
    Removing stm32f0xx_tim.o(i.TIM_SetCompare3), (4 bytes).
    Removing stm32f0xx_tim.o(i.TIM_SetCompare4), (4 bytes).
    Removing stm32f0xx_tim.o(i.TIM_SetCounter), (4 bytes).
    Removing stm32f0xx_tim.o(i.TIM_SetIC1Prescaler), (16 bytes).
    Removing stm32f0xx_tim.o(i.TIM_SetIC2Prescaler), (24 bytes).
    Removing stm32f0xx_tim.o(i.TIM_SetIC3Prescaler), (16 bytes).
    Removing stm32f0xx_tim.o(i.TIM_SetIC4Prescaler), (24 bytes).
    Removing stm32f0xx_tim.o(i.TIM_TIxExternalClockConfig), (48 bytes).
    Removing stm32f0xx_tim.o(i.TIM_TimeBaseInit), (116 bytes).
    Removing stm32f0xx_tim.o(i.TIM_TimeBaseStructInit), (18 bytes).
    Removing stm32f0xx_tim.o(i.TIM_UpdateDisableConfig), (22 bytes).
    Removing stm32f0xx_tim.o(i.TIM_UpdateRequestConfig), (22 bytes).
    Removing stm32f0xx_syscfg.o(.rev16_text), (4 bytes).
    Removing stm32f0xx_syscfg.o(.revsh_text), (4 bytes).
    Removing stm32f0xx_syscfg.o(i.SYSCFG_BreakConfig), (16 bytes).
    Removing stm32f0xx_syscfg.o(i.SYSCFG_ClearFlag), (16 bytes).
    Removing stm32f0xx_syscfg.o(i.SYSCFG_DMAChannelRemapConfig), (28 bytes).
    Removing stm32f0xx_syscfg.o(i.SYSCFG_DeInit), (36 bytes).
    Removing stm32f0xx_syscfg.o(i.SYSCFG_EXTILineConfig), (40 bytes).
    Removing stm32f0xx_syscfg.o(i.SYSCFG_GetFlagStatus), (20 bytes).
    Removing stm32f0xx_syscfg.o(i.SYSCFG_GetPendingIT), (24 bytes).
    Removing stm32f0xx_syscfg.o(i.SYSCFG_I2CFastModePlusConfig), (28 bytes).
    Removing stm32f0xx_syscfg.o(i.SYSCFG_IRDAEnvSelection), (24 bytes).
    Removing stm32f0xx_syscfg.o(i.SYSCFG_MemoryRemapConfig), (20 bytes).
    Removing stm32f0xx_spi.o(.rev16_text), (4 bytes).
    Removing stm32f0xx_spi.o(.revsh_text), (4 bytes).
    Removing stm32f0xx_spi.o(i.I2S_Cmd), (32 bytes).
    Removing stm32f0xx_spi.o(i.I2S_Init), (168 bytes).
    Removing stm32f0xx_spi.o(i.I2S_StructInit), (18 bytes).
    Removing stm32f0xx_spi.o(i.SPI_BiDirectionalLineConfig), (32 bytes).
    Removing stm32f0xx_spi.o(i.SPI_CRCLengthConfig), (20 bytes).
    Removing stm32f0xx_spi.o(i.SPI_CalculateCRC), (32 bytes).
    Removing stm32f0xx_spi.o(i.SPI_Cmd), (22 bytes).
    Removing stm32f0xx_spi.o(i.SPI_DataSizeConfig), (16 bytes).
    Removing stm32f0xx_spi.o(i.SPI_GetCRC), (12 bytes).
    Removing stm32f0xx_spi.o(i.SPI_GetCRCPolynomial), (4 bytes).
    Removing stm32f0xx_spi.o(i.SPI_GetReceptionFIFOStatus), (10 bytes).
    Removing stm32f0xx_spi.o(i.SPI_GetTransmissionFIFOStatus), (10 bytes).
    Removing stm32f0xx_spi.o(i.SPI_I2S_ClearFlag), (6 bytes).
    Removing stm32f0xx_spi.o(i.SPI_I2S_DMACmd), (20 bytes).
    Removing stm32f0xx_spi.o(i.SPI_I2S_DeInit), (64 bytes).
    Removing stm32f0xx_spi.o(i.SPI_I2S_GetFlagStatus), (14 bytes).
    Removing stm32f0xx_spi.o(i.SPI_I2S_GetITStatus), (42 bytes).
    Removing stm32f0xx_spi.o(i.SPI_I2S_ITConfig), (28 bytes).
    Removing stm32f0xx_spi.o(i.SPI_I2S_ReceiveData16), (4 bytes).
    Removing stm32f0xx_spi.o(i.SPI_I2S_SendData16), (4 bytes).
    Removing stm32f0xx_spi.o(i.SPI_Init), (84 bytes).
    Removing stm32f0xx_spi.o(i.SPI_LastDMATransferCmd), (20 bytes).
    Removing stm32f0xx_spi.o(i.SPI_NSSInternalSoftwareConfig), (32 bytes).
    Removing stm32f0xx_spi.o(i.SPI_NSSPulseModeCmd), (22 bytes).
    Removing stm32f0xx_spi.o(i.SPI_ReceiveData8), (4 bytes).
    Removing stm32f0xx_spi.o(i.SPI_RxFIFOThresholdConfig), (20 bytes).
    Removing stm32f0xx_spi.o(i.SPI_SSOutputCmd), (22 bytes).
    Removing stm32f0xx_spi.o(i.SPI_SendData8), (4 bytes).
    Removing stm32f0xx_spi.o(i.SPI_StructInit), (28 bytes).
    Removing stm32f0xx_spi.o(i.SPI_TIModeCmd), (22 bytes).
    Removing stm32f0xx_spi.o(i.SPI_TransmitCRC), (12 bytes).
    Removing stm32f0xx_rtc.o(.rev16_text), (4 bytes).
    Removing stm32f0xx_rtc.o(.revsh_text), (4 bytes).
    Removing stm32f0xx_rtc.o(i.RTC_AlarmCmd), (84 bytes).
    Removing stm32f0xx_rtc.o(i.RTC_AlarmStructInit), (20 bytes).
    Removing stm32f0xx_rtc.o(i.RTC_AlarmSubSecondConfig), (32 bytes).
    Removing stm32f0xx_rtc.o(i.RTC_BypassShadowCmd), (44 bytes).
    Removing stm32f0xx_rtc.o(i.RTC_CalibOutputCmd), (44 bytes).
    Removing stm32f0xx_rtc.o(i.RTC_CalibOutputConfig), (36 bytes).
    Removing stm32f0xx_rtc.o(i.RTC_ClearFlag), (28 bytes).
    Removing stm32f0xx_rtc.o(i.RTC_DateStructInit), (14 bytes).
    Removing stm32f0xx_rtc.o(i.RTC_DayLightSavingConfig), (40 bytes).
    Removing stm32f0xx_rtc.o(i.RTC_DeInit), (92 bytes).
    Removing stm32f0xx_rtc.o(i.RTC_GetAlarm), (100 bytes).
    Removing stm32f0xx_rtc.o(i.RTC_GetAlarmSubSecond), (16 bytes).
    Removing stm32f0xx_rtc.o(i.RTC_GetDate), (76 bytes).
    Removing stm32f0xx_rtc.o(i.RTC_GetFlagStatus), (28 bytes).
    Removing stm32f0xx_rtc.o(i.RTC_GetStoreOperation), (16 bytes).
    Removing stm32f0xx_rtc.o(i.RTC_GetSubSecond), (12 bytes).
    Removing stm32f0xx_rtc.o(i.RTC_GetTime), (76 bytes).
    Removing stm32f0xx_rtc.o(i.RTC_GetTimeStamp), (132 bytes).
    Removing stm32f0xx_rtc.o(i.RTC_GetTimeStampSubSecond), (12 bytes).
    Removing stm32f0xx_rtc.o(i.RTC_GetWakeUpCounter), (12 bytes).
    Removing stm32f0xx_rtc.o(i.RTC_ITConfig), (64 bytes).
    Removing stm32f0xx_rtc.o(i.RTC_Init), (72 bytes).
    Removing stm32f0xx_rtc.o(i.RTC_OutputConfig), (40 bytes).
    Removing stm32f0xx_rtc.o(i.RTC_OutputTypeConfig), (24 bytes).
    Removing stm32f0xx_rtc.o(i.RTC_ReadBackupRegister), (20 bytes).
    Removing stm32f0xx_rtc.o(i.RTC_RefClockCmd), (64 bytes).
    Removing stm32f0xx_rtc.o(i.RTC_SetAlarm), (172 bytes).
    Removing stm32f0xx_rtc.o(i.RTC_SetDate), (164 bytes).
    Removing stm32f0xx_rtc.o(i.RTC_SetWakeUpCounter), (24 bytes).
    Removing stm32f0xx_rtc.o(i.RTC_SmoothCalibConfig), (64 bytes).
    Removing stm32f0xx_rtc.o(i.RTC_StructInit), (14 bytes).
    Removing stm32f0xx_rtc.o(i.RTC_SynchroShiftConfig), (84 bytes).
    Removing stm32f0xx_rtc.o(i.RTC_TamperCmd), (28 bytes).
    Removing stm32f0xx_rtc.o(i.RTC_TamperFilterConfig), (24 bytes).
    Removing stm32f0xx_rtc.o(i.RTC_TamperPinsPrechargeDuration), (24 bytes).
    Removing stm32f0xx_rtc.o(i.RTC_TamperPullUpCmd), (28 bytes).
    Removing stm32f0xx_rtc.o(i.RTC_TamperSamplingFreqConfig), (24 bytes).
    Removing stm32f0xx_rtc.o(i.RTC_TamperTriggerConfig), (28 bytes).
    Removing stm32f0xx_rtc.o(i.RTC_TimeStampCmd), (48 bytes).
    Removing stm32f0xx_rtc.o(i.RTC_TimeStampOnTamperDetectionCmd), (28 bytes).
    Removing stm32f0xx_rtc.o(i.RTC_TimeStructInit), (12 bytes).
    Removing stm32f0xx_rtc.o(i.RTC_WakeUpClockConfig), (36 bytes).
    Removing stm32f0xx_rtc.o(i.RTC_WakeUpCmd), (84 bytes).
    Removing stm32f0xx_rtc.o(i.RTC_WriteBackupRegister), (20 bytes).
    Removing stm32f0xx_rtc.o(i.RTC_WriteProtectionCmd), (28 bytes).
    Removing stm32f0xx_rcc.o(.rev16_text), (4 bytes).
    Removing stm32f0xx_rcc.o(.revsh_text), (4 bytes).
    Removing stm32f0xx_rcc.o(i.RCC_ADCCLKConfig), (44 bytes).
    Removing stm32f0xx_rcc.o(i.RCC_AHBPeriphResetCmd), (28 bytes).
    Removing stm32f0xx_rcc.o(i.RCC_APB1PeriphResetCmd), (28 bytes).
    Removing stm32f0xx_rcc.o(i.RCC_APB2PeriphClockCmd), (28 bytes).
    Removing stm32f0xx_rcc.o(i.RCC_APB2PeriphResetCmd), (28 bytes).
    Removing stm32f0xx_rcc.o(i.RCC_AdjustHSI14CalibrationValue), (20 bytes).
    Removing stm32f0xx_rcc.o(i.RCC_AdjustHSICalibrationValue), (20 bytes).
    Removing stm32f0xx_rcc.o(i.RCC_BackupResetCmd), (32 bytes).
    Removing stm32f0xx_rcc.o(i.RCC_CECCLKConfig), (24 bytes).
    Removing stm32f0xx_rcc.o(i.RCC_ClearFlag), (20 bytes).
    Removing stm32f0xx_rcc.o(i.RCC_ClearITPendingBit), (12 bytes).
    Removing stm32f0xx_rcc.o(i.RCC_ClockSecuritySystemCmd), (32 bytes).
    Removing stm32f0xx_rcc.o(i.RCC_DeInit), (92 bytes).
    Removing stm32f0xx_rcc.o(i.RCC_GetFlagStatus), (56 bytes).
    Removing stm32f0xx_rcc.o(i.RCC_GetITStatus), (20 bytes).
    Removing stm32f0xx_rcc.o(i.RCC_GetSYSCLKSource), (16 bytes).
    Removing stm32f0xx_rcc.o(i.RCC_HCLKConfig), (20 bytes).
    Removing stm32f0xx_rcc.o(i.RCC_HSEConfig), (16 bytes).
    Removing stm32f0xx_rcc.o(i.RCC_HSI14ADCRequestCmd), (28 bytes).
    Removing stm32f0xx_rcc.o(i.RCC_HSI14Cmd), (32 bytes).
    Removing stm32f0xx_rcc.o(i.RCC_HSI48Cmd), (32 bytes).
    Removing stm32f0xx_rcc.o(i.RCC_HSICmd), (32 bytes).
    Removing stm32f0xx_rcc.o(i.RCC_I2CCLKConfig), (24 bytes).
    Removing stm32f0xx_rcc.o(i.RCC_ITConfig), (28 bytes).
    Removing stm32f0xx_rcc.o(i.RCC_LSEConfig), (32 bytes).
    Removing stm32f0xx_rcc.o(i.RCC_LSEDriveConfig), (24 bytes).
    Removing stm32f0xx_rcc.o(i.RCC_LSICmd), (32 bytes).
    Removing stm32f0xx_rcc.o(i.RCC_MCOConfig), (24 bytes).
    Removing stm32f0xx_rcc.o(i.RCC_PCLKConfig), (20 bytes).
    Removing stm32f0xx_rcc.o(i.RCC_PLLCmd), (32 bytes).
    Removing stm32f0xx_rcc.o(i.RCC_PLLConfig), (28 bytes).
    Removing stm32f0xx_rcc.o(i.RCC_PREDIV1Config), (20 bytes).
    Removing stm32f0xx_rcc.o(i.RCC_RTCCLKCmd), (32 bytes).
    Removing stm32f0xx_rcc.o(i.RCC_RTCCLKConfig), (16 bytes).
    Removing stm32f0xx_rcc.o(i.RCC_SYSCLKConfig), (20 bytes).
    Removing stm32f0xx_rcc.o(i.RCC_USARTCLKConfig), (56 bytes).
    Removing stm32f0xx_rcc.o(i.RCC_USBCLKConfig), (24 bytes).
    Removing stm32f0xx_rcc.o(i.RCC_WaitForHSEStartUp), (50 bytes).
    Removing stm32f0xx_pwr.o(.rev16_text), (4 bytes).
    Removing stm32f0xx_pwr.o(.revsh_text), (4 bytes).
    Removing stm32f0xx_pwr.o(i.PWR_BackupAccessCmd), (28 bytes).
    Removing stm32f0xx_pwr.o(i.PWR_ClearFlag), (16 bytes).
    Removing stm32f0xx_pwr.o(i.PWR_DeInit), (22 bytes).
    Removing stm32f0xx_pwr.o(i.PWR_EnterSTANDBYMode), (32 bytes).
    Removing stm32f0xx_pwr.o(i.PWR_EnterSTOPMode), (68 bytes).
    Removing stm32f0xx_pwr.o(i.PWR_EnterSleepMode), (32 bytes).
    Removing stm32f0xx_pwr.o(i.PWR_GetFlagStatus), (20 bytes).
    Removing stm32f0xx_pwr.o(i.PWR_PVDCmd), (28 bytes).
    Removing stm32f0xx_pwr.o(i.PWR_PVDLevelConfig), (20 bytes).
    Removing stm32f0xx_pwr.o(i.PWR_WakeUpPinCmd), (28 bytes).
    Removing stm32f0xx_misc.o(.rev16_text), (4 bytes).
    Removing stm32f0xx_misc.o(.revsh_text), (4 bytes).
    Removing stm32f0xx_misc.o(i.NVIC_SystemLPConfig), (28 bytes).
    Removing stm32f0xx_misc.o(i.SysTick_CLKSourceConfig), (28 bytes).
    Removing stm32f0xx_iwdg.o(.rev16_text), (4 bytes).
    Removing stm32f0xx_iwdg.o(.revsh_text), (4 bytes).
    Removing stm32f0xx_iwdg.o(i.IWDG_Enable), (16 bytes).
    Removing stm32f0xx_iwdg.o(i.IWDG_GetFlagStatus), (20 bytes).
    Removing stm32f0xx_iwdg.o(i.IWDG_ReloadCounter), (16 bytes).
    Removing stm32f0xx_iwdg.o(i.IWDG_SetPrescaler), (12 bytes).
    Removing stm32f0xx_iwdg.o(i.IWDG_SetReload), (12 bytes).
    Removing stm32f0xx_iwdg.o(i.IWDG_SetWindowValue), (12 bytes).
    Removing stm32f0xx_iwdg.o(i.IWDG_WriteAccessCmd), (12 bytes).
    Removing stm32f0xx_i2c.o(.rev16_text), (4 bytes).
    Removing stm32f0xx_i2c.o(.revsh_text), (4 bytes).
    Removing stm32f0xx_i2c.o(i.I2C_10BitAddressHeaderCmd), (24 bytes).
    Removing stm32f0xx_i2c.o(i.I2C_10BitAddressingModeCmd), (24 bytes).
    Removing stm32f0xx_i2c.o(i.I2C_AcknowledgeConfig), (24 bytes).
    Removing stm32f0xx_i2c.o(i.I2C_AutoEndCmd), (24 bytes).
    Removing stm32f0xx_i2c.o(i.I2C_CalculatePEC), (24 bytes).
    Removing stm32f0xx_i2c.o(i.I2C_ClearFlag), (4 bytes).
    Removing stm32f0xx_i2c.o(i.I2C_ClearITPendingBit), (4 bytes).
    Removing stm32f0xx_i2c.o(i.I2C_ClockTimeoutCmd), (24 bytes).
    Removing stm32f0xx_i2c.o(i.I2C_Cmd), (24 bytes).
    Removing stm32f0xx_i2c.o(i.I2C_DMACmd), (20 bytes).
    Removing stm32f0xx_i2c.o(i.I2C_DeInit), (52 bytes).
    Removing stm32f0xx_i2c.o(i.I2C_DualAddressCmd), (24 bytes).
    Removing stm32f0xx_i2c.o(i.I2C_ExtendedClockTimeoutCmd), (26 bytes).
    Removing stm32f0xx_i2c.o(i.I2C_GeneralCallCmd), (24 bytes).
    Removing stm32f0xx_i2c.o(i.I2C_GenerateSTART), (24 bytes).
    Removing stm32f0xx_i2c.o(i.I2C_GenerateSTOP), (24 bytes).
    Removing stm32f0xx_i2c.o(i.I2C_GetAddressMatched), (10 bytes).
    Removing stm32f0xx_i2c.o(i.I2C_GetFlagStatus), (16 bytes).
    Removing stm32f0xx_i2c.o(i.I2C_GetITStatus), (54 bytes).
    Removing stm32f0xx_i2c.o(i.I2C_GetPEC), (6 bytes).
    Removing stm32f0xx_i2c.o(i.I2C_GetTransferDirection), (20 bytes).
    Removing stm32f0xx_i2c.o(i.I2C_ITConfig), (20 bytes).
    Removing stm32f0xx_i2c.o(i.I2C_IdleClockTimeoutCmd), (24 bytes).
    Removing stm32f0xx_i2c.o(i.I2C_Init), (100 bytes).
    Removing stm32f0xx_i2c.o(i.I2C_MasterRequestConfig), (24 bytes).
    Removing stm32f0xx_i2c.o(i.I2C_NumberOfBytesConfig), (16 bytes).
    Removing stm32f0xx_i2c.o(i.I2C_OwnAddress2Config), (28 bytes).
    Removing stm32f0xx_i2c.o(i.I2C_PECRequestCmd), (24 bytes).
    Removing stm32f0xx_i2c.o(i.I2C_ReadRegister), (16 bytes).
    Removing stm32f0xx_i2c.o(i.I2C_ReceiveData), (6 bytes).
    Removing stm32f0xx_i2c.o(i.I2C_ReloadCmd), (24 bytes).
    Removing stm32f0xx_i2c.o(i.I2C_SMBusAlertCmd), (24 bytes).
    Removing stm32f0xx_i2c.o(i.I2C_SendData), (4 bytes).
    Removing stm32f0xx_i2c.o(i.I2C_SlaveAddressConfig), (16 bytes).
    Removing stm32f0xx_i2c.o(i.I2C_SlaveByteControlCmd), (24 bytes).
    Removing stm32f0xx_i2c.o(i.I2C_SoftwareResetCmd), (20 bytes).
    Removing stm32f0xx_i2c.o(i.I2C_StopModeCmd), (24 bytes).
    Removing stm32f0xx_i2c.o(i.I2C_StretchClockCmd), (24 bytes).
    Removing stm32f0xx_i2c.o(i.I2C_StructInit), (22 bytes).
    Removing stm32f0xx_i2c.o(i.I2C_TimeoutAConfig), (16 bytes).
    Removing stm32f0xx_i2c.o(i.I2C_TimeoutBConfig), (20 bytes).
    Removing stm32f0xx_i2c.o(i.I2C_TransferHandling), (32 bytes).
    Removing stm32f0xx_gpio.o(.rev16_text), (4 bytes).
    Removing stm32f0xx_gpio.o(.revsh_text), (4 bytes).
    Removing stm32f0xx_gpio.o(i.GPIO_DeInit), (180 bytes).
    Removing stm32f0xx_gpio.o(i.GPIO_PinLockConfig), (28 bytes).
    Removing stm32f0xx_gpio.o(i.GPIO_ReadInputData), (4 bytes).
    Removing stm32f0xx_gpio.o(i.GPIO_ReadOutputData), (4 bytes).
    Removing stm32f0xx_gpio.o(i.GPIO_ReadOutputDataBit), (14 bytes).
    Removing stm32f0xx_gpio.o(i.GPIO_StructInit), (24 bytes).
    Removing stm32f0xx_gpio.o(i.GPIO_Write), (4 bytes).
    Removing stm32f0xx_gpio.o(i.GPIO_WriteBit), (12 bytes).
    Removing stm32f0xx_flash.o(.rev16_text), (4 bytes).
    Removing stm32f0xx_flash.o(.revsh_text), (4 bytes).
    Removing stm32f0xx_flash.o(i.FLASH_EraseAllPages), (52 bytes).
    Removing stm32f0xx_flash.o(i.FLASH_GetFlagStatus), (20 bytes).
    Removing stm32f0xx_flash.o(i.FLASH_GetPrefetchBufferStatus), (20 bytes).
    Removing stm32f0xx_flash.o(i.FLASH_ITConfig), (28 bytes).
    Removing stm32f0xx_flash.o(i.FLASH_OB_BOOT0Config), (64 bytes).
    Removing stm32f0xx_flash.o(i.FLASH_OB_BOOT0SWConfig), (64 bytes).
    Removing stm32f0xx_flash.o(i.FLASH_OB_BOOTConfig), (64 bytes).
    Removing stm32f0xx_flash.o(i.FLASH_OB_EnableWRP), (140 bytes).
    Removing stm32f0xx_flash.o(i.FLASH_OB_Erase), (116 bytes).
    Removing stm32f0xx_flash.o(i.FLASH_OB_GetRDP), (20 bytes).
    Removing stm32f0xx_flash.o(i.FLASH_OB_GetUser), (16 bytes).
    Removing stm32f0xx_flash.o(i.FLASH_OB_GetWRP), (12 bytes).
    Removing stm32f0xx_flash.o(i.FLASH_OB_Launch), (20 bytes).
    Removing stm32f0xx_flash.o(i.FLASH_OB_Lock), (16 bytes).
    Removing stm32f0xx_flash.o(i.FLASH_OB_ProgramData), (56 bytes).
    Removing stm32f0xx_flash.o(i.FLASH_OB_RDPConfig), (104 bytes).
    Removing stm32f0xx_flash.o(i.FLASH_OB_SRAMParityConfig), (64 bytes).
    Removing stm32f0xx_flash.o(i.FLASH_OB_Unlock), (32 bytes).
    Removing stm32f0xx_flash.o(i.FLASH_OB_UserConfig), (72 bytes).
    Removing stm32f0xx_flash.o(i.FLASH_OB_VDDAConfig), (64 bytes).
    Removing stm32f0xx_flash.o(i.FLASH_OB_WriteUser), (60 bytes).
    Removing stm32f0xx_flash.o(i.FLASH_PrefetchBufferCmd), (28 bytes).
    Removing stm32f0xx_flash.o(i.FLASH_ProgramHalfWord), (52 bytes).
    Removing stm32f0xx_flash.o(i.FLASH_SetLatency), (20 bytes).
    Removing stm32f0xx_exti.o(.rev16_text), (4 bytes).
    Removing stm32f0xx_exti.o(.revsh_text), (4 bytes).
    Removing stm32f0xx_exti.o(i.EXTI_DeInit), (32 bytes).
    Removing stm32f0xx_exti.o(i.EXTI_GenerateSWInterrupt), (16 bytes).
    Removing stm32f0xx_exti.o(i.EXTI_GetFlagStatus), (20 bytes).
    Removing stm32f0xx_exti.o(i.EXTI_Init), (108 bytes).
    Removing stm32f0xx_exti.o(i.EXTI_StructInit), (14 bytes).
    Removing stm32f0xx_dma.o(.rev16_text), (4 bytes).
    Removing stm32f0xx_dma.o(.revsh_text), (4 bytes).
    Removing stm32f0xx_dma.o(i.DMA_ClearFlag), (24 bytes).
    Removing stm32f0xx_dma.o(i.DMA_Cmd), (28 bytes).
    Removing stm32f0xx_dma.o(i.DMA_DeInit), (252 bytes).
    Removing stm32f0xx_dma.o(i.DMA_GetCurrDataCounter), (6 bytes).
    Removing stm32f0xx_dma.o(i.DMA_GetFlagStatus), (36 bytes).
    Removing stm32f0xx_dma.o(i.DMA_ITConfig), (20 bytes).
    Removing stm32f0xx_dma.o(i.DMA_Init), (60 bytes).
    Removing stm32f0xx_dma.o(i.DMA_RemapConfig), (36 bytes).
    Removing stm32f0xx_dma.o(i.DMA_SetCurrDataCounter), (4 bytes).
    Removing stm32f0xx_dma.o(i.DMA_StructInit), (26 bytes).
    Removing stm32f0xx_dbgmcu.o(.rev16_text), (4 bytes).
    Removing stm32f0xx_dbgmcu.o(.revsh_text), (4 bytes).
    Removing stm32f0xx_dbgmcu.o(i.DBGMCU_APB1PeriphConfig), (28 bytes).
    Removing stm32f0xx_dbgmcu.o(i.DBGMCU_APB2PeriphConfig), (28 bytes).
    Removing stm32f0xx_dbgmcu.o(i.DBGMCU_Config), (28 bytes).
    Removing stm32f0xx_dbgmcu.o(i.DBGMCU_GetDEVID), (16 bytes).
    Removing stm32f0xx_dbgmcu.o(i.DBGMCU_GetREVID), (12 bytes).
    Removing stm32f0xx_adc.o(.rev16_text), (4 bytes).
    Removing stm32f0xx_adc.o(.revsh_text), (4 bytes).
    Removing stm32f0xx_adc.o(i.ADC_AnalogWatchdogCmd), (24 bytes).
    Removing stm32f0xx_adc.o(i.ADC_AnalogWatchdogSingleChannelCmd), (24 bytes).
    Removing stm32f0xx_adc.o(i.ADC_AnalogWatchdogSingleChannelConfig), (14 bytes).
    Removing stm32f0xx_adc.o(i.ADC_AnalogWatchdogThresholdsConfig), (8 bytes).
    Removing stm32f0xx_adc.o(i.ADC_AutoPowerOffCmd), (24 bytes).
    Removing stm32f0xx_adc.o(i.ADC_ChannelConfig), (10 bytes).
    Removing stm32f0xx_adc.o(i.ADC_ClearFlag), (4 bytes).
    Removing stm32f0xx_adc.o(i.ADC_ClearITPendingBit), (4 bytes).
    Removing stm32f0xx_adc.o(i.ADC_ClockModeConfig), (4 bytes).
    Removing stm32f0xx_adc.o(i.ADC_Cmd), (24 bytes).
    Removing stm32f0xx_adc.o(i.ADC_ContinuousModeCmd), (24 bytes).
    Removing stm32f0xx_adc.o(i.ADC_DMACmd), (24 bytes).
    Removing stm32f0xx_adc.o(i.ADC_DMARequestModeConfig), (16 bytes).
    Removing stm32f0xx_adc.o(i.ADC_DeInit), (32 bytes).
    Removing stm32f0xx_adc.o(i.ADC_DiscModeCmd), (24 bytes).
    Removing stm32f0xx_adc.o(i.ADC_GetCalibrationFactor), (46 bytes).
    Removing stm32f0xx_adc.o(i.ADC_GetConversionValue), (6 bytes).
    Removing stm32f0xx_adc.o(i.ADC_GetFlagStatus), (28 bytes).
    Removing stm32f0xx_adc.o(i.ADC_GetITStatus), (22 bytes).
    Removing stm32f0xx_adc.o(i.ADC_ITConfig), (20 bytes).
    Removing stm32f0xx_adc.o(i.ADC_Init), (44 bytes).
    Removing stm32f0xx_adc.o(i.ADC_JitterCmd), (20 bytes).
    Removing stm32f0xx_adc.o(i.ADC_OverrunModeCmd), (24 bytes).
    Removing stm32f0xx_adc.o(i.ADC_StartOfConversion), (10 bytes).
    Removing stm32f0xx_adc.o(i.ADC_StopOfConversion), (10 bytes).
    Removing stm32f0xx_adc.o(i.ADC_StructInit), (16 bytes).
    Removing stm32f0xx_adc.o(i.ADC_TempSensorCmd), (32 bytes).
    Removing stm32f0xx_adc.o(i.ADC_VbatCmd), (32 bytes).
    Removing stm32f0xx_adc.o(i.ADC_VrefintCmd), (32 bytes).
    Removing stm32f0xx_adc.o(i.ADC_WaitModeCmd), (24 bytes).
    Removing startup_stm32f030xc.o(HEAP), (512 bytes).
    Removing dadd.o(.text), (356 bytes).
    Removing dmul.o(.text), (208 bytes).
    Removing dflti.o(.text), (40 bytes).
    Removing dfixi.o(.text), (72 bytes).

499 unused section(s) (total 16672 bytes) removed from the image.

==============================================================================

Image Symbol Table

    Local Symbols

    Symbol Name                              Value     Ov Type        Size  Object(Section)

    ../clib/microlib/ctype/toupper.c         0x00000000   Number         0  toupper.o ABSOLUTE
    ../clib/microlib/division.c              0x00000000   Number         0  idiv.o ABSOLUTE
    ../clib/microlib/division.c              0x00000000   Number         0  uidiv.o ABSOLUTE
    ../clib/microlib/init/entry.s            0x00000000   Number         0  entry8a.o ABSOLUTE
    ../clib/microlib/init/entry.s            0x00000000   Number         0  entry7b.o ABSOLUTE
    ../clib/microlib/init/entry.s            0x00000000   Number         0  entry7a.o ABSOLUTE
    ../clib/microlib/init/entry.s            0x00000000   Number         0  entry.o ABSOLUTE
    ../clib/microlib/init/entry.s            0x00000000   Number         0  entry2.o ABSOLUTE
    ../clib/microlib/init/entry.s            0x00000000   Number         0  entry8b.o ABSOLUTE
    ../clib/microlib/init/entry.s            0x00000000   Number         0  entry11b.o ABSOLUTE
    ../clib/microlib/init/entry.s            0x00000000   Number         0  entry9a.o ABSOLUTE
    ../clib/microlib/init/entry.s            0x00000000   Number         0  entry9b.o ABSOLUTE
    ../clib/microlib/init/entry.s            0x00000000   Number         0  entry10a.o ABSOLUTE
    ../clib/microlib/init/entry.s            0x00000000   Number         0  entry10b.o ABSOLUTE
    ../clib/microlib/init/entry.s            0x00000000   Number         0  entry11a.o ABSOLUTE
    ../clib/microlib/init/entry.s            0x00000000   Number         0  entry5.o ABSOLUTE
    ../clib/microlib/longlong.c              0x00000000   Number         0  llsshr.o ABSOLUTE
    ../clib/microlib/longlong.c              0x00000000   Number         0  llshl.o ABSOLUTE
    ../clib/microlib/longlong.c              0x00000000   Number         0  llushr.o ABSOLUTE
    ../clib/microlib/string/memcmp.c         0x00000000   Number         0  memcmp.o ABSOLUTE
    ../clib/microlib/string/memcpy.c         0x00000000   Number         0  memcpyb.o ABSOLUTE
    ../clib/microlib/string/memcpy.c         0x00000000   Number         0  memcpya.o ABSOLUTE
    ../clib/microlib/string/memset.c         0x00000000   Number         0  memseta.o ABSOLUTE
    ../clib/microlib/string/strlen.c         0x00000000   Number         0  strlen.o ABSOLUTE
    ../clib/microlib/stubs.s                 0x00000000   Number         0  iusefp.o ABSOLUTE
    ../fplib/microlib/fpadd.c                0x00000000   Number         0  dadd.o ABSOLUTE
    ../fplib/microlib/fpdiv.c                0x00000000   Number         0  ddiv.o ABSOLUTE
    ../fplib/microlib/fpepilogue.c           0x00000000   Number         0  depilogue.o ABSOLUTE
    ../fplib/microlib/fpfix.c                0x00000000   Number         0  dfixui.o ABSOLUTE
    ../fplib/microlib/fpfix.c                0x00000000   Number         0  dfixi.o ABSOLUTE
    ../fplib/microlib/fpflt.c                0x00000000   Number         0  dfltui.o ABSOLUTE
    ../fplib/microlib/fpflt.c                0x00000000   Number         0  dflti.o ABSOLUTE
    ../fplib/microlib/fpmul.c                0x00000000   Number         0  dmul.o ABSOLUTE
    ..\Lib\src\startup_stm32f030xc.s         0x00000000   Number         0  startup_stm32f030xc.o ABSOLUTE
    ..\Lib\src\stm32f0xx_adc.c               0x00000000   Number         0  stm32f0xx_adc.o ABSOLUTE
    ..\Lib\src\stm32f0xx_dbgmcu.c            0x00000000   Number         0  stm32f0xx_dbgmcu.o ABSOLUTE
    ..\Lib\src\stm32f0xx_dma.c               0x00000000   Number         0  stm32f0xx_dma.o ABSOLUTE
    ..\Lib\src\stm32f0xx_exti.c              0x00000000   Number         0  stm32f0xx_exti.o ABSOLUTE
    ..\Lib\src\stm32f0xx_flash.c             0x00000000   Number         0  stm32f0xx_flash.o ABSOLUTE
    ..\Lib\src\stm32f0xx_gpio.c              0x00000000   Number         0  stm32f0xx_gpio.o ABSOLUTE
    ..\Lib\src\stm32f0xx_i2c.c               0x00000000   Number         0  stm32f0xx_i2c.o ABSOLUTE
    ..\Lib\src\stm32f0xx_iwdg.c              0x00000000   Number         0  stm32f0xx_iwdg.o ABSOLUTE
    ..\Lib\src\stm32f0xx_misc.c              0x00000000   Number         0  stm32f0xx_misc.o ABSOLUTE
    ..\Lib\src\stm32f0xx_pwr.c               0x00000000   Number         0  stm32f0xx_pwr.o ABSOLUTE
    ..\Lib\src\stm32f0xx_rcc.c               0x00000000   Number         0  stm32f0xx_rcc.o ABSOLUTE
    ..\Lib\src\stm32f0xx_rtc.c               0x00000000   Number         0  stm32f0xx_rtc.o ABSOLUTE
    ..\Lib\src\stm32f0xx_spi.c               0x00000000   Number         0  stm32f0xx_spi.o ABSOLUTE
    ..\Lib\src\stm32f0xx_syscfg.c            0x00000000   Number         0  stm32f0xx_syscfg.o ABSOLUTE
    ..\Lib\src\stm32f0xx_tim.c               0x00000000   Number         0  stm32f0xx_tim.o ABSOLUTE
    ..\Lib\src\stm32f0xx_usart.c             0x00000000   Number         0  stm32f0xx_usart.o ABSOLUTE
    ..\Lib\src\stm32f0xx_wwdg.c              0x00000000   Number         0  stm32f0xx_wwdg.o ABSOLUTE
    ..\Lib\src\system_stm32f0xx.c            0x00000000   Number         0  system_stm32f0xx.o ABSOLUTE
    ..\Src\app\device.c                      0x00000000   Number         0  device.o ABSOLUTE
    ..\Src\app\my_string.c                   0x00000000   Number         0  my_string.o ABSOLUTE
    ..\Src\drv\GT21L16S2Y.C                  0x00000000   Number         0  gt21l16s2y.o ABSOLUTE
    ..\Src\drv\flash.c                       0x00000000   Number         0  flash.o ABSOLUTE
    ..\Src\drv\nv3021.c                      0x00000000   Number         0  nv3021.o ABSOLUTE
    ..\Src\drv\poc.c                         0x00000000   Number         0  poc.o ABSOLUTE
    ..\Src\drv\uart.c                        0x00000000   Number         0  uart.o ABSOLUTE
    ..\Src\drv_595.c                         0x00000000   Number         0  drv_595.o ABSOLUTE
    ..\Src\usr\main.c                        0x00000000   Number         0  main.o ABSOLUTE
    ..\Src\usr\stm32f0xx_it.c                0x00000000   Number         0  stm32f0xx_it.o ABSOLUTE
    ..\\Lib\\src\\stm32f0xx_adc.c            0x00000000   Number         0  stm32f0xx_adc.o ABSOLUTE
    ..\\Lib\\src\\stm32f0xx_dbgmcu.c         0x00000000   Number         0  stm32f0xx_dbgmcu.o ABSOLUTE
    ..\\Lib\\src\\stm32f0xx_dma.c            0x00000000   Number         0  stm32f0xx_dma.o ABSOLUTE
    ..\\Lib\\src\\stm32f0xx_exti.c           0x00000000   Number         0  stm32f0xx_exti.o ABSOLUTE
    ..\\Lib\\src\\stm32f0xx_flash.c          0x00000000   Number         0  stm32f0xx_flash.o ABSOLUTE
    ..\\Lib\\src\\stm32f0xx_gpio.c           0x00000000   Number         0  stm32f0xx_gpio.o ABSOLUTE
    ..\\Lib\\src\\stm32f0xx_i2c.c            0x00000000   Number         0  stm32f0xx_i2c.o ABSOLUTE
    ..\\Lib\\src\\stm32f0xx_iwdg.c           0x00000000   Number         0  stm32f0xx_iwdg.o ABSOLUTE
    ..\\Lib\\src\\stm32f0xx_misc.c           0x00000000   Number         0  stm32f0xx_misc.o ABSOLUTE
    ..\\Lib\\src\\stm32f0xx_pwr.c            0x00000000   Number         0  stm32f0xx_pwr.o ABSOLUTE
    ..\\Lib\\src\\stm32f0xx_rcc.c            0x00000000   Number         0  stm32f0xx_rcc.o ABSOLUTE
    ..\\Lib\\src\\stm32f0xx_rtc.c            0x00000000   Number         0  stm32f0xx_rtc.o ABSOLUTE
    ..\\Lib\\src\\stm32f0xx_spi.c            0x00000000   Number         0  stm32f0xx_spi.o ABSOLUTE
    ..\\Lib\\src\\stm32f0xx_syscfg.c         0x00000000   Number         0  stm32f0xx_syscfg.o ABSOLUTE
    ..\\Lib\\src\\stm32f0xx_tim.c            0x00000000   Number         0  stm32f0xx_tim.o ABSOLUTE
    ..\\Lib\\src\\stm32f0xx_usart.c          0x00000000   Number         0  stm32f0xx_usart.o ABSOLUTE
    ..\\Lib\\src\\stm32f0xx_wwdg.c           0x00000000   Number         0  stm32f0xx_wwdg.o ABSOLUTE
    ..\\Lib\\src\\system_stm32f0xx.c         0x00000000   Number         0  system_stm32f0xx.o ABSOLUTE
    ..\\Src\\app\\device.c                   0x00000000   Number         0  device.o ABSOLUTE
    ..\\Src\\app\\my_string.c                0x00000000   Number         0  my_string.o ABSOLUTE
    ..\\Src\\drv\\GT21L16S2Y.C               0x00000000   Number         0  gt21l16s2y.o ABSOLUTE
    ..\\Src\\drv\\flash.c                    0x00000000   Number         0  flash.o ABSOLUTE
    ..\\Src\\drv\\nv3021.c                   0x00000000   Number         0  nv3021.o ABSOLUTE
    ..\\Src\\drv\\poc.c                      0x00000000   Number         0  poc.o ABSOLUTE
    ..\\Src\\drv\\uart.c                     0x00000000   Number         0  uart.o ABSOLUTE
    ..\\Src\\drv_595.c                       0x00000000   Number         0  drv_595.o ABSOLUTE
    ..\\Src\\usr\\main.c                     0x00000000   Number         0  main.o ABSOLUTE
    ..\\Src\\usr\\stm32f0xx_it.c             0x00000000   Number         0  stm32f0xx_it.o ABSOLUTE
    dc.s                                     0x00000000   Number         0  dc.o ABSOLUTE
    handlers.s                               0x00000000   Number         0  handlers.o ABSOLUTE
    init.s                                   0x00000000   Number         0  init.o ABSOLUTE
    RESET                                    0x08000000   Section      184  startup_stm32f030xc.o(RESET)
    .ARM.Collect$$$$00000000                 0x080000b8   Section        0  entry.o(.ARM.Collect$$$$00000000)
    .ARM.Collect$$$$00000001                 0x080000b8   Section        4  entry2.o(.ARM.Collect$$$$00000001)
    .ARM.Collect$$$$00000004                 0x080000bc   Section        4  entry5.o(.ARM.Collect$$$$00000004)
    .ARM.Collect$$$$00000008                 0x080000c0   Section        0  entry7b.o(.ARM.Collect$$$$00000008)
    .ARM.Collect$$$$0000000A                 0x080000c0   Section        0  entry8b.o(.ARM.Collect$$$$0000000A)
    .ARM.Collect$$$$0000000B                 0x080000c0   Section        8  entry9a.o(.ARM.Collect$$$$0000000B)
    .ARM.Collect$$$$0000000D                 0x080000c8   Section        0  entry10a.o(.ARM.Collect$$$$0000000D)
    .ARM.Collect$$$$0000000F                 0x080000c8   Section        0  entry11a.o(.ARM.Collect$$$$0000000F)
    .ARM.Collect$$$$00002712                 0x080000c8   Section        4  entry2.o(.ARM.Collect$$$$00002712)
    __lit__00000000                          0x080000c8   Data           4  entry2.o(.ARM.Collect$$$$00002712)
    .text                                    0x080000cc   Section       88  startup_stm32f030xc.o(.text)
    .text                                    0x08000124   Section        0  uidiv.o(.text)
    .text                                    0x08000150   Section        0  idiv.o(.text)
    .text                                    0x08000178   Section        0  toupper.o(.text)
    .text                                    0x08000184   Section        0  memcpya.o(.text)
    .text                                    0x080001a8   Section        0  memseta.o(.text)
    .text                                    0x080001cc   Section        0  strlen.o(.text)
    .text                                    0x080001da   Section        0  memcmp.o(.text)
    .text                                    0x080001f4   Section        0  ddiv.o(.text)
    .text                                    0x080002e4   Section        0  dfltui.o(.text)
    .text                                    0x08000300   Section        0  dfixui.o(.text)
    .text                                    0x0800033c   Section        0  llshl.o(.text)
    .text                                    0x0800035c   Section        0  llushr.o(.text)
    .text                                    0x0800037e   Section        0  depilogue.o(.text)
    .text                                    0x0800037e   Section        0  iusefp.o(.text)
    .text                                    0x0800043c   Section       36  init.o(.text)
    i.DMA1_Channel1_IRQHandler               0x08000460   Section        0  stm32f0xx_it.o(i.DMA1_Channel1_IRQHandler)
    i.DMA1_Channel2_3_IRQHandler             0x08000470   Section        0  stm32f0xx_it.o(i.DMA1_Channel2_3_IRQHandler)
    i.DMA1_Channel4_5_IRQHandler             0x08000472   Section        0  stm32f0xx_it.o(i.DMA1_Channel4_5_IRQHandler)
    i.DMA_ClearITPendingBit                  0x08000474   Section        0  stm32f0xx_dma.o(i.DMA_ClearITPendingBit)
    i.DMA_GetITStatus                        0x0800048c   Section        0  stm32f0xx_dma.o(i.DMA_GetITStatus)
    i.Delay_Ms                               0x080004b0   Section        0  nv3021.o(i.Delay_Ms)
    Delay_Ms                                 0x080004b1   Thumb Code    22  nv3021.o(i.Delay_Ms)
    i.EX595_Delay                            0x080004c6   Section        0  drv_595.o(i.EX595_Delay)
    EX595_Delay                              0x080004c7   Thumb Code    14  drv_595.o(i.EX595_Delay)
    i.EXTI0_1_IRQHandler                     0x080004d4   Section        0  stm32f0xx_it.o(i.EXTI0_1_IRQHandler)
    i.EXTI2_3_IRQHandler                     0x08000590   Section        0  stm32f0xx_it.o(i.EXTI2_3_IRQHandler)
    i.EXTI4_15_IRQHandler                    0x08000594   Section        0  stm32f0xx_it.o(i.EXTI4_15_IRQHandler)
    i.EXTI_ClearFlag                         0x080005ac   Section        0  stm32f0xx_exti.o(i.EXTI_ClearFlag)
    i.EXTI_ClearITPendingBit                 0x080005b8   Section        0  stm32f0xx_exti.o(i.EXTI_ClearITPendingBit)
    i.EXTI_GetITStatus                       0x080005c4   Section        0  stm32f0xx_exti.o(i.EXTI_GetITStatus)
    i.FLASH_ClearFlag                        0x080005d8   Section        0  stm32f0xx_flash.o(i.FLASH_ClearFlag)
    i.FLASH_ErasePage                        0x080005e4   Section        0  stm32f0xx_flash.o(i.FLASH_ErasePage)
    i.FLASH_GetStatus                        0x0800061c   Section        0  stm32f0xx_flash.o(i.FLASH_GetStatus)
    i.FLASH_Lock                             0x08000644   Section        0  stm32f0xx_flash.o(i.FLASH_Lock)
    i.FLASH_ProgramWord                      0x08000654   Section        0  stm32f0xx_flash.o(i.FLASH_ProgramWord)
    i.FLASH_Unlock                           0x080006ac   Section        0  stm32f0xx_flash.o(i.FLASH_Unlock)
    i.FLASH_WaitForLastOperation             0x080006cc   Section        0  stm32f0xx_flash.o(i.FLASH_WaitForLastOperation)
    i.Flash_Erase                            0x080006ec   Section        0  flash.o(i.Flash_Erase)
    i.Flash_Read                             0x08000718   Section        0  flash.o(i.Flash_Read)
    i.Flash_Updata                           0x08000728   Section        0  flash.o(i.Flash_Updata)
    i.Flash_Write                            0x08000800   Section        0  flash.o(i.Flash_Write)
    i.GPIO_Init                              0x0800083e   Section        0  stm32f0xx_gpio.o(i.GPIO_Init)
    i.GPIO_PinAFConfig                       0x080008ae   Section        0  stm32f0xx_gpio.o(i.GPIO_PinAFConfig)
    i.GPIO_ReadInputDataBit                  0x080008ce   Section        0  stm32f0xx_gpio.o(i.GPIO_ReadInputDataBit)
    i.GPIO_ResetBits                         0x080008dc   Section        0  stm32f0xx_gpio.o(i.GPIO_ResetBits)
    i.GPIO_SetBits                           0x080008e0   Section        0  stm32f0xx_gpio.o(i.GPIO_SetBits)
    i.HardFault_Handler                      0x080008e4   Section        0  stm32f0xx_it.o(i.HardFault_Handler)
    i.ILI9163C_Initial                       0x080008fc   Section        0  nv3021.o(i.ILI9163C_Initial)
    i.Lcd_Reset                              0x08000b10   Section        0  nv3021.o(i.Lcd_Reset)
    i.NMI_Handler                            0x08000b3c   Section        0  stm32f0xx_it.o(i.NMI_Handler)
    i.NVIC_Init                              0x08000b40   Section        0  stm32f0xx_misc.o(i.NVIC_Init)
    i.PendSV_Handler                         0x08000b90   Section        0  stm32f0xx_it.o(i.PendSV_Handler)
    i.RCC_AHBPeriphClockCmd                  0x08000b94   Section        0  stm32f0xx_rcc.o(i.RCC_AHBPeriphClockCmd)
    i.RCC_APB1PeriphClockCmd                 0x08000bb0   Section        0  stm32f0xx_rcc.o(i.RCC_APB1PeriphClockCmd)
    i.RCC_GetClocksFreq                      0x08000bcc   Section        0  stm32f0xx_rcc.o(i.RCC_GetClocksFreq)
    i.RTC_Bcd2ToByte                         0x08000d60   Section        0  stm32f0xx_rtc.o(i.RTC_Bcd2ToByte)
    RTC_Bcd2ToByte                           0x08000d61   Thumb Code    16  stm32f0xx_rtc.o(i.RTC_Bcd2ToByte)
    i.RTC_ByteToBcd2                         0x08000d70   Section        0  stm32f0xx_rtc.o(i.RTC_ByteToBcd2)
    RTC_ByteToBcd2                           0x08000d71   Thumb Code    24  stm32f0xx_rtc.o(i.RTC_ByteToBcd2)
    i.RTC_ClearITPendingBit                  0x08000d88   Section        0  stm32f0xx_rtc.o(i.RTC_ClearITPendingBit)
    i.RTC_EnterInitMode                      0x08000da4   Section        0  stm32f0xx_rtc.o(i.RTC_EnterInitMode)
    i.RTC_ExitInitMode                       0x08000de8   Section        0  stm32f0xx_rtc.o(i.RTC_ExitInitMode)
    i.RTC_GetITStatus                        0x08000df8   Section        0  stm32f0xx_rtc.o(i.RTC_GetITStatus)
    i.RTC_IRQHandler                         0x08000e34   Section        0  stm32f0xx_it.o(i.RTC_IRQHandler)
    i.RTC_SetTime                            0x08000e60   Section        0  stm32f0xx_rtc.o(i.RTC_SetTime)
    i.RTC_WaitForSynchro                     0x08000f04   Section        0  stm32f0xx_rtc.o(i.RTC_WaitForSynchro)
    i.SVC_Handler                            0x08000f54   Section        0  stm32f0xx_it.o(i.SVC_Handler)
    i.SetSysClock                            0x08000f58   Section        0  system_stm32f0xx.o(i.SetSysClock)
    SetSysClock                              0x08000f59   Thumb Code    88  system_stm32f0xx.o(i.SetSysClock)
    i.SysTick_Handler                        0x08000fb8   Section        0  stm32f0xx_it.o(i.SysTick_Handler)
    i.SystemInit                             0x08000fc8   Section        0  system_stm32f0xx.o(i.SystemInit)
    i.USART1_IRQHandler                      0x08001028   Section        0  stm32f0xx_it.o(i.USART1_IRQHandler)
    i.USART2_IRQHandler                      0x0800102c   Section        0  stm32f0xx_it.o(i.USART2_IRQHandler)
    i.USART_ClearFlag                        0x080010a0   Section        0  stm32f0xx_usart.o(i.USART_ClearFlag)
    i.USART_ClearITPendingBit                0x080010a4   Section        0  stm32f0xx_usart.o(i.USART_ClearITPendingBit)
    i.USART_Cmd                              0x080010ae   Section        0  stm32f0xx_usart.o(i.USART_Cmd)
    i.USART_DirectionModeCmd                 0x080010c6   Section        0  stm32f0xx_usart.o(i.USART_DirectionModeCmd)
    i.USART_GetFlagStatus                    0x080010da   Section        0  stm32f0xx_usart.o(i.USART_GetFlagStatus)
    i.USART_GetITStatus                      0x080010e8   Section        0  stm32f0xx_usart.o(i.USART_GetITStatus)
    i.USART_ITConfig                         0x08001124   Section        0  stm32f0xx_usart.o(i.USART_ITConfig)
    i.USART_Init                             0x08001154   Section        0  stm32f0xx_usart.o(i.USART_Init)
    i.USART_ReceiveData                      0x08001204   Section        0  stm32f0xx_usart.o(i.USART_ReceiveData)
    i.USART_RequestCmd                       0x0800120c   Section        0  stm32f0xx_usart.o(i.USART_RequestCmd)
    i.Upate_595                              0x08001220   Section        0  drv_595.o(i.Upate_595)
    i.__ARM_clz                              0x0800129c   Section        0  depilogue.o(i.__ARM_clz)
    i.__scatterload_copy                     0x080012ca   Section       14  handlers.o(i.__scatterload_copy)
    i.__scatterload_null                     0x080012d8   Section        2  handlers.o(i.__scatterload_null)
    i.__scatterload_zeroinit                 0x080012da   Section       14  handlers.o(i.__scatterload_zeroinit)
    i.boot_task                              0x080012e8   Section        0  main.o(i.boot_task)
    i.boot_ui_init                           0x0800130c   Section        0  main.o(i.boot_ui_init)
    i.calcrc                                 0x080013d8   Section        0  poc.o(i.calcrc)
    i.delay                                  0x08001410   Section        0  poc.o(i.delay)
    delay                                    0x08001411   Thumb Code    24  poc.o(i.delay)
    i.download_code_bin                      0x0800142c   Section        0  main.o(i.download_code_bin)
    i.gb2312_to_unicode                      0x080016c8   Section        0  gt21l16s2y.o(i.gb2312_to_unicode)
    i.gt21l16s2_get_ascii_6x12               0x08001728   Section        0  gt21l16s2y.o(i.gt21l16s2_get_ascii_6x12)
    i.gt21l16s2_get_ascii_8x16               0x08001750   Section        0  gt21l16s2y.o(i.gt21l16s2_get_ascii_8x16)
    i.gt21l16s2_get_gb2312_11x12             0x08001774   Section        0  gt21l16s2y.o(i.gt21l16s2_get_gb2312_11x12)
    i.gt21l16s2_get_gb2312_15x16             0x08001800   Section        0  gt21l16s2y.o(i.gt21l16s2_get_gb2312_15x16)
    i.gt21l16s2_init                         0x08001880   Section        0  gt21l16s2y.o(i.gt21l16s2_init)
    i.gt21l16s2_read_addr                    0x08001894   Section        0  gt21l16s2y.o(i.gt21l16s2_read_addr)
    gt21l16s2_read_addr                      0x08001895   Thumb Code   194  gt21l16s2y.o(i.gt21l16s2_read_addr)
    i.hex_to_str                             0x0800195c   Section        0  my_string.o(i.hex_to_str)
    i.init_595IO                             0x08001996   Section        0  drv_595.o(i.init_595IO)
    i.lcd_gpio_init                          0x080019f8   Section        0  nv3021.o(i.lcd_gpio_init)
    lcd_gpio_init                            0x080019f9   Thumb Code    44  nv3021.o(i.lcd_gpio_init)
    i.lcd_write_cmd8                         0x08001a2c   Section        0  nv3021.o(i.lcd_write_cmd8)
    i.lcd_write_dat16                        0x08001a74   Section        0  nv3021.o(i.lcd_write_dat16)
    i.lcd_write_dat8                         0x08001ad8   Section        0  nv3021.o(i.lcd_write_dat8)
    i.main                                   0x08001b20   Section        0  main.o(i.main)
    i.nv3021_color_clr                       0x08001bc4   Section        0  nv3021.o(i.nv3021_color_clr)
    i.nv3021_disp_bit1bmp_SingleByte         0x08001bfc   Section        0  nv3021.o(i.nv3021_disp_bit1bmp_SingleByte)
    i.nv3021_disp_range                      0x08001c5c   Section        0  nv3021.o(i.nv3021_disp_range)
    i.nv3021_set_dis_range                   0x08001cb6   Section        0  nv3021.o(i.nv3021_set_dis_range)
    i.poc_get_para                           0x08001d08   Section        0  poc.o(i.poc_get_para)
    i.poc_gpio_init                          0x08001d10   Section        0  poc.o(i.poc_gpio_init)
    poc_gpio_init                            0x08001d11   Thumb Code    86  poc.o(i.poc_gpio_init)
    i.poc_init                               0x08001d6c   Section        0  poc.o(i.poc_init)
    i.poc_send_cmd                           0x08001dc0   Section        0  poc.o(i.poc_send_cmd)
    i.poc_task                               0x08001dd4   Section        0  poc.o(i.poc_task)
    i.poc_uart_msg_deal                      0x08002064   Section        0  poc.o(i.poc_uart_msg_deal)
    poc_uart_msg_deal                        0x08002065   Thumb Code   492  poc.o(i.poc_uart_msg_deal)
    i.run_app                                0x080022b8   Section        0  main.o(i.run_app)
    i.spi_gpio_init                          0x080022cc   Section        0  gt21l16s2y.o(i.spi_gpio_init)
    i.str_to_hex                             0x08002350   Section        0  my_string.o(i.str_to_hex)
    i.uart2_config                           0x0800239c   Section        0  uart.o(i.uart2_config)
    i.uart2_send_string                      0x08002468   Section        0  uart.o(i.uart2_send_string)
    i.ui_disp_china_11x12                    0x0800248c   Section        0  main.o(i.ui_disp_china_11x12)
    ui_disp_china_11x12                      0x0800248d   Thumb Code   202  main.o(i.ui_disp_china_11x12)
    i.ui_disp_china_15x16                    0x08002556   Section        0  main.o(i.ui_disp_china_15x16)
    .constdata                               0x08002640   Section       20  drv_595.o(.constdata)
    .data                                    0x20000000   Section       16  main.o(.data)
    ui_refush_flag                           0x20000000   Data           1  main.o(.data)
    ui_refush_flag                           0x20000001   Data           1  main.o(.data)
    cur_pt                                   0x20000002   Data           2  main.o(.data)
    old_pt                                   0x20000004   Data           2  main.o(.data)
    .data                                    0x20000010   Section        4  stm32f0xx_it.o(.data)
    .data                                    0x20000014   Section        8  flash.o(.data)
    Data32                                   0x20000014   Data           4  flash.o(.data)
    Data32                                   0x20000018   Data           4  flash.o(.data)
    .data                                    0x2000001c   Section       16  poc.o(.data)
    erase_flag                               0x2000001c   Data           1  poc.o(.data)
    send_times                               0x2000001d   Data           1  poc.o(.data)
    pack_cnt                                 0x2000001e   Data           2  poc.o(.data)
    old_send_cnt                             0x20000020   Data           2  poc.o(.data)
    cmp_cnt                                  0x20000022   Data           2  poc.o(.data)
    resend_timer                             0x20000024   Data           4  poc.o(.data)
    .data                                    0x2000002c   Section        1  drv_595.o(.data)
    Prev_val                                 0x2000002c   Data           1  drv_595.o(.data)
    .data                                    0x2000002d   Section        1  drv_595.o(.data)
    .data                                    0x2000002e   Section       16  stm32f0xx_rcc.o(.data)
    APBAHBPrescTable                         0x2000002e   Data          16  stm32f0xx_rcc.o(.data)
    .bss                                     0x20000040   Section     6162  uart.o(.bss)
    .bss                                     0x20001854   Section     1108  poc.o(.bss)
    buf_temp_deal                            0x20001854   Data        1024  poc.o(.bss)
    STACK                                    0x20001ca8   Section     1024  startup_stm32f030xc.o(STACK)

    Global Symbols

    Symbol Name                              Value     Ov Type        Size  Object(Section)

    BuildAttributes$$THM_ISAv3M$S$PE$A:L22$X:L11$S22$IEEE1$IW$USESV6$~STKCKD$USESV7$~SHL$OSPACE$ROPI$EBA8$MICROLIB$REQ8$PRES8$EABIv2 0x00000000   Number         0  anon$$obj.o ABSOLUTE
    __ARM_use_no_argv                        0x00000000   Number         0  main.o ABSOLUTE
    __cpp_initialize__aeabi_                  - Undefined Weak Reference
    __cxa_finalize                            - Undefined Weak Reference
    __decompress                              - Undefined Weak Reference
    _clock_init                               - Undefined Weak Reference
    _microlib_exit                            - Undefined Weak Reference
    __Vectors_Size                           0x000000b8   Number         0  startup_stm32f030xc.o ABSOLUTE
    __Vectors                                0x08000000   Data           4  startup_stm32f030xc.o(RESET)
    __Vectors_End                            0x080000b8   Data           0  startup_stm32f030xc.o(RESET)
    __main                                   0x080000b9   Thumb Code     0  entry.o(.ARM.Collect$$$$00000000)
    _main_stk                                0x080000b9   Thumb Code     0  entry2.o(.ARM.Collect$$$$00000001)
    _main_scatterload                        0x080000bd   Thumb Code     0  entry5.o(.ARM.Collect$$$$00000004)
    __main_after_scatterload                 0x080000c1   Thumb Code     0  entry5.o(.ARM.Collect$$$$00000004)
    _main_clock                              0x080000c1   Thumb Code     0  entry7b.o(.ARM.Collect$$$$00000008)
    _main_cpp_init                           0x080000c1   Thumb Code     0  entry8b.o(.ARM.Collect$$$$0000000A)
    _main_init                               0x080000c1   Thumb Code     0  entry9a.o(.ARM.Collect$$$$0000000B)
    __rt_final_cpp                           0x080000c9   Thumb Code     0  entry10a.o(.ARM.Collect$$$$0000000D)
    __rt_final_exit                          0x080000c9   Thumb Code     0  entry11a.o(.ARM.Collect$$$$0000000F)
    Reset_Handler                            0x080000cd   Thumb Code    38  startup_stm32f030xc.o(.text)
    ADC1_IRQHandler                          0x080000fd   Thumb Code     0  startup_stm32f030xc.o(.text)
    FLASH_IRQHandler                         0x080000fd   Thumb Code     0  startup_stm32f030xc.o(.text)
    I2C1_IRQHandler                          0x080000fd   Thumb Code     0  startup_stm32f030xc.o(.text)
    I2C2_IRQHandler                          0x080000fd   Thumb Code     0  startup_stm32f030xc.o(.text)
    RCC_IRQHandler                           0x080000fd   Thumb Code     0  startup_stm32f030xc.o(.text)
    SPI1_IRQHandler                          0x080000fd   Thumb Code     0  startup_stm32f030xc.o(.text)
    SPI2_IRQHandler                          0x080000fd   Thumb Code     0  startup_stm32f030xc.o(.text)
    TIM14_IRQHandler                         0x080000fd   Thumb Code     0  startup_stm32f030xc.o(.text)
    TIM15_IRQHandler                         0x080000fd   Thumb Code     0  startup_stm32f030xc.o(.text)
    TIM16_IRQHandler                         0x080000fd   Thumb Code     0  startup_stm32f030xc.o(.text)
    TIM17_IRQHandler                         0x080000fd   Thumb Code     0  startup_stm32f030xc.o(.text)
    TIM1_BRK_UP_TRG_COM_IRQHandler           0x080000fd   Thumb Code     0  startup_stm32f030xc.o(.text)
    TIM1_CC_IRQHandler                       0x080000fd   Thumb Code     0  startup_stm32f030xc.o(.text)
    TIM3_IRQHandler                          0x080000fd   Thumb Code     0  startup_stm32f030xc.o(.text)
    TIM6_IRQHandler                          0x080000fd   Thumb Code     0  startup_stm32f030xc.o(.text)
    TIM7_IRQHandler                          0x080000fd   Thumb Code     0  startup_stm32f030xc.o(.text)
    USART3_6_IRQHandler                      0x080000fd   Thumb Code     0  startup_stm32f030xc.o(.text)
    WWDG_IRQHandler                          0x080000fd   Thumb Code     0  startup_stm32f030xc.o(.text)
    __aeabi_uidiv                            0x08000125   Thumb Code     0  uidiv.o(.text)
    __aeabi_uidivmod                         0x08000125   Thumb Code    44  uidiv.o(.text)
    __aeabi_idiv                             0x08000151   Thumb Code     0  idiv.o(.text)
    __aeabi_idivmod                          0x08000151   Thumb Code    40  idiv.o(.text)
    toupper                                  0x08000179   Thumb Code    12  toupper.o(.text)
    __aeabi_memcpy                           0x08000185   Thumb Code    36  memcpya.o(.text)
    __aeabi_memcpy4                          0x08000185   Thumb Code     0  memcpya.o(.text)
    __aeabi_memcpy8                          0x08000185   Thumb Code     0  memcpya.o(.text)
    __aeabi_memset                           0x080001a9   Thumb Code    14  memseta.o(.text)
    __aeabi_memset4                          0x080001a9   Thumb Code     0  memseta.o(.text)
    __aeabi_memset8                          0x080001a9   Thumb Code     0  memseta.o(.text)
    __aeabi_memclr                           0x080001b7   Thumb Code     4  memseta.o(.text)
    __aeabi_memclr4                          0x080001b7   Thumb Code     0  memseta.o(.text)
    __aeabi_memclr8                          0x080001b7   Thumb Code     0  memseta.o(.text)
    _memset$wrapper                          0x080001bb   Thumb Code    18  memseta.o(.text)
    strlen                                   0x080001cd   Thumb Code    14  strlen.o(.text)
    memcmp                                   0x080001db   Thumb Code    26  memcmp.o(.text)
    __aeabi_ddiv                             0x080001f5   Thumb Code   234  ddiv.o(.text)
    __aeabi_ui2d                             0x080002e5   Thumb Code    24  dfltui.o(.text)
    __aeabi_d2uiz                            0x08000301   Thumb Code    50  dfixui.o(.text)
    __aeabi_llsl                             0x0800033d   Thumb Code    32  llshl.o(.text)
    _ll_shift_l                              0x0800033d   Thumb Code     0  llshl.o(.text)
    __aeabi_llsr                             0x0800035d   Thumb Code    34  llushr.o(.text)
    _ll_ushift_r                             0x0800035d   Thumb Code     0  llushr.o(.text)
    __I$use$fp                               0x0800037f   Thumb Code     0  iusefp.o(.text)
    _double_round                            0x0800037f   Thumb Code    26  depilogue.o(.text)
    _double_epilogue                         0x08000399   Thumb Code   164  depilogue.o(.text)
    __scatterload                            0x0800043d   Thumb Code    28  init.o(.text)
    __scatterload_rt2                        0x0800043d   Thumb Code     0  init.o(.text)
    DMA1_Channel1_IRQHandler                 0x08000461   Thumb Code    16  stm32f0xx_it.o(i.DMA1_Channel1_IRQHandler)
    DMA1_Channel2_3_IRQHandler               0x08000471   Thumb Code     2  stm32f0xx_it.o(i.DMA1_Channel2_3_IRQHandler)
    DMA1_Channel4_5_IRQHandler               0x08000473   Thumb Code     2  stm32f0xx_it.o(i.DMA1_Channel4_5_IRQHandler)
    DMA_ClearITPendingBit                    0x08000475   Thumb Code    16  stm32f0xx_dma.o(i.DMA_ClearITPendingBit)
    DMA_GetITStatus                          0x0800048d   Thumb Code    26  stm32f0xx_dma.o(i.DMA_GetITStatus)
    EXTI0_1_IRQHandler                       0x080004d5   Thumb Code   180  stm32f0xx_it.o(i.EXTI0_1_IRQHandler)
    EXTI2_3_IRQHandler                       0x08000591   Thumb Code     2  stm32f0xx_it.o(i.EXTI2_3_IRQHandler)
    EXTI4_15_IRQHandler                      0x08000595   Thumb Code    18  stm32f0xx_it.o(i.EXTI4_15_IRQHandler)
    EXTI_ClearFlag                           0x080005ad   Thumb Code     6  stm32f0xx_exti.o(i.EXTI_ClearFlag)
    EXTI_ClearITPendingBit                   0x080005b9   Thumb Code     6  stm32f0xx_exti.o(i.EXTI_ClearITPendingBit)
    EXTI_GetITStatus                         0x080005c5   Thumb Code    16  stm32f0xx_exti.o(i.EXTI_GetITStatus)
    FLASH_ClearFlag                          0x080005d9   Thumb Code     6  stm32f0xx_flash.o(i.FLASH_ClearFlag)
    FLASH_ErasePage                          0x080005e5   Thumb Code    52  stm32f0xx_flash.o(i.FLASH_ErasePage)
    FLASH_GetStatus                          0x0800061d   Thumb Code    34  stm32f0xx_flash.o(i.FLASH_GetStatus)
    FLASH_Lock                               0x08000645   Thumb Code    12  stm32f0xx_flash.o(i.FLASH_Lock)
    FLASH_ProgramWord                        0x08000655   Thumb Code    82  stm32f0xx_flash.o(i.FLASH_ProgramWord)
    FLASH_Unlock                             0x080006ad   Thumb Code    18  stm32f0xx_flash.o(i.FLASH_Unlock)
    FLASH_WaitForLastOperation               0x080006cd   Thumb Code    32  stm32f0xx_flash.o(i.FLASH_WaitForLastOperation)
    Flash_Erase                              0x080006ed   Thumb Code    44  flash.o(i.Flash_Erase)
    Flash_Read                               0x08000719   Thumb Code    14  flash.o(i.Flash_Read)
    Flash_Updata                             0x08000729   Thumb Code   208  flash.o(i.Flash_Updata)
    Flash_Write                              0x08000801   Thumb Code    62  flash.o(i.Flash_Write)
    GPIO_Init                                0x0800083f   Thumb Code   112  stm32f0xx_gpio.o(i.GPIO_Init)
    GPIO_PinAFConfig                         0x080008af   Thumb Code    32  stm32f0xx_gpio.o(i.GPIO_PinAFConfig)
    GPIO_ReadInputDataBit                    0x080008cf   Thumb Code    14  stm32f0xx_gpio.o(i.GPIO_ReadInputDataBit)
    GPIO_ResetBits                           0x080008dd   Thumb Code     4  stm32f0xx_gpio.o(i.GPIO_ResetBits)
    GPIO_SetBits                             0x080008e1   Thumb Code     4  stm32f0xx_gpio.o(i.GPIO_SetBits)
    HardFault_Handler                        0x080008e5   Thumb Code    16  stm32f0xx_it.o(i.HardFault_Handler)
    ILI9163C_Initial                         0x080008fd   Thumb Code   526  nv3021.o(i.ILI9163C_Initial)
    Lcd_Reset                                0x08000b11   Thumb Code    38  nv3021.o(i.Lcd_Reset)
    NMI_Handler                              0x08000b3d   Thumb Code     2  stm32f0xx_it.o(i.NMI_Handler)
    NVIC_Init                                0x08000b41   Thumb Code    72  stm32f0xx_misc.o(i.NVIC_Init)
    PendSV_Handler                           0x08000b91   Thumb Code     2  stm32f0xx_it.o(i.PendSV_Handler)
    RCC_AHBPeriphClockCmd                    0x08000b95   Thumb Code    22  stm32f0xx_rcc.o(i.RCC_AHBPeriphClockCmd)
    RCC_APB1PeriphClockCmd                   0x08000bb1   Thumb Code    22  stm32f0xx_rcc.o(i.RCC_APB1PeriphClockCmd)
    RCC_GetClocksFreq                        0x08000bcd   Thumb Code   374  stm32f0xx_rcc.o(i.RCC_GetClocksFreq)
    RTC_ClearITPendingBit                    0x08000d89   Thumb Code    22  stm32f0xx_rtc.o(i.RTC_ClearITPendingBit)
    RTC_EnterInitMode                        0x08000da5   Thumb Code    62  stm32f0xx_rtc.o(i.RTC_EnterInitMode)
    RTC_ExitInitMode                         0x08000de9   Thumb Code    12  stm32f0xx_rtc.o(i.RTC_ExitInitMode)
    RTC_GetITStatus                          0x08000df9   Thumb Code    54  stm32f0xx_rtc.o(i.RTC_GetITStatus)
    RTC_IRQHandler                           0x08000e35   Thumb Code    42  stm32f0xx_it.o(i.RTC_IRQHandler)
    RTC_SetTime                              0x08000e61   Thumb Code   154  stm32f0xx_rtc.o(i.RTC_SetTime)
    RTC_WaitForSynchro                       0x08000f05   Thumb Code    76  stm32f0xx_rtc.o(i.RTC_WaitForSynchro)
    SVC_Handler                              0x08000f55   Thumb Code     2  stm32f0xx_it.o(i.SVC_Handler)
    SysTick_Handler                          0x08000fb9   Thumb Code    10  stm32f0xx_it.o(i.SysTick_Handler)
    SystemInit                               0x08000fc9   Thumb Code    84  system_stm32f0xx.o(i.SystemInit)
    USART1_IRQHandler                        0x08001029   Thumb Code     2  stm32f0xx_it.o(i.USART1_IRQHandler)
    USART2_IRQHandler                        0x0800102d   Thumb Code    98  stm32f0xx_it.o(i.USART2_IRQHandler)
    USART_ClearFlag                          0x080010a1   Thumb Code     4  stm32f0xx_usart.o(i.USART_ClearFlag)
    USART_ClearITPendingBit                  0x080010a5   Thumb Code    10  stm32f0xx_usart.o(i.USART_ClearITPendingBit)
    USART_Cmd                                0x080010af   Thumb Code    24  stm32f0xx_usart.o(i.USART_Cmd)
    USART_DirectionModeCmd                   0x080010c7   Thumb Code    20  stm32f0xx_usart.o(i.USART_DirectionModeCmd)
    USART_GetFlagStatus                      0x080010db   Thumb Code    14  stm32f0xx_usart.o(i.USART_GetFlagStatus)
    USART_GetITStatus                        0x080010e9   Thumb Code    60  stm32f0xx_usart.o(i.USART_GetITStatus)
    USART_ITConfig                           0x08001125   Thumb Code    46  stm32f0xx_usart.o(i.USART_ITConfig)
    USART_Init                               0x08001155   Thumb Code   156  stm32f0xx_usart.o(i.USART_Init)
    USART_ReceiveData                        0x08001205   Thumb Code     8  stm32f0xx_usart.o(i.USART_ReceiveData)
    USART_RequestCmd                         0x0800120d   Thumb Code    20  stm32f0xx_usart.o(i.USART_RequestCmd)
    Upate_595                                0x08001221   Thumb Code   120  drv_595.o(i.Upate_595)
    __ARM_clz                                0x0800129d   Thumb Code    46  depilogue.o(i.__ARM_clz)
    __scatterload_copy                       0x080012cb   Thumb Code    14  handlers.o(i.__scatterload_copy)
    __scatterload_null                       0x080012d9   Thumb Code     2  handlers.o(i.__scatterload_null)
    __scatterload_zeroinit                   0x080012db   Thumb Code    14  handlers.o(i.__scatterload_zeroinit)
    boot_task                                0x080012e9   Thumb Code    30  main.o(i.boot_task)
    boot_ui_init                             0x0800130d   Thumb Code   130  main.o(i.boot_ui_init)
    calcrc                                   0x080013d9   Thumb Code    50  poc.o(i.calcrc)
    download_code_bin                        0x0800142d   Thumb Code   518  main.o(i.download_code_bin)
    gb2312_to_unicode                        0x080016c9   Thumb Code    96  gt21l16s2y.o(i.gb2312_to_unicode)
    gt21l16s2_get_ascii_6x12                 0x08001729   Thumb Code    34  gt21l16s2y.o(i.gt21l16s2_get_ascii_6x12)
    gt21l16s2_get_ascii_8x16                 0x08001751   Thumb Code    32  gt21l16s2y.o(i.gt21l16s2_get_ascii_8x16)
    gt21l16s2_get_gb2312_11x12               0x08001775   Thumb Code   134  gt21l16s2y.o(i.gt21l16s2_get_gb2312_11x12)
    gt21l16s2_get_gb2312_15x16               0x08001801   Thumb Code   122  gt21l16s2y.o(i.gt21l16s2_get_gb2312_15x16)
    gt21l16s2_init                           0x08001881   Thumb Code    14  gt21l16s2y.o(i.gt21l16s2_init)
    hex_to_str                               0x0800195d   Thumb Code    58  my_string.o(i.hex_to_str)
    init_595IO                               0x08001997   Thumb Code    96  drv_595.o(i.init_595IO)
    lcd_write_cmd8                           0x08001a2d   Thumb Code    66  nv3021.o(i.lcd_write_cmd8)
    lcd_write_dat16                          0x08001a75   Thumb Code    94  nv3021.o(i.lcd_write_dat16)
    lcd_write_dat8                           0x08001ad9   Thumb Code    66  nv3021.o(i.lcd_write_dat8)
    main                                     0x08001b21   Thumb Code   128  main.o(i.main)
    nv3021_color_clr                         0x08001bc5   Thumb Code    56  nv3021.o(i.nv3021_color_clr)
    nv3021_disp_bit1bmp_SingleByte           0x08001bfd   Thumb Code    96  nv3021.o(i.nv3021_disp_bit1bmp_SingleByte)
    nv3021_disp_range                        0x08001c5d   Thumb Code    90  nv3021.o(i.nv3021_disp_range)
    nv3021_set_dis_range                     0x08001cb7   Thumb Code    80  nv3021.o(i.nv3021_set_dis_range)
    poc_get_para                             0x08001d09   Thumb Code     4  poc.o(i.poc_get_para)
    poc_init                                 0x08001d6d   Thumb Code    56  poc.o(i.poc_init)
    poc_send_cmd                             0x08001dc1   Thumb Code    20  poc.o(i.poc_send_cmd)
    poc_task                                 0x08001dd5   Thumb Code   516  poc.o(i.poc_task)
    run_app                                  0x080022b9   Thumb Code    12  main.o(i.run_app)
    spi_gpio_init                            0x080022cd   Thumb Code   126  gt21l16s2y.o(i.spi_gpio_init)
    str_to_hex                               0x08002351   Thumb Code    76  my_string.o(i.str_to_hex)
    uart2_config                             0x0800239d   Thumb Code   190  uart.o(i.uart2_config)
    uart2_send_string                        0x08002469   Thumb Code    32  uart.o(i.uart2_send_string)
    ui_disp_china_15x16                      0x08002557   Thumb Code   232  main.o(i.ui_disp_china_15x16)
    ioTag595                                 0x08002640   Data          20  drv_595.o(.constdata)
    Region$$Table$$Base                      0x08002654   Number         0  anon$$obj.o(Region$$Table)
    Region$$Table$$Limit                     0x08002674   Number         0  anon$$obj.o(Region$$Table)
    Jump_To_Application                      0x20000008   Data           4  main.o(.data)
    JumpAddress                              0x2000000c   Data           4  main.o(.data)
    SysTick_Cnt                              0x20000010   Data           4  stm32f0xx_it.o(.data)
    poc_device_p                             0x20000028   Data           4  poc.o(.data)
    conr_val595                              0x2000002d   Data           1  drv_595.o(.data)
    device_uart3                             0x20000040   Data        2054  uart.o(.bss)
    device_uart2                             0x20000846   Data        2054  uart.o(.bss)
    device_uart1                             0x2000104c   Data        2054  uart.o(.bss)
    poc_device                               0x20001c54   Data          42  poc.o(.bss)
    boot_info                                0x20001c80   Data          40  poc.o(.bss)
    __initial_sp                             0x200020a8   Data           0  startup_stm32f030xc.o(STACK)



==============================================================================

Memory Map of the image

  Image Entry point : 0x080000b9

  Load Region LR_IROM1 (Base: 0x08000000, Size: 0x000026b4, Max: 0x00040000, ABSOLUTE)

    Execution Region ER_IROM1 (Exec base: 0x08000000, Load base: 0x08000000, Size: 0x00002674, Max: 0x00040000, ABSOLUTE)

    Exec Addr    Load Addr    Size         Type   Attr      Idx    E Section Name        Object

    0x08000000   0x08000000   0x000000b8   Data   RO         3882    RESET               startup_stm32f030xc.o
    0x080000b8   0x080000b8   0x00000000   Code   RO         3887  * .ARM.Collect$$$$00000000  mc_p.l(entry.o)
    0x080000b8   0x080000b8   0x00000004   Code   RO         3920    .ARM.Collect$$$$00000001  mc_p.l(entry2.o)
    0x080000bc   0x080000bc   0x00000004   Code   RO         3923    .ARM.Collect$$$$00000004  mc_p.l(entry5.o)
    0x080000c0   0x080000c0   0x00000000   Code   RO         3925    .ARM.Collect$$$$00000008  mc_p.l(entry7b.o)
    0x080000c0   0x080000c0   0x00000000   Code   RO         3927    .ARM.Collect$$$$0000000A  mc_p.l(entry8b.o)
    0x080000c0   0x080000c0   0x00000008   Code   RO         3928    .ARM.Collect$$$$0000000B  mc_p.l(entry9a.o)
    0x080000c8   0x080000c8   0x00000000   Code   RO         3930    .ARM.Collect$$$$0000000D  mc_p.l(entry10a.o)
    0x080000c8   0x080000c8   0x00000000   Code   RO         3932    .ARM.Collect$$$$0000000F  mc_p.l(entry11a.o)
    0x080000c8   0x080000c8   0x00000004   Code   RO         3921    .ARM.Collect$$$$00002712  mc_p.l(entry2.o)
    0x080000cc   0x080000cc   0x00000058   Code   RO         3883    .text               startup_stm32f030xc.o
    0x08000124   0x08000124   0x0000002c   Code   RO         3890    .text               mc_p.l(uidiv.o)
    0x08000150   0x08000150   0x00000028   Code   RO         3892    .text               mc_p.l(idiv.o)
    0x08000178   0x08000178   0x0000000c   Code   RO         3894    .text               mc_p.l(toupper.o)
    0x08000184   0x08000184   0x00000024   Code   RO         3896    .text               mc_p.l(memcpya.o)
    0x080001a8   0x080001a8   0x00000024   Code   RO         3898    .text               mc_p.l(memseta.o)
    0x080001cc   0x080001cc   0x0000000e   Code   RO         3900    .text               mc_p.l(strlen.o)
    0x080001da   0x080001da   0x0000001a   Code   RO         3902    .text               mc_p.l(memcmp.o)
    0x080001f4   0x080001f4   0x000000f0   Code   RO         3910    .text               mf_p.l(ddiv.o)
    0x080002e4   0x080002e4   0x0000001c   Code   RO         3914    .text               mf_p.l(dfltui.o)
    0x08000300   0x08000300   0x0000003c   Code   RO         3918    .text               mf_p.l(dfixui.o)
    0x0800033c   0x0800033c   0x00000020   Code   RO         3934    .text               mc_p.l(llshl.o)
    0x0800035c   0x0800035c   0x00000022   Code   RO         3936    .text               mc_p.l(llushr.o)
    0x0800037e   0x0800037e   0x00000000   Code   RO         3940    .text               mc_p.l(iusefp.o)
    0x0800037e   0x0800037e   0x000000be   Code   RO         3941    .text               mf_p.l(depilogue.o)
    0x0800043c   0x0800043c   0x00000024   Code   RO         3945    .text               mc_p.l(init.o)
    0x08000460   0x08000460   0x00000010   Code   RO          197    i.DMA1_Channel1_IRQHandler  stm32f0xx_it.o
    0x08000470   0x08000470   0x00000002   Code   RO          198    i.DMA1_Channel2_3_IRQHandler  stm32f0xx_it.o
    0x08000472   0x08000472   0x00000002   Code   RO          199    i.DMA1_Channel4_5_IRQHandler  stm32f0xx_it.o
    0x08000474   0x08000474   0x00000018   Code   RO         3559    i.DMA_ClearITPendingBit  stm32f0xx_dma.o
    0x0800048c   0x0800048c   0x00000024   Code   RO         3564    i.DMA_GetITStatus   stm32f0xx_dma.o
    0x080004b0   0x080004b0   0x00000016   Code   RO          598    i.Delay_Ms          nv3021.o
    0x080004c6   0x080004c6   0x0000000e   Code   RO          896    i.EX595_Delay       drv_595.o
    0x080004d4   0x080004d4   0x000000bc   Code   RO          200    i.EXTI0_1_IRQHandler  stm32f0xx_it.o
    0x08000590   0x08000590   0x00000002   Code   RO          201    i.EXTI2_3_IRQHandler  stm32f0xx_it.o
    0x08000592   0x08000592   0x00000002   PAD
    0x08000594   0x08000594   0x00000018   Code   RO          202    i.EXTI4_15_IRQHandler  stm32f0xx_it.o
    0x080005ac   0x080005ac   0x0000000c   Code   RO         3496    i.EXTI_ClearFlag    stm32f0xx_exti.o
    0x080005b8   0x080005b8   0x0000000c   Code   RO         3497    i.EXTI_ClearITPendingBit  stm32f0xx_exti.o
    0x080005c4   0x080005c4   0x00000014   Code   RO         3501    i.EXTI_GetITStatus  stm32f0xx_exti.o
    0x080005d8   0x080005d8   0x0000000c   Code   RO         3296    i.FLASH_ClearFlag   stm32f0xx_flash.o
    0x080005e4   0x080005e4   0x00000038   Code   RO         3298    i.FLASH_ErasePage   stm32f0xx_flash.o
    0x0800061c   0x0800061c   0x00000028   Code   RO         3301    i.FLASH_GetStatus   stm32f0xx_flash.o
    0x08000644   0x08000644   0x00000010   Code   RO         3303    i.FLASH_Lock        stm32f0xx_flash.o
    0x08000654   0x08000654   0x00000058   Code   RO         3323    i.FLASH_ProgramWord  stm32f0xx_flash.o
    0x080006ac   0x080006ac   0x00000020   Code   RO         3325    i.FLASH_Unlock      stm32f0xx_flash.o
    0x080006cc   0x080006cc   0x00000020   Code   RO         3326    i.FLASH_WaitForLastOperation  stm32f0xx_flash.o
    0x080006ec   0x080006ec   0x0000002c   Code   RO          474    i.Flash_Erase       flash.o
    0x08000718   0x08000718   0x0000000e   Code   RO          476    i.Flash_Read        flash.o
    0x08000726   0x08000726   0x00000002   PAD
    0x08000728   0x08000728   0x000000d8   Code   RO          477    i.Flash_Updata      flash.o
    0x08000800   0x08000800   0x0000003e   Code   RO          478    i.Flash_Write       flash.o
    0x0800083e   0x0800083e   0x00000070   Code   RO         3205    i.GPIO_Init         stm32f0xx_gpio.o
    0x080008ae   0x080008ae   0x00000020   Code   RO         3206    i.GPIO_PinAFConfig  stm32f0xx_gpio.o
    0x080008ce   0x080008ce   0x0000000e   Code   RO         3209    i.GPIO_ReadInputDataBit  stm32f0xx_gpio.o
    0x080008dc   0x080008dc   0x00000004   Code   RO         3212    i.GPIO_ResetBits    stm32f0xx_gpio.o
    0x080008e0   0x080008e0   0x00000004   Code   RO         3213    i.GPIO_SetBits      stm32f0xx_gpio.o
    0x080008e4   0x080008e4   0x00000018   Code   RO          203    i.HardFault_Handler  stm32f0xx_it.o
    0x080008fc   0x080008fc   0x00000214   Code   RO          599    i.ILI9163C_Initial  nv3021.o
    0x08000b10   0x08000b10   0x0000002c   Code   RO          600    i.Lcd_Reset         nv3021.o
    0x08000b3c   0x08000b3c   0x00000002   Code   RO          204    i.NMI_Handler       stm32f0xx_it.o
    0x08000b3e   0x08000b3e   0x00000002   PAD
    0x08000b40   0x08000b40   0x00000050   Code   RO         2850    i.NVIC_Init         stm32f0xx_misc.o
    0x08000b90   0x08000b90   0x00000002   Code   RO          205    i.PendSV_Handler    stm32f0xx_it.o
    0x08000b92   0x08000b92   0x00000002   PAD
    0x08000b94   0x08000b94   0x0000001c   Code   RO         2515    i.RCC_AHBPeriphClockCmd  stm32f0xx_rcc.o
    0x08000bb0   0x08000bb0   0x0000001c   Code   RO         2517    i.RCC_APB1PeriphClockCmd  stm32f0xx_rcc.o
    0x08000bcc   0x08000bcc   0x00000194   Code   RO         2529    i.RCC_GetClocksFreq  stm32f0xx_rcc.o
    0x08000d60   0x08000d60   0x00000010   Code   RO         2187    i.RTC_Bcd2ToByte    stm32f0xx_rtc.o
    0x08000d70   0x08000d70   0x00000018   Code   RO         2189    i.RTC_ByteToBcd2    stm32f0xx_rtc.o
    0x08000d88   0x08000d88   0x0000001c   Code   RO         2193    i.RTC_ClearITPendingBit  stm32f0xx_rtc.o
    0x08000da4   0x08000da4   0x00000044   Code   RO         2197    i.RTC_EnterInitMode  stm32f0xx_rtc.o
    0x08000de8   0x08000de8   0x00000010   Code   RO         2198    i.RTC_ExitInitMode  stm32f0xx_rtc.o
    0x08000df8   0x08000df8   0x0000003c   Code   RO         2203    i.RTC_GetITStatus   stm32f0xx_rtc.o
    0x08000e34   0x08000e34   0x0000002a   Code   RO          206    i.RTC_IRQHandler    stm32f0xx_it.o
    0x08000e5e   0x08000e5e   0x00000002   PAD
    0x08000e60   0x08000e60   0x000000a4   Code   RO         2218    i.RTC_SetTime       stm32f0xx_rtc.o
    0x08000f04   0x08000f04   0x00000050   Code   RO         2232    i.RTC_WaitForSynchro  stm32f0xx_rtc.o
    0x08000f54   0x08000f54   0x00000002   Code   RO          207    i.SVC_Handler       stm32f0xx_it.o
    0x08000f56   0x08000f56   0x00000002   PAD
    0x08000f58   0x08000f58   0x00000060   Code   RO          935    i.SetSysClock       system_stm32f0xx.o
    0x08000fb8   0x08000fb8   0x00000010   Code   RO          208    i.SysTick_Handler   stm32f0xx_it.o
    0x08000fc8   0x08000fc8   0x00000060   Code   RO          937    i.SystemInit        system_stm32f0xx.o
    0x08001028   0x08001028   0x00000002   Code   RO          209    i.USART1_IRQHandler  stm32f0xx_it.o
    0x0800102a   0x0800102a   0x00000002   PAD
    0x0800102c   0x0800102c   0x00000074   Code   RO          210    i.USART2_IRQHandler  stm32f0xx_it.o
    0x080010a0   0x080010a0   0x00000004   Code   RO         1037    i.USART_ClearFlag   stm32f0xx_usart.o
    0x080010a4   0x080010a4   0x0000000a   Code   RO         1038    i.USART_ClearITPendingBit  stm32f0xx_usart.o
    0x080010ae   0x080010ae   0x00000018   Code   RO         1041    i.USART_Cmd         stm32f0xx_usart.o
    0x080010c6   0x080010c6   0x00000014   Code   RO         1048    i.USART_DirectionModeCmd  stm32f0xx_usart.o
    0x080010da   0x080010da   0x0000000e   Code   RO         1049    i.USART_GetFlagStatus  stm32f0xx_usart.o
    0x080010e8   0x080010e8   0x0000003c   Code   RO         1050    i.USART_GetITStatus  stm32f0xx_usart.o
    0x08001124   0x08001124   0x0000002e   Code   RO         1052    i.USART_ITConfig    stm32f0xx_usart.o
    0x08001152   0x08001152   0x00000002   PAD
    0x08001154   0x08001154   0x000000b0   Code   RO         1053    i.USART_Init        stm32f0xx_usart.o
    0x08001204   0x08001204   0x00000008   Code   RO         1065    i.USART_ReceiveData  stm32f0xx_usart.o
    0x0800120c   0x0800120c   0x00000014   Code   RO         1067    i.USART_RequestCmd  stm32f0xx_usart.o
    0x08001220   0x08001220   0x0000007c   Code   RO          897    i.Upate_595         drv_595.o
    0x0800129c   0x0800129c   0x0000002e   Code   RO         3943    i.__ARM_clz         mf_p.l(depilogue.o)
    0x080012ca   0x080012ca   0x0000000e   Code   RO         3949    i.__scatterload_copy  mc_p.l(handlers.o)
    0x080012d8   0x080012d8   0x00000002   Code   RO         3950    i.__scatterload_null  mc_p.l(handlers.o)
    0x080012da   0x080012da   0x0000000e   Code   RO         3951    i.__scatterload_zeroinit  mc_p.l(handlers.o)
    0x080012e8   0x080012e8   0x00000024   Code   RO            4    i.boot_task         main.o
    0x0800130c   0x0800130c   0x000000cc   Code   RO            5    i.boot_ui_init      main.o
    0x080013d8   0x080013d8   0x00000038   Code   RO          743    i.calcrc            poc.o
    0x08001410   0x08001410   0x0000001c   Code   RO          744    i.delay             poc.o
    0x0800142c   0x0800142c   0x0000029c   Code   RO            6    i.download_code_bin  main.o
    0x080016c8   0x080016c8   0x00000060   Code   RO          528    i.gb2312_to_unicode  gt21l16s2y.o
    0x08001728   0x08001728   0x00000028   Code   RO          529    i.gt21l16s2_get_ascii_6x12  gt21l16s2y.o
    0x08001750   0x08001750   0x00000024   Code   RO          530    i.gt21l16s2_get_ascii_8x16  gt21l16s2y.o
    0x08001774   0x08001774   0x0000008c   Code   RO          531    i.gt21l16s2_get_gb2312_11x12  gt21l16s2y.o
    0x08001800   0x08001800   0x00000080   Code   RO          532    i.gt21l16s2_get_gb2312_15x16  gt21l16s2y.o
    0x08001880   0x08001880   0x00000014   Code   RO          533    i.gt21l16s2_init    gt21l16s2y.o
    0x08001894   0x08001894   0x000000c8   Code   RO          534    i.gt21l16s2_read_addr  gt21l16s2y.o
    0x0800195c   0x0800195c   0x0000003a   Code   RO          830    i.hex_to_str        my_string.o
    0x08001996   0x08001996   0x00000060   Code   RO          898    i.init_595IO        drv_595.o
    0x080019f6   0x080019f6   0x00000002   PAD
    0x080019f8   0x080019f8   0x00000034   Code   RO          601    i.lcd_gpio_init     nv3021.o
    0x08001a2c   0x08001a2c   0x00000048   Code   RO          602    i.lcd_write_cmd8    nv3021.o
    0x08001a74   0x08001a74   0x00000064   Code   RO          603    i.lcd_write_dat16   nv3021.o
    0x08001ad8   0x08001ad8   0x00000048   Code   RO          604    i.lcd_write_dat8    nv3021.o
    0x08001b20   0x08001b20   0x000000a4   Code   RO            7    i.main              main.o
    0x08001bc4   0x08001bc4   0x00000038   Code   RO          605    i.nv3021_color_clr  nv3021.o
    0x08001bfc   0x08001bfc   0x00000060   Code   RO          606    i.nv3021_disp_bit1bmp_SingleByte  nv3021.o
    0x08001c5c   0x08001c5c   0x0000005a   Code   RO          611    i.nv3021_disp_range  nv3021.o
    0x08001cb6   0x08001cb6   0x00000050   Code   RO          616    i.nv3021_set_dis_range  nv3021.o
    0x08001d06   0x08001d06   0x00000002   PAD
    0x08001d08   0x08001d08   0x00000008   Code   RO          745    i.poc_get_para      poc.o
    0x08001d10   0x08001d10   0x0000005c   Code   RO          747    i.poc_gpio_init     poc.o
    0x08001d6c   0x08001d6c   0x00000054   Code   RO          748    i.poc_init          poc.o
    0x08001dc0   0x08001dc0   0x00000014   Code   RO          749    i.poc_send_cmd      poc.o
    0x08001dd4   0x08001dd4   0x00000290   Code   RO          750    i.poc_task          poc.o
    0x08002064   0x08002064   0x00000254   Code   RO          751    i.poc_uart_msg_deal  poc.o
    0x080022b8   0x080022b8   0x00000014   Code   RO            8    i.run_app           main.o
    0x080022cc   0x080022cc   0x00000084   Code   RO          535    i.spi_gpio_init     gt21l16s2y.o
    0x08002350   0x08002350   0x0000004c   Code   RO          832    i.str_to_hex        my_string.o
    0x0800239c   0x0800239c   0x000000cc   Code   RO          397    i.uart2_config      uart.o
    0x08002468   0x08002468   0x00000024   Code   RO          399    i.uart2_send_string  uart.o
    0x0800248c   0x0800248c   0x000000ca   Code   RO            9    i.ui_disp_china_11x12  main.o
    0x08002556   0x08002556   0x000000e8   Code   RO           10    i.ui_disp_china_15x16  main.o
    0x0800263e   0x0800263e   0x00000002   PAD
    0x08002640   0x08002640   0x00000014   Data   RO          899    .constdata          drv_595.o
    0x08002654   0x08002654   0x00000020   Data   RO         3947    Region$$Table       anon$$obj.o


    Execution Region RW_IRAM1 (Exec base: 0x20000000, Load base: 0x08002674, Size: 0x000020a8, Max: 0x00008000, ABSOLUTE)

    Exec Addr    Load Addr    Size         Type   Attr      Idx    E Section Name        Object

    0x20000000   0x08002674   0x00000010   Data   RW           14    .data               main.o
    0x20000010   0x08002684   0x00000004   Data   RW          211    .data               stm32f0xx_it.o
    0x20000014   0x08002688   0x00000008   Data   RW          480    .data               flash.o
    0x2000001c   0x08002690   0x00000010   Data   RW          753    .data               poc.o
    0x2000002c   0x080026a0   0x00000001   Data   RW          900    .data               drv_595.o
    0x2000002d   0x080026a1   0x00000001   Data   RW          901    .data               drv_595.o
    0x2000002e   0x080026a2   0x00000010   Data   RW         2555    .data               stm32f0xx_rcc.o
    0x2000003e   0x080026b2   0x00000002   PAD
    0x20000040        -       0x00001812   Zero   RW          403    .bss                uart.o
    0x20001852   0x080026b2   0x00000002   PAD
    0x20001854        -       0x00000454   Zero   RW          752    .bss                poc.o
    0x20001ca8        -       0x00000400   Zero   RW         3880    STACK               startup_stm32f030xc.o


==============================================================================

Image component sizes


      Code (inc. data)   RO Data    RW Data    ZI Data      Debug   Object Name

       234          4         20          2          0       2800   drv_595.o
       336          8          0          8          0       3997   flash.o
       792         40          0          0          0       5913   gt21l16s2y.o
      1526        274          0         16          0     182771   main.o
       134          0          0          0          0       1870   my_string.o
      1216         38          0          0          0       6982   nv3021.o
      1540        292          0         16       1108       9624   poc.o
        88         38        184          0       1024        616   startup_stm32f030xc.o
        60         18          0          0          0       1090   stm32f0xx_dma.o
        44         16          0          0          0       1481   stm32f0xx_exti.o
       276         40          0          0          0       4119   stm32f0xx_flash.o
       166          0          0          0          0       3179   stm32f0xx_gpio.o
       440         46          0          4          0     216812   stm32f0xx_it.o
        80          8          0          0          0        876   stm32f0xx_misc.o
       460         42          0         16          0       2909   stm32f0xx_rcc.o
       456         36          0          0          0       5468   stm32f0xx_rtc.o
       382         20          0          0          0       6944   stm32f0xx_usart.o
       192         20          0          0          0       1297   system_stm32f0xx.o
       240         18          0          0       6162       1940   uart.o

    ----------------------------------------------------------------------
      8684        958        236         64       8296     460688   Object Totals
         0          0         32          0          0          0   (incl. Generated)
        22          0          0          2          2          0   (incl. Padding)

    ----------------------------------------------------------------------

      Code (inc. data)   RO Data    RW Data    ZI Data      Debug   Library Member Name

         0          0          0          0          0          0   entry.o
         0          0          0          0          0          0   entry10a.o
         0          0          0          0          0          0   entry11a.o
         8          4          0          0          0          0   entry2.o
         4          0          0          0          0          0   entry5.o
         0          0          0          0          0          0   entry7b.o
         0          0          0          0          0          0   entry8b.o
         8          4          0          0          0          0   entry9a.o
        30          0          0          0          0          0   handlers.o
        40          0          0          0          0         72   idiv.o
        36          8          0          0          0         68   init.o
         0          0          0          0          0          0   iusefp.o
        32          0          0          0          0         68   llshl.o
        34          0          0          0          0         68   llushr.o
        26          0          0          0          0         72   memcmp.o
        36          0          0          0          0         60   memcpya.o
        36          0          0          0          0        100   memseta.o
        14          0          0          0          0         60   strlen.o
        12          0          0          0          0         60   toupper.o
        44          0          0          0          0         72   uidiv.o
       240          6          0          0          0         84   ddiv.o
       236          0          0          0          0        216   depilogue.o
        60         10          0          0          0         68   dfixui.o
        28          4          0          0          0         68   dfltui.o

    ----------------------------------------------------------------------
       924         36          0          0          0       1136   Library Totals
         0          0          0          0          0          0   (incl. Padding)

    ----------------------------------------------------------------------

      Code (inc. data)   RO Data    RW Data    ZI Data      Debug   Library Name

       360         16          0          0          0        700   mc_p.l
       564         20          0          0          0        436   mf_p.l

    ----------------------------------------------------------------------
       924         36          0          0          0       1136   Library Totals

    ----------------------------------------------------------------------

==============================================================================


      Code (inc. data)   RO Data    RW Data    ZI Data      Debug   

      9608        994        236         64       8296     457268   Grand Totals
      9608        994        236         64       8296     457268   ELF Image Totals
      9608        994        236         64          0          0   ROM Totals

==============================================================================

    Total RO  Size (Code + RO Data)                 9844 (   9.61kB)
    Total RW  Size (RW Data + ZI Data)              8360 (   8.16kB)
    Total ROM Size (Code + RO Data + RW Data)       9908 (   9.68kB)

==============================================================================

