Component: ARM Compiler 5.06 update 6 (build 750) Tool: armlink [4d35ed]

==============================================================================

Section Cross References

    main.o(i.main) refers to main.o(i.NVIC_SetPriority) for NVIC_SetPriority
    main.o(i.main) refers to tom_interface.o(i.delay_ms) for delay_ms
    main.o(i.main) refers to poc.o(i.main_init) for main_init
    main.o(i.main) refers to segger_rtt.o(i.SEGGER_RTT_ConfigUpBuffer) for SEGGER_RTT_ConfigUpBuffer
    main.o(i.main) refers to segger_rtt.o(i.SEGGER_RTT_ConfigDownBuffer) for SEGGER_RTT_ConfigDownBuffer
    main.o(i.main) refers to segger_rtt.o(i.SEGGER_RTT_SetTerminal) for SEGGER_RTT_SetTerminal
    main.o(i.main) refers to segger_rtt_printf.o(i.SEGGER_RTT_printf) for SEGGER_RTT_printf
    main.o(i.main) refers to main_process.o(i.main_process_key) for main_process_key
    main.o(i.main) refers to poc.o(i.poc_first_deal) for poc_first_deal
    main.o(i.main) refers to gps.o(i.gps_task) for gps_task
    main.o(i.main) refers to timed.o(i.timed_main_process) for timed_main_process
    main.o(i.main) refers to ui.o(i.ui_invite) for ui_invite
    main.o(i.main) refers to main.o(.ARM.__AT_0x20000000) for VectorTable
    stm32f0xx_it.o(i.DMA1_Channel1_IRQHandler) refers to stm32f0xx_dma.o(i.DMA_GetITStatus) for DMA_GetITStatus
    stm32f0xx_it.o(i.DMA1_Channel1_IRQHandler) refers to stm32f0xx_dma.o(i.DMA_ClearITPendingBit) for DMA_ClearITPendingBit
    stm32f0xx_it.o(i.EXTI0_1_IRQHandler) refers to stm32f0xx_exti.o(i.EXTI_ClearITPendingBit) for EXTI_ClearITPendingBit
    stm32f0xx_it.o(i.EXTI0_1_IRQHandler) refers to stm32f0xx_exti.o(i.EXTI_ClearFlag) for EXTI_ClearFlag
    stm32f0xx_it.o(i.EXTI2_3_IRQHandler) refers to stm32f0xx_exti.o(i.EXTI_ClearITPendingBit) for EXTI_ClearITPendingBit
    stm32f0xx_it.o(i.EXTI2_3_IRQHandler) refers to stm32f0xx_exti.o(i.EXTI_ClearFlag) for EXTI_ClearFlag
    stm32f0xx_it.o(i.EXTI4_15_IRQHandler) refers to stm32f0xx_exti.o(i.EXTI_GetITStatus) for EXTI_GetITStatus
    stm32f0xx_it.o(i.EXTI4_15_IRQHandler) refers to knob.o(i.knob_line_A_detection) for knob_line_A_detection
    stm32f0xx_it.o(i.EXTI4_15_IRQHandler) refers to stm32f0xx_exti.o(i.EXTI_ClearFlag) for EXTI_ClearFlag
    stm32f0xx_it.o(i.EXTI4_15_IRQHandler) refers to knob.o(i.knob_line_B_detection) for knob_line_B_detection
    stm32f0xx_it.o(i.EXTI4_15_IRQHandler) refers to stm32f0xx_exti.o(i.EXTI_ClearITPendingBit) for EXTI_ClearITPendingBit
    stm32f0xx_it.o(i.HardFault_Handler) refers to stm32f0xx_it.o(i.NVIC_SystemReset) for NVIC_SystemReset
    stm32f0xx_it.o(i.NMI_Handler) refers to stm32f0xx_it.o(i.NVIC_SystemReset) for NVIC_SystemReset
    stm32f0xx_it.o(i.RTC_IRQHandler) refers to stm32f0xx_rtc.o(i.RTC_GetITStatus) for RTC_GetITStatus
    stm32f0xx_it.o(i.RTC_IRQHandler) refers to stm32f0xx_rtc.o(i.RTC_SetTime) for RTC_SetTime
    stm32f0xx_it.o(i.RTC_IRQHandler) refers to stm32f0xx_rtc.o(i.RTC_ClearITPendingBit) for RTC_ClearITPendingBit
    stm32f0xx_it.o(i.RTC_IRQHandler) refers to stm32f0xx_exti.o(i.EXTI_ClearITPendingBit) for EXTI_ClearITPendingBit
    stm32f0xx_it.o(i.SysTick_Handler) refers to date_and_time.o(i.custom_date_time_timer) for custom_date_time_timer
    stm32f0xx_it.o(i.SysTick_Handler) refers to poc.o(.bss) for poc
    stm32f0xx_it.o(i.SysTick_Handler) refers to stm32f0xx_it.o(.data) for SysTick_Cnt
    stm32f0xx_it.o(i.SysTick_Handler) refers to gps.o(.bss) for gps_device
    stm32f0xx_it.o(i.SysTick_Handler) refers to tom_interface.o(.data) for while_timeout
    stm32f0xx_it.o(i.TIM6_IRQHandler) refers to stm32f0xx_tim.o(i.TIM_GetITStatus) for TIM_GetITStatus
    stm32f0xx_it.o(i.TIM6_IRQHandler) refers to key.o(i.key_scan) for key_scan
    stm32f0xx_it.o(i.TIM6_IRQHandler) refers to keyboard.o(i.keyboard_value_identify) for keyboard_value_identify
    stm32f0xx_it.o(i.TIM6_IRQHandler) refers to stm32f0xx_tim.o(i.TIM_ClearITPendingBit) for TIM_ClearITPendingBit
    stm32f0xx_it.o(i.USART1_IRQHandler) refers to stm32f0xx_usart.o(i.USART_GetITStatus) for USART_GetITStatus
    stm32f0xx_it.o(i.USART1_IRQHandler) refers to stm32f0xx_usart.o(i.USART_ClearITPendingBit) for USART_ClearITPendingBit
    stm32f0xx_it.o(i.USART1_IRQHandler) refers to stm32f0xx_usart.o(i.USART_ReceiveData) for USART_ReceiveData
    stm32f0xx_it.o(i.USART1_IRQHandler) refers to stm32f0xx_usart.o(i.USART_ClearFlag) for USART_ClearFlag
    stm32f0xx_it.o(i.USART1_IRQHandler) refers to gps.o(.bss) for gps_device
    stm32f0xx_it.o(i.USART1_IRQHandler) refers to stm32f0xx_it.o(.data) for uart1_recv_timer
    stm32f0xx_it.o(i.USART2_IRQHandler) refers to stm32f0xx_usart.o(i.USART_GetITStatus) for USART_GetITStatus
    stm32f0xx_it.o(i.USART2_IRQHandler) refers to stm32f0xx_usart.o(i.USART_ClearITPendingBit) for USART_ClearITPendingBit
    stm32f0xx_it.o(i.USART2_IRQHandler) refers to stm32f0xx_usart.o(i.USART_ReceiveData) for USART_ReceiveData
[...]
    PY_mb_jiu                                0x0802071e   Data          53  typewriting.o(.constdata)
    PY_mb_ju                                 0x08020753   Data         111  typewriting.o(.constdata)
    PY_mb_juan                               0x080207c2   Data          33  typewriting.o(.constdata)
    PY_mb_jue                                0x080207e3   Data          67  typewriting.o(.constdata)
    PY_mb_jun                                0x08020826   Data          33  typewriting.o(.constdata)
    PY_mb_k                                  0x08020847   Data          47  typewriting.o(.constdata)
    PY_mb_ka                                 0x08020876   Data          15  typewriting.o(.constdata)
    PY_mb_kai                                0x08020885   Data          27  typewriting.o(.constdata)
    PY_mb_kan                                0x080208a0   Data          29  typewriting.o(.constdata)
    PY_mb_kang                               0x080208bd   Data          21  typewriting.o(.constdata)
    PY_mb_kao                                0x080208d2   Data          17  typewriting.o(.constdata)
    PY_mb_ke                                 0x080208e3   Data          69  typewriting.o(.constdata)
    PY_mb_ken                                0x08020928   Data          11  typewriting.o(.constdata)
    PY_mb_keng                               0x08020933   Data           7  typewriting.o(.constdata)
    PY_mb_kong                               0x0802093a   Data          15  typewriting.o(.constdata)
    PY_mb_kou                                0x08020949   Data          19  typewriting.o(.constdata)
    PY_mb_ku                                 0x0802095c   Data          25  typewriting.o(.constdata)
    PY_mb_kua                                0x08020975   Data          13  typewriting.o(.constdata)
    PY_mb_kuai                               0x08020982   Data          23  typewriting.o(.constdata)
    PY_mb_kuan                               0x08020999   Data           7  typewriting.o(.constdata)
    PY_mb_kuang                              0x080209a0   Data          33  typewriting.o(.constdata)
    PY_mb_kui                                0x080209c1   Data          57  typewriting.o(.constdata)
    PY_mb_kun                                0x080209fa   Data          23  typewriting.o(.constdata)
    PY_mb_kuo                                0x08020a11   Data          15  typewriting.o(.constdata)
    PY_mb_l                                  0x08020a20   Data          75  typewriting.o(.constdata)
    PY_mb_la                                 0x08020a6b   Data          29  typewriting.o(.constdata)
    PY_mb_lai                                0x08020a88   Data          25  typewriting.o(.constdata)
    PY_mb_lan                                0x08020aa1   Data          45  typewriting.o(.constdata)
    PY_mb_lang                               0x08020ace   Data          29  typewriting.o(.constdata)
    PY_mb_lao                                0x08020aeb   Data          41  typewriting.o(.constdata)
    PY_mb_le                                 0x08020b14   Data          17  typewriting.o(.constdata)
    PY_mb_lei                                0x08020b25   Data          41  typewriting.o(.constdata)
    PY_mb_leng                               0x08020b4e   Data          11  typewriting.o(.constdata)
    PY_mb_li                                 0x08020b59   Data         157  typewriting.o(.constdata)
    PY_mb_lia                                0x08020bf6   Data           3  typewriting.o(.constdata)
    PY_mb_lian                               0x08020bf9   Data          57  typewriting.o(.constdata)
    PY_mb_liang                              0x08020c32   Data          35  typewriting.o(.constdata)
    PY_mb_liao                               0x08020c55   Data          43  typewriting.o(.constdata)
    PY_mb_lie                                0x08020c80   Data          27  typewriting.o(.constdata)
    PY_mb_lin                                0x08020c9b   Data          49  typewriting.o(.constdata)
    PY_mb_ling                               0x08020ccc   Data          59  typewriting.o(.constdata)
    PY_mb_liu                                0x08020d07   Data          47  typewriting.o(.constdata)
    PY_mb_lo                                 0x08020d36   Data           3  typewriting.o(.constdata)
    PY_mb_long                               0x08020d39   Data          37  typewriting.o(.constdata)
    PY_mb_lou                                0x08020d5e   Data          33  typewriting.o(.constdata)
    PY_mb_lu                                 0x08020d7f   Data          87  typewriting.o(.constdata)
    PY_mb_luan                               0x08020dd6   Data          23  typewriting.o(.constdata)
    PY_mb_lue                                0x08020ded   Data           7  typewriting.o(.constdata)
    PY_mb_lun                                0x08020df4   Data          17  typewriting.o(.constdata)
    PY_mb_luo                                0x08020e05   Data          59  typewriting.o(.constdata)
    PY_mb_lv                                 0x08020e40   Data          43  typewriting.o(.constdata)
    PY_mb_m                                  0x08020e6b   Data          55  typewriting.o(.constdata)
    PY_mb_ma                                 0x08020ea2   Data          35  typewriting.o(.constdata)
    PY_mb_mai                                0x08020ec5   Data          19  typewriting.o(.constdata)
    PY_mb_man                                0x08020ed8   Data          37  typewriting.o(.constdata)
    PY_mb_mang                               0x08020efd   Data          21  typewriting.o(.constdata)
    PY_mb_mao                                0x08020f12   Data          51  typewriting.o(.constdata)
    PY_mb_me                                 0x08020f45   Data           5  typewriting.o(.constdata)
    PY_mb_mei                                0x08020f4a   Data          57  typewriting.o(.constdata)
    PY_mb_men                                0x08020f83   Data          15  typewriting.o(.constdata)
    PY_mb_meng                               0x08020f92   Data          41  typewriting.o(.constdata)
    PY_mb_mi                                 0x08020fbb   Data          59  typewriting.o(.constdata)
    PY_mb_mian                               0x08020ff6   Data          29  typewriting.o(.constdata)
    PY_mb_miao                               0x08021013   Data          33  typewriting.o(.constdata)
    PY_mb_mie                                0x08021034   Data          13  typewriting.o(.constdata)
    PY_mb_min                                0x08021041   Data          33  typewriting.o(.constdata)
    PY_mb_ming                               0x08021062   Data          27  typewriting.o(.constdata)
    PY_mb_miu                                0x0802107d   Data           5  typewriting.o(.constdata)
    PY_mb_mo                                 0x08021082   Data          73  typewriting.o(.constdata)
    PY_mb_mou                                0x080210cb   Data          21  typewriting.o(.constdata)
    PY_mb_mu                                 0x080210e0   Data          49  typewriting.o(.constdata)
    PY_mb_n                                  0x08021111   Data          45  typewriting.o(.constdata)
    PY_mb_na                                 0x0802113e   Data          27  typewriting.o(.constdata)
    PY_mb_nai                                0x08021159   Data          21  typewriting.o(.constdata)
    PY_mb_nan                                0x0802116e   Data          21  typewriting.o(.constdata)
    PY_mb_nang                               0x08021183   Data          11  typewriting.o(.constdata)
    PY_mb_nao                                0x0802118e   Data          29  typewriting.o(.constdata)
    PY_mb_ne                                 0x080211ab   Data           9  typewriting.o(.constdata)
    PY_mb_nei                                0x080211b4   Data           9  typewriting.o(.constdata)
    PY_mb_nen                                0x080211bd   Data           5  typewriting.o(.constdata)
    PY_mb_neng                               0x080211c2   Data           3  typewriting.o(.constdata)
    PY_mb_ni                                 0x080211c5   Data          49  typewriting.o(.constdata)
    PY_mb_nian                               0x080211f6   Data          31  typewriting.o(.constdata)
    PY_mb_niang                              0x08021215   Data           5  typewriting.o(.constdata)
    PY_mb_niao                               0x0802121a   Data          15  typewriting.o(.constdata)
    PY_mb_nie                                0x08021229   Data          29  typewriting.o(.constdata)
    PY_mb_nin                                0x08021246   Data           5  typewriting.o(.constdata)
    PY_mb_ning                               0x0802124b   Data          23  typewriting.o(.constdata)
    PY_mb_niu                                0x08021262   Data          17  typewriting.o(.constdata)
    PY_mb_nong                               0x08021273   Data          13  typewriting.o(.constdata)
    PY_mb_nou                                0x08021280   Data           3  typewriting.o(.constdata)
    PY_mb_nu                                 0x08021283   Data          15  typewriting.o(.constdata)
    PY_mb_nuan                               0x08021292   Data           3  typewriting.o(.constdata)
    PY_mb_nuo                                0x08021295   Data          19  typewriting.o(.constdata)
    PY_mb_nv                                 0x080212a8   Data           9  typewriting.o(.constdata)
    PY_mb_nve                                0x080212b1   Data           5  typewriting.o(.constdata)
    PY_mb_o                                  0x080212b6   Data          23  typewriting.o(.constdata)
    PY_mb_ou                                 0x080212cd   Data          25  typewriting.o(.constdata)
    PY_mb_p                                  0x080212e6   Data          51  typewriting.o(.constdata)
    PY_mb_pa                                 0x08021319   Data          27  typewriting.o(.constdata)
    PY_mb_pai                                0x08021334   Data          21  typewriting.o(.constdata)
    PY_mb_pan                                0x08021349   Data          35  typewriting.o(.constdata)
    PY_mb_pang                               0x0802136c   Data          23  typewriting.o(.constdata)
    PY_mb_pao                                0x08021383   Data          25  typewriting.o(.constdata)
    PY_mb_pei                                0x0802139c   Data          31  typewriting.o(.constdata)
    PY_mb_pen                                0x080213bb   Data           7  typewriting.o(.constdata)
    PY_mb_peng                               0x080213c2   Data          37  typewriting.o(.constdata)
    PY_mb_pi                                 0x080213e7   Data          97  typewriting.o(.constdata)
    PY_mb_pian                               0x08021448   Data          27  typewriting.o(.constdata)
    PY_mb_piao                               0x08021463   Data          29  typewriting.o(.constdata)
    PY_mb_pie                                0x08021480   Data          11  typewriting.o(.constdata)
    PY_mb_pin                                0x0802148b   Data          25  typewriting.o(.constdata)
    PY_mb_ping                               0x080214a4   Data          31  typewriting.o(.constdata)
    PY_mb_po                                 0x080214c3   Data          45  typewriting.o(.constdata)
    PY_mb_pou                                0x080214f0   Data           7  typewriting.o(.constdata)
    PY_mb_pu                                 0x080214f7   Data          55  typewriting.o(.constdata)
    PY_mb_q                                  0x0802152e   Data          59  typewriting.o(.constdata)
    PY_mb_qi                                 0x08021569   Data         151  typewriting.o(.constdata)
    PY_mb_qia                                0x08021600   Data          17  typewriting.o(.constdata)
    PY_mb_qian                               0x08021611   Data          93  typewriting.o(.constdata)
    PY_mb_qiang                              0x0802166e   Data          43  typewriting.o(.constdata)
    PY_mb_qiao                               0x08021699   Data          61  typewriting.o(.constdata)
    PY_mb_qie                                0x080216d6   Data          29  typewriting.o(.constdata)
    PY_mb_qin                                0x080216f3   Data          49  typewriting.o(.constdata)
    PY_mb_qing                               0x08021724   Data          51  typewriting.o(.constdata)
    PY_mb_qiong                              0x08021757   Data          19  typewriting.o(.constdata)
    PY_mb_qiu                                0x0802176a   Data          51  typewriting.o(.constdata)
    PY_mb_qu                                 0x0802179d   Data          73  typewriting.o(.constdata)
    PY_mb_quan                               0x080217e6   Data          43  typewriting.o(.constdata)
    PY_mb_que                                0x08021811   Data          23  typewriting.o(.constdata)
    PY_mb_qun                                0x08021828   Data           7  typewriting.o(.constdata)
    PY_mb_r                                  0x0802182f   Data          45  typewriting.o(.constdata)
    PY_mb_ran                                0x0802185c   Data          15  typewriting.o(.constdata)
    PY_mb_rang                               0x0802186b   Data          15  typewriting.o(.constdata)
    PY_mb_rao                                0x0802187a   Data          13  typewriting.o(.constdata)
    PY_mb_re                                 0x08021887   Data           7  typewriting.o(.constdata)
    PY_mb_ren                                0x0802188e   Data          35  typewriting.o(.constdata)
    PY_mb_reng                               0x080218b1   Data           5  typewriting.o(.constdata)
    PY_mb_ri                                 0x080218b6   Data           3  typewriting.o(.constdata)
    PY_mb_rong                               0x080218b9   Data          31  typewriting.o(.constdata)
    PY_mb_rou                                0x080218d8   Data          13  typewriting.o(.constdata)
    PY_mb_ru                                 0x080218e5   Data          41  typewriting.o(.constdata)
    PY_mb_ruan                               0x0802190e   Data           7  typewriting.o(.constdata)
    PY_mb_rui                                0x08021915   Data          17  typewriting.o(.constdata)
    PY_mb_run                                0x08021926   Data           5  typewriting.o(.constdata)
    PY_mb_ruo                                0x0802192b   Data           9  typewriting.o(.constdata)
    PY_mb_s                                  0x08021934   Data          71  typewriting.o(.constdata)
    PY_mb_sa                                 0x0802197b   Data          17  typewriting.o(.constdata)
    PY_mb_sai                                0x0802198c   Data          13  typewriting.o(.constdata)
    PY_mb_san                                0x08021999   Data          15  typewriting.o(.constdata)
    PY_mb_sang                               0x080219a8   Data          13  typewriting.o(.constdata)
    PY_mb_sao                                0x080219b5   Data          23  typewriting.o(.constdata)
    PY_mb_se                                 0x080219cc   Data          15  typewriting.o(.constdata)
    PY_mb_sen                                0x080219db   Data           3  typewriting.o(.constdata)
    PY_mb_seng                               0x080219de   Data           3  typewriting.o(.constdata)
    PY_mb_sh                                 0x080219e1   Data          55  typewriting.o(.constdata)
    PY_mb_sha                                0x08021a18   Data          41  typewriting.o(.constdata)
    PY_mb_shai                               0x08021a41   Data           7  typewriting.o(.constdata)
    PY_mb_shan                               0x08021a48   Data          73  typewriting.o(.constdata)
    PY_mb_shang                              0x08021a91   Data          29  typewriting.o(.constdata)
    PY_mb_shao                               0x08021aae   Data          41  typewriting.o(.constdata)
    PY_mb_she                                0x08021ad7   Data          43  typewriting.o(.constdata)
    PY_mb_shen                               0x08021b02   Data          57  typewriting.o(.constdata)
    PY_mb_sheng                              0x08021b3b   Data          35  typewriting.o(.constdata)
    PY_mb_shi                                0x08021b5e   Data         141  typewriting.o(.constdata)
    PY_mb_shou                               0x08021beb   Data          29  typewriting.o(.constdata)
    PY_mb_shu                                0x08021c08   Data          95  typewriting.o(.constdata)
    PY_mb_shua                               0x08021c67   Data           7  typewriting.o(.constdata)
    PY_mb_shuai                              0x08021c6e   Data          11  typewriting.o(.constdata)
    PY_mb_shuan                              0x08021c79   Data           9  typewriting.o(.constdata)
    PY_mb_shuang                             0x08021c82   Data          11  typewriting.o(.constdata)
    PY_mb_shui                               0x08021c8d   Data          11  typewriting.o(.constdata)
    PY_mb_shun                               0x08021c98   Data           9  typewriting.o(.constdata)
    PY_mb_shuo                               0x08021ca1   Data          21  typewriting.o(.constdata)
    PY_mb_si                                 0x08021cb6   Data          71  typewriting.o(.constdata)
    PY_mb_song                               0x08021cfd   Data          33  typewriting.o(.constdata)
    PY_mb_sou                                0x08021d1e   Data          29  typewriting.o(.constdata)
    PY_mb_su                                 0x08021d3b   Data          45  typewriting.o(.constdata)
    PY_mb_suan                               0x08021d68   Data           9  typewriting.o(.constdata)
    PY_mb_sui                                0x08021d71   Data          39  typewriting.o(.constdata)
    PY_mb_sun                                0x08021d98   Data          17  typewriting.o(.constdata)
    PY_mb_suo                                0x08021da9   Data          35  typewriting.o(.constdata)
    PY_mb_t                                  0x08021dcc   Data          57  typewriting.o(.constdata)
    PY_mb_ta                                 0x08021e05   Data          41  typewriting.o(.constdata)
    PY_mb_tai                                0x08021e2e   Data          37  typewriting.o(.constdata)
    PY_mb_tan                                0x08021e53   Data          53  typewriting.o(.constdata)
    PY_mb_tang                               0x08021e88   Data          51  typewriting.o(.constdata)
    PY_mb_tao                                0x08021ebb   Data          37  typewriting.o(.constdata)
    PY_mb_te                                 0x08021ee0   Data          11  typewriting.o(.constdata)
    PY_mb_teng                               0x08021eeb   Data          11  typewriting.o(.constdata)
    PY_mb_ti                                 0x08021ef6   Data          51  typewriting.o(.constdata)
    PY_mb_tian                               0x08021f29   Data          29  typewriting.o(.constdata)
    PY_mb_tiao                               0x08021f46   Data          33  typewriting.o(.constdata)
    PY_mb_tie                                0x08021f67   Data          11  typewriting.o(.constdata)
    PY_mb_ting                               0x08021f72   Data          37  typewriting.o(.constdata)
    PY_mb_tong                               0x08021f97   Data          49  typewriting.o(.constdata)
    PY_mb_tou                                0x08021fc8   Data          13  typewriting.o(.constdata)
    PY_mb_tu                                 0x08021fd5   Data          33  typewriting.o(.constdata)
    PY_mb_tuan                               0x08021ff6   Data          15  typewriting.o(.constdata)
    PY_mb_tui                                0x08022005   Data          17  typewriting.o(.constdata)
    PY_mb_tun                                0x08022016   Data          19  typewriting.o(.constdata)
    PY_mb_tuo                                0x08022029   Data          55  typewriting.o(.constdata)
    PY_mb_w                                  0x08022060   Data          63  typewriting.o(.constdata)
    PY_mb_wa                                 0x0802209f   Data          23  typewriting.o(.constdata)
    PY_mb_wai                                0x080220b6   Data           7  typewriting.o(.constdata)
    PY_mb_wan                                0x080220bd   Data          59  typewriting.o(.constdata)
    PY_mb_wang                               0x080220f8   Data          33  typewriting.o(.constdata)
    PY_mb_wei                                0x08022119   Data         125  typewriting.o(.constdata)
    PY_mb_wen                                0x08022196   Data          33  typewriting.o(.constdata)
    PY_mb_weng                               0x080221b7   Data          11  typewriting.o(.constdata)
    PY_mb_wo                                 0x080221c2   Data          35  typewriting.o(.constdata)
    PY_mb_wu                                 0x080221e5   Data         115  typewriting.o(.constdata)
    PY_mb_x                                  0x08022258   Data          63  typewriting.o(.constdata)
    PY_mb_xi                                 0x08022297   Data         155  typewriting.o(.constdata)
    PY_mb_xia                                0x08022332   Data          47  typewriting.o(.constdata)
    PY_mb_xian                               0x08022361   Data          99  typewriting.o(.constdata)
    PY_mb_xiang                              0x080223c4   Data          61  typewriting.o(.constdata)
    PY_mb_xiao                               0x08022401   Data          61  typewriting.o(.constdata)
    PY_mb_xie                                0x0802243e   Data          85  typewriting.o(.constdata)
    PY_mb_xin                                0x08022493   Data          35  typewriting.o(.constdata)
    PY_mb_xing                               0x080224b6   Data          47  typewriting.o(.constdata)
    PY_mb_xiong                              0x080224e5   Data          17  typewriting.o(.constdata)
    PY_mb_xiu                                0x080224f6   Data          39  typewriting.o(.constdata)
    PY_mb_xu                                 0x0802251d   Data          71  typewriting.o(.constdata)
    PY_mb_xuan                               0x08022564   Data          55  typewriting.o(.constdata)
    PY_mb_xue                                0x0802259b   Data          25  typewriting.o(.constdata)
    PY_mb_xun                                0x080225b4   Data          67  typewriting.o(.constdata)
    PY_mb_y                                  0x080225f7   Data          73  typewriting.o(.constdata)
    PY_mb_ya                                 0x08022640   Data          59  typewriting.o(.constdata)
    PY_mb_yan                                0x0802267b   Data         135  typewriting.o(.constdata)
    PY_mb_yang                               0x08022702   Data          51  typewriting.o(.constdata)
    PY_mb_yao                                0x08022735   Data          73  typewriting.o(.constdata)
    PY_mb_ye                                 0x0802277e   Data          53  typewriting.o(.constdata)
    PY_mb_yi                                 0x080227b3   Data         213  typewriting.o(.constdata)
    PY_mb_yin                                0x08022888   Data          73  typewriting.o(.constdata)
    PY_mb_ying                               0x080228d1   Data          79  typewriting.o(.constdata)
    PY_mb_yo                                 0x08022920   Data           7  typewriting.o(.constdata)
    PY_mb_yong                               0x08022927   Data          51  typewriting.o(.constdata)
    PY_mb_you                                0x0802295a   Data          87  typewriting.o(.constdata)
    PY_mb_yu                                 0x080229b1   Data         195  typewriting.o(.constdata)
    PY_mb_yuan                               0x08022a74   Data          71  typewriting.o(.constdata)
    PY_mb_yue                                0x08022abb   Data          37  typewriting.o(.constdata)
    PY_mb_yun                                0x08022ae0   Data          51  typewriting.o(.constdata)
    PY_mb_z                                  0x08022b13   Data          75  typewriting.o(.constdata)
    PY_mb_za                                 0x08022b5e   Data          15  typewriting.o(.constdata)
    PY_mb_zai                                0x08022b6d   Data          21  typewriting.o(.constdata)
    PY_mb_zan                                0x08022b82   Data          23  typewriting.o(.constdata)
    PY_mb_zang                               0x08022b99   Data          15  typewriting.o(.constdata)
    PY_mb_zao                                0x08022ba8   Data          31  typewriting.o(.constdata)
    PY_mb_ze                                 0x08022bc7   Data          31  typewriting.o(.constdata)
    PY_mb_zei                                0x08022be6   Data           3  typewriting.o(.constdata)
    PY_mb_zen                                0x08022be9   Data           5  typewriting.o(.constdata)
    PY_mb_zeng                               0x08022bee   Data          19  typewriting.o(.constdata)
    PY_mb_zh                                 0x08022c01   Data          71  typewriting.o(.constdata)
    PY_mb_zha                                0x08022c48   Data          55  typewriting.o(.constdata)
    PY_mb_zhai                               0x08022c7f   Data          25  typewriting.o(.constdata)
    PY_mb_zhan                               0x08022c98   Data          43  typewriting.o(.constdata)
    PY_mb_zhang                              0x08022cc3   Data          49  typewriting.o(.constdata)
    PY_mb_zhao                               0x08022cf4   Data          39  typewriting.o(.constdata)
    PY_mb_zhe                                0x08022d1b   Data          41  typewriting.o(.constdata)
    PY_mb_zhen                               0x08022d44   Data          67  typewriting.o(.constdata)
    PY_mb_zheng                              0x08022d87   Data          45  typewriting.o(.constdata)
    PY_mb_zhi                                0x08022db4   Data         161  typewriting.o(.constdata)
    PY_mb_zhong                              0x08022e55   Data          35  typewriting.o(.constdata)
    PY_mb_zhou                               0x08022e78   Data          49  typewriting.o(.constdata)
    PY_mb_zhu                                0x08022ea9   Data          99  typewriting.o(.constdata)
    PY_mb_zhua                               0x08022f0c   Data           7  typewriting.o(.constdata)
    PY_mb_zhuai                              0x08022f13   Data           9  typewriting.o(.constdata)
    PY_mb_zhuan                              0x08022f1c   Data          23  typewriting.o(.constdata)
    PY_mb_zhuang                             0x08022f33   Data          21  typewriting.o(.constdata)
    PY_mb_zhui                               0x08022f48   Data          19  typewriting.o(.constdata)
    PY_mb_zhun                               0x08022f5b   Data          11  typewriting.o(.constdata)
    PY_mb_zhuo                               0x08022f66   Data          49  typewriting.o(.constdata)
    PY_mb_zi                                 0x08022f97   Data          79  typewriting.o(.constdata)
    PY_mb_zong                               0x08022fe6   Data          23  typewriting.o(.constdata)
    PY_mb_zou                                0x08022ffd   Data          19  typewriting.o(.constdata)
    PY_mb_zu                                 0x08023010   Data          23  typewriting.o(.constdata)
    PY_mb_zuan                               0x08023027   Data          13  typewriting.o(.constdata)
    PY_mb_zui                                0x08023034   Data          15  typewriting.o(.constdata)
    PY_mb_zun                                0x08023043   Data          11  typewriting.o(.constdata)
    PY_mb_zuo                                0x0802304e   Data          39  typewriting.o(.constdata)
    t9PY_index                               0x08023078   Data        5832  typewriting.o(.constdata)
    HexTable                                 0x08024740   Data          16  typewriting.o(.constdata)
    __ctype_table                            0x080248c4   Data         129  ctype_o.o(.constdata)
    Region$$Table$$Base                      0x08025bac   Number         0  anon$$obj.o(Region$$Table)
    Region$$Table$$Limit                     0x08025bdc   Number         0  anon$$obj.o(Region$$Table)
    VectorTable                              0x20000000   Data         192  main.o(.ARM.__AT_0x20000000)
    uart1_recv_timer                         0x200000c4   Data           2  stm32f0xx_it.o(.data)
    SysTick_Cnt                              0x200000c8   Data           4  stm32f0xx_it.o(.data)
    datetime                                 0x200000d6   Data           8  date_and_time.o(.data)
    gps_nodata_offtime                       0x200000f0   Data           4  gps.o(.data)
    gps_init_flag                            0x200000f4   Data           1  gps.o(.data)
    first_line                               0x20000102   Data           1  knob.o(.data)
    first_line_edge                          0x20000103   Data           1  knob.o(.data)
    read_time                                0x2000011e   Data           4  poc.o(.data)
    read_data                                0x20000122   Data           4  poc.o(.data)
    g_bug_fix_first_tts_play_flag            0x20000126   Data           1  poc.o(.data)
    g_air_code_adb_timer_count               0x20000130   Data           4  timed.o(.data)
    while_timeout                            0x20000164   Data           1  tom_interface.o(.data)
    all_adc                                  0x20000166   Data           8  tom_interface.o(.data)
    step_switch                              0x2000016e   Data           1  tom_interface.o(.data)
    rx_len                                   0x2000016f   Data           1  tom_interface.o(.data)
    usart2_tx_len                            0x20000170   Data           2  tom_interface.o(.data)
    UartReady                                0x20000172   Data           1  tom_interface.o(.data)
    lcd_port                                 0x20000174   Data          52  tom_interface.o(.data)
    Symble                                   0x200001b0   Data           4  typewriting.o(.data)
    hzdispwin                                0x200001b4   Data           1  typewriting.o(.data)
    pyfd                                     0x200001b8   Data           4  typewriting.o(.data)
    pysum                                    0x200001bc   Data           2  typewriting.o(.data)
    hzsum                                    0x200001be   Data           2  typewriting.o(.data)
    pyseek                                   0x200001c0   Data           2  typewriting.o(.data)
    firsthz                                  0x200001c2   Data           2  typewriting.o(.data)
    hzseek                                   0x200001c4   Data           2  typewriting.o(.data)
    curhz                                    0x200001c6   Data           2  typewriting.o(.data)
    maxcurhz                                 0x200001c8   Data           2  typewriting.o(.data)
    baseaddr                                 0x200001cc   Data           4  typewriting.o(.data)
    ui                                       0x200001e8   Data           1  ui.o(.data)
    g_air_code_account_update_flag           0x200001e9   Data           1  ui.o(.data)
    g_call_state                             0x200001ea   Data           1  ui.o(.data)
    g_desktop_or_phone_dial_page             0x200001eb   Data           1  ui.o(.data)
    gps_device                               0x200002a8   Data        2388  gps.o(.bss)
    poc                                      0x20000cfc   Data       13124  poc.o(.bss)
    new_caontact                             0x20004154   Data          38  telephone.o(.bss)
    call_contacts                            0x2000417a   Data        1901  telephone.o(.bss)
    call_record                              0x200048e7   Data        2042  telephone.o(.bss)
    Pinyin                                   0x200050e4   Data         143  typewriting.o(.bss)
    KeyBoard                                 0x20005173   Data          18  typewriting.o(.bss)
    t9                                       0x20005188   Data          80  typewriting.o(.bss)
    pyidx                                    0x200051d8   Data          52  typewriting.o(.bss)
    hzstring                                 0x2000520c   Data          20  typewriting.o(.bss)
    all_key                                  0x200052e8   Data         102  key.o(.bss)
    _SEGGER_RTT                              0x20005350   Data         168  segger_rtt.o(.bss)
    __initial_sp                             0x20005908   Data           0  startup_stm32f030xc.o(STACK)



==============================================================================

Memory Map of the image

  Image Entry point : 0x080040b9

  Load Region LR_IROM1 (Base: 0x08004000, Size: 0x00021dc0, Max: 0x0003c000, ABSOLUTE, COMPRESSED[0x00021c34])

    Execution Region ER_IROM1 (Exec base: 0x08004000, Load base: 0x08004000, Size: 0x00021bdc, Max: 0x0003c000, ABSOLUTE)

    Exec Addr    Load Addr    Size         Type   Attr      Idx    E Section Name        Object

    0x08004000   0x08004000   0x000000b8   Data   RO         6338    RESET               startup_stm32f030xc.o
    0x080040b8   0x080040b8   0x00000000   Code   RO         6347  * .ARM.Collect$$$$00000000  mc_p.l(entry.o)
    0x080040b8   0x080040b8   0x00000004   Code   RO         6647    .ARM.Collect$$$$00000001  mc_p.l(entry2.o)
    0x080040bc   0x080040bc   0x00000004   Code   RO         6650    .ARM.Collect$$$$00000004  mc_p.l(entry5.o)
    0x080040c0   0x080040c0   0x00000000   Code   RO         6652    .ARM.Collect$$$$00000008  mc_p.l(entry7b.o)
    0x080040c0   0x080040c0   0x00000000   Code   RO         6654    .ARM.Collect$$$$0000000A  mc_p.l(entry8b.o)
    0x080040c0   0x080040c0   0x00000008   Code   RO         6655    .ARM.Collect$$$$0000000B  mc_p.l(entry9a.o)
    0x080040c8   0x080040c8   0x00000000   Code   RO         6657    .ARM.Collect$$$$0000000D  mc_p.l(entry10a.o)
    0x080040c8   0x080040c8   0x00000000   Code   RO         6659    .ARM.Collect$$$$0000000F  mc_p.l(entry11a.o)
    0x080040c8   0x080040c8   0x00000004   Code   RO         6648    .ARM.Collect$$$$00002712  mc_p.l(entry2.o)
    0x080040cc   0x080040cc   0x00000058   Code   RO         6339    .text               startup_stm32f030xc.o
    0x08004124   0x08004124   0x0000002c   Code   RO         6350    .text               mc_p.l(uidiv.o)
    0x08004150   0x08004150   0x00000028   Code   RO         6352    .text               mc_p.l(idiv.o)
    0x08004178   0x08004178   0x0000000c   Code   RO         6354    .text               mc_p.l(toupper.o)
    0x08004184   0x08004184   0x00000024   Code   RO         6356    .text               mc_p.l(memcpya.o)
    0x080041a8   0x080041a8   0x00000024   Code   RO         6358    .text               mc_p.l(memseta.o)
    0x080041cc   0x080041cc   0x00000028   Code   RO         6360    .text               mc_p.l(strstr.o)
    0x080041f4   0x080041f4   0x0000000e   Code   RO         6362    .text               mc_p.l(strlen.o)
    0x08004202   0x08004202   0x0000001c   Code   RO         6364    .text               mc_p.l(strcmp.o)
    0x0800421e   0x0800421e   0x0000001a   Code   RO         6366    .text               mc_p.l(memcmp.o)
    0x08004238   0x08004238   0x00000012   Code   RO         6368    .text               mc_p.l(strcpy.o)
    0x0800424a   0x0800424a   0x0000001a   Code   RO         6633    .text               mc_p.l(atoi.o)
    0x08004264   0x08004264   0x00000164   Code   RO         6635    .text               mf_p.l(dadd.o)
    0x080043c8   0x080043c8   0x000000d0   Code   RO         6637    .text               mf_p.l(dmul.o)
    0x08004498   0x08004498   0x000000f0   Code   RO         6639    .text               mf_p.l(ddiv.o)
    0x08004588   0x08004588   0x00000028   Code   RO         6641    .text               mf_p.l(dflti.o)
    0x080045b0   0x080045b0   0x0000001c   Code   RO         6643    .text               mf_p.l(dfltui.o)
    0x080045cc   0x080045cc   0x00000048   Code   RO         6645    .text               mf_p.l(dfixi.o)
    0x08004614   0x08004614   0x00000060   Code   RO         6664    .text               mc_p.l(uldiv.o)
    0x08004674   0x08004674   0x00000020   Code   RO         6666    .text               mc_p.l(llshl.o)
    0x08004694   0x08004694   0x00000022   Code   RO         6668    .text               mc_p.l(llushr.o)
    0x080046b6   0x080046b6   0x00000026   Code   RO         6670    .text               mc_p.l(llsshr.o)
    0x080046dc   0x080046dc   0x000000a4   Code   RO         6679    .text               mc_p.l(strtod.o)
    0x08004780   0x08004780   0x00000070   Code   RO         6681    .text               mc_p.l(strtol.o)
    0x080047f0   0x080047f0   0x00000000   Code   RO         6683    .text               mc_p.l(iusefp.o)
    0x080047f0   0x080047f0   0x000000be   Code   RO         6684    .text               mf_p.l(depilogue.o)
    0x080048ae   0x080048ae   0x00000002   PAD
    0x080048b0   0x080048b0   0x00000040   Code   RO         6688    .text               mf_p.l(dfixul.o)
    0x080048f0   0x080048f0   0x00000028   Code   RO         6690    .text               mf_p.l(cdrcmple.o)
    0x08004918   0x08004918   0x00000024   Code   RO         6692    .text               mc_p.l(init.o)
    0x0800493c   0x0800493c   0x00000008   Code   RO         6697    .text               mc_p.l(ctype_o.o)
    0x08004944   0x08004944   0x00000012   Code   RO         6719    .text               mc_p.l(isspace_o.o)
    0x08004956   0x08004956   0x00000002   PAD
    0x08004958   0x08004958   0x00000374   Code   RO         6725    .text               mc_p.l(scanf_fp.o)
    0x08004ccc   0x08004ccc   0x00000044   Code   RO         6729    .text               mc_p.l(_sgetc.o)
    0x08004d10   0x08004d10   0x000000a6   Code   RO         6731    .text               mc_p.l(_strtoul.o)
    0x08004db6   0x08004db6   0x0000007a   Code   RO         6734    .text               mc_p.l(llmul.o)
    0x08004e30   0x08004e30   0x0000001e   Code   RO         6739    .text               mc_p.l(_chval.o)
    0x08004e4e   0x08004e4e   0x00000002   PAD
    0x08004e50   0x08004e50   0x0000001c   Code   RO         6741    .text               mf_p.l(dfltul.o)
    0x08004e6c   0x08004e6c   0x00000038   Code   RO         6743    .text               mf_p.l(d2f.o)
    0x08004ea4   0x08004ea4   0x00000082   Code   RO         6745    .text               mf_p.l(fepilogue.o)
    0x08004f26   0x08004f26   0x00000056   Code   RO         6755    .text               mc_p.l(__dczerorl2.o)
    0x08004f7c   0x08004f7c   0x00000018   Code   RO         2701    i.ADC_ChannelConfig  stm32f0xx_adc.o
    0x08004f94   0x08004f94   0x00000018   Code   RO         2705    i.ADC_Cmd           stm32f0xx_adc.o
    0x08004fac   0x08004fac   0x00000018   Code   RO         2707    i.ADC_DMACmd        stm32f0xx_adc.o
    0x08004fc4   0x08004fc4   0x00000010   Code   RO         2708    i.ADC_DMARequestModeConfig  stm32f0xx_adc.o
    0x08004fd4   0x08004fd4   0x00000080   Code   RO         1269    i.ADC_DMA_Init      tom_interface.o
    0x08005054   0x08005054   0x00000020   Code   RO         2709    i.ADC_DeInit        stm32f0xx_adc.o
    0x08005074   0x08005074   0x0000003c   Code   RO         2711    i.ADC_GetCalibrationFactor  stm32f0xx_adc.o
    0x080050b0   0x080050b0   0x00000030   Code   RO         2713    i.ADC_GetFlagStatus  stm32f0xx_adc.o
    0x080050e0   0x080050e0   0x0000002c   Code   RO         2716    i.ADC_Init          stm32f0xx_adc.o
    0x0800510c   0x0800510c   0x0000000a   Code   RO         2719    i.ADC_StartOfConversion  stm32f0xx_adc.o
    0x08005116   0x08005116   0x00000010   Code   RO         2721    i.ADC_StructInit    stm32f0xx_adc.o
    0x08005126   0x08005126   0x00000010   Code   RO          194    i.DMA1_Channel1_IRQHandler  stm32f0xx_it.o
    0x08005136   0x08005136   0x00000002   Code   RO          195    i.DMA1_Channel2_3_IRQHandler  stm32f0xx_it.o
    0x08005138   0x08005138   0x00000002   Code   RO          196    i.DMA1_Channel4_5_IRQHandler  stm32f0xx_it.o
    0x0800513a   0x0800513a   0x00000002   PAD
    0x0800513c   0x0800513c   0x00000020   Code   RO         3618    i.DMA_ClearITPendingBit  stm32f0xx_dma.o
    0x0800515c   0x0800515c   0x0000001c   Code   RO         3619    i.DMA_Cmd           stm32f0xx_dma.o
    0x08005178   0x08005178   0x00000164   Code   RO         3620    i.DMA_DeInit        stm32f0xx_dma.o
    0x080052dc   0x080052dc   0x00000034   Code   RO         3623    i.DMA_GetITStatus   stm32f0xx_dma.o
    0x08005310   0x08005310   0x00000014   Code   RO         3624    i.DMA_ITConfig      stm32f0xx_dma.o
    0x08005324   0x08005324   0x00000040   Code   RO         3625    i.DMA_Init          stm32f0xx_dma.o
    0x08005364   0x08005364   0x000000de   Code   RO         1438    i.DataFormat2       typewriting.o
    0x08005442   0x08005442   0x00000002   PAD
    0x08005444   0x08005444   0x00000014   Code   RO          197    i.EXTI0_1_IRQHandler  stm32f0xx_it.o
    0x08005458   0x08005458   0x00000014   Code   RO          198    i.EXTI2_3_IRQHandler  stm32f0xx_it.o
    0x0800546c   0x0800546c   0x00000044   Code   RO          199    i.EXTI4_15_IRQHandler  stm32f0xx_it.o
    0x080054b0   0x080054b0   0x0000000c   Code   RO         3703    i.EXTI_ClearFlag    stm32f0xx_exti.o
    0x080054bc   0x080054bc   0x0000000c   Code   RO         3704    i.EXTI_ClearITPendingBit  stm32f0xx_exti.o
    0x080054c8   0x080054c8   0x0000001c   Code   RO         3708    i.EXTI_GetITStatus  stm32f0xx_exti.o
    0x080054e4   0x080054e4   0x00000088   Code   RO         3709    i.EXTI_Init         stm32f0xx_exti.o
    0x0800556c   0x0800556c   0x0000000c   Code   RO         3765    i.FLASH_ClearFlag   stm32f0xx_flash.o
    0x08005578   0x08005578   0x0000004c   Code   RO         3767    i.FLASH_ErasePage   stm32f0xx_flash.o
    0x080055c4   0x080055c4   0x0000003c   Code   RO         3770    i.FLASH_GetStatus   stm32f0xx_flash.o
    0x08005600   0x08005600   0x00000014   Code   RO         3772    i.FLASH_Lock        stm32f0xx_flash.o
    0x08005614   0x08005614   0x0000006c   Code   RO         3792    i.FLASH_ProgramWord  stm32f0xx_flash.o
    0x08005680   0x08005680   0x00000024   Code   RO         3794    i.FLASH_Unlock      stm32f0xx_flash.o
    0x080056a4   0x080056a4   0x00000028   Code   RO         3795    i.FLASH_WaitForLastOperation  stm32f0xx_flash.o
    0x080056cc   0x080056cc   0x00000090   Code   RO         3966    i.GPIO_Init         stm32f0xx_gpio.o
    0x0800575c   0x0800575c   0x00000044   Code   RO         3967    i.GPIO_PinAFConfig  stm32f0xx_gpio.o
    0x080057a0   0x080057a0   0x00000014   Code   RO         3970    i.GPIO_ReadInputDataBit  stm32f0xx_gpio.o
    0x080057b4   0x080057b4   0x00000004   Code   RO         3973    i.GPIO_ResetBits    stm32f0xx_gpio.o
    0x080057b8   0x080057b8   0x00000004   Code   RO         3974    i.GPIO_SetBits      stm32f0xx_gpio.o
    0x080057bc   0x080057bc   0x0000000a   Code   RO          200    i.HardFault_Handler  stm32f0xx_it.o
    0x080057c6   0x080057c6   0x00000002   PAD
    0x080057c8   0x080057c8   0x00000028   Code   RO         1439    i.KeyBoard_GetInputChar  typewriting.o
    0x080057f0   0x080057f0   0x000000d8   Code   RO         1440    i.KeyBoard_GetPinyinInputChar  typewriting.o
    0x080058c8   0x080058c8   0x000000c8   Code   RO         1441    i.KeyBoard_InputChar  typewriting.o
    0x08005990   0x08005990   0x00000070   Code   RO         1442    i.KeyBoard_KeyChar  typewriting.o
    0x08005a00   0x08005a00   0x00000016   Code   RO         1443    i.MemClear          typewriting.o
    0x08005a16   0x08005a16   0x00000006   Code   RO          201    i.NMI_Handler       stm32f0xx_it.o
    0x08005a1c   0x08005a1c   0x00000070   Code   RO         4379    i.NVIC_Init         stm32f0xx_misc.o
    0x08005a8c   0x08005a8c   0x00000078   Code   RO            3    i.NVIC_SetPriority  main.o
    0x08005b04   0x08005b04   0x0000001c   Code   RO          202    i.NVIC_SystemReset  stm32f0xx_it.o
    0x08005b20   0x08005b20   0x0000001c   Code   RO         1649    i.NVIC_SystemReset  ui.o
    0x08005b3c   0x08005b3c   0x00000002   Code   RO          203    i.PendSV_Handler    stm32f0xx_it.o
    0x08005b3e   0x08005b3e   0x00000002   PAD
    0x08005b40   0x08005b40   0x00000040   Code   RO         1444    i.Pinyin_GetPinyinOutData  typewriting.o
    0x08005b80   0x08005b80   0x0000003c   Code   RO         1445    i.Pinyin_GetStringData  typewriting.o
    0x08005bbc   0x08005bbc   0x00000040   Code   RO         1446    i.Pinyin_Init       typewriting.o
    0x08005bfc   0x08005bfc   0x00000048   Code   RO         1447    i.Pinyin_Select     typewriting.o
    0x08005c44   0x08005c44   0x00000038   Code   RO         4485    i.RCC_ADCCLKConfig  stm32f0xx_rcc.o
    0x08005c7c   0x08005c7c   0x00000020   Code   RO         4486    i.RCC_AHBPeriphClockCmd  stm32f0xx_rcc.o
    0x08005c9c   0x08005c9c   0x00000020   Code   RO         4488    i.RCC_APB1PeriphClockCmd  stm32f0xx_rcc.o
    0x08005cbc   0x08005cbc   0x00000020   Code   RO         4489    i.RCC_APB1PeriphResetCmd  stm32f0xx_rcc.o
    0x08005cdc   0x08005cdc   0x00000020   Code   RO         4490    i.RCC_APB2PeriphClockCmd  stm32f0xx_rcc.o
    0x08005cfc   0x08005cfc   0x00000020   Code   RO         4491    i.RCC_APB2PeriphResetCmd  stm32f0xx_rcc.o
    0x08005d1c   0x08005d1c   0x00000078   Code   RO         4499    i.RCC_DeInit        stm32f0xx_rcc.o
    0x08005d94   0x08005d94   0x00000248   Code   RO         4500    i.RCC_GetClocksFreq  stm32f0xx_rcc.o
    0x08005fdc   0x08005fdc   0x00000048   Code   RO         4501    i.RCC_GetFlagStatus  stm32f0xx_rcc.o
    0x08006024   0x08006024   0x00000010   Code   RO         4503    i.RCC_GetSYSCLKSource  stm32f0xx_rcc.o
    0x08006034   0x08006034   0x00000020   Code   RO         4504    i.RCC_HCLKConfig    stm32f0xx_rcc.o
    0x08006054   0x08006054   0x00000010   Code   RO         4505    i.RCC_HSEConfig     stm32f0xx_rcc.o
    0x08006064   0x08006064   0x00000024   Code   RO         4509    i.RCC_HSICmd        stm32f0xx_rcc.o
    0x08006088   0x08006088   0x00000028   Code   RO         4512    i.RCC_LSEConfig     stm32f0xx_rcc.o
    0x080060b0   0x080060b0   0x00000024   Code   RO         4516    i.RCC_PCLKConfig    stm32f0xx_rcc.o
    0x080060d4   0x080060d4   0x00000028   Code   RO         4517    i.RCC_PLLCmd        stm32f0xx_rcc.o
    0x080060fc   0x080060fc   0x0000001c   Code   RO         4522    i.RCC_SYSCLKConfig  stm32f0xx_rcc.o
    0x08006118   0x08006118   0x0000001a   Code   RO         4762    i.RTC_Bcd2ToByte    stm32f0xx_rtc.o
    0x08006132   0x08006132   0x0000001c   Code   RO         4764    i.RTC_ByteToBcd2    stm32f0xx_rtc.o
    0x0800614e   0x0800614e   0x00000002   PAD
    0x08006150   0x08006150   0x00000024   Code   RO         4768    i.RTC_ClearITPendingBit  stm32f0xx_rtc.o
    0x08006174   0x08006174   0x00000058   Code   RO         4772    i.RTC_EnterInitMode  stm32f0xx_rtc.o
    0x080061cc   0x080061cc   0x00000014   Code   RO         4773    i.RTC_ExitInitMode  stm32f0xx_rtc.o
    0x080061e0   0x080061e0   0x0000004c   Code   RO         4778    i.RTC_GetITStatus   stm32f0xx_rtc.o
    0x0800622c   0x0800622c   0x00000036   Code   RO          204    i.RTC_IRQHandler    stm32f0xx_it.o
    0x08006262   0x08006262   0x00000002   PAD
    0x08006264   0x08006264   0x000000d8   Code   RO         4793    i.RTC_SetTime       stm32f0xx_rtc.o
    0x0800633c   0x0800633c   0x0000006c   Code   RO         4807    i.RTC_WaitForSynchro  stm32f0xx_rtc.o
    0x080063a8   0x080063a8   0x00000094   Code   RO         2464    i.SEGGER_RTT_ConfigDownBuffer  segger_rtt.o
    0x0800643c   0x0800643c   0x00000094   Code   RO         2465    i.SEGGER_RTT_ConfigUpBuffer  segger_rtt.o
    0x080064d0   0x080064d0   0x00000098   Code   RO         2480    i.SEGGER_RTT_SetTerminal  segger_rtt.o
    0x08006568   0x08006568   0x00000048   Code   RO         2483    i.SEGGER_RTT_Write  segger_rtt.o
    0x080065b0   0x080065b0   0x00000084   Code   RO         2484    i.SEGGER_RTT_WriteNoLock  segger_rtt.o
    0x08006634   0x08006634   0x00000026   Code   RO         2656    i.SEGGER_RTT_printf  segger_rtt_printf.o
    0x0800665a   0x0800665a   0x00000218   Code   RO         2657    i.SEGGER_RTT_vprintf  segger_rtt_printf.o
    0x08006872   0x08006872   0x00000002   Code   RO          205    i.SVC_Handler       stm32f0xx_it.o
    0x08006874   0x08006874   0x00000040   Code   RO         5293    i.SYSCFG_EXTILineConfig  stm32f0xx_syscfg.o
    0x080068b4   0x080068b4   0x00000088   Code   RO         6301    i.SetSysClock       system_stm32f0xx.o
    0x0800693c   0x0800693c   0x0000000a   Code   RO         1448    i.Symble_GetSelectedSymble  typewriting.o
    0x08006946   0x08006946   0x00000004   Code   RO         1449    i.Symble_GetSymbleCount  typewriting.o
    0x0800694a   0x0800694a   0x00000002   PAD
    0x0800694c   0x0800694c   0x00000014   Code   RO         1450    i.Symble_GetSymbleValue  typewriting.o
    0x08006960   0x08006960   0x00000010   Code   RO         1451    i.Symble_Init       typewriting.o
    0x08006970   0x08006970   0x00000028   Code   RO         1452    i.Symble_SetSelectSymble  typewriting.o
    0x08006998   0x08006998   0x0000008c   Code   RO          206    i.SysTick_Handler   stm32f0xx_it.o
    0x08006a24   0x08006a24   0x00000080   Code   RO         1271    i.SystemClock_Config48M  tom_interface.o
    0x08006aa4   0x08006aa4   0x00000048   Code   RO         1272    i.SystemClock_Config8M  tom_interface.o
    0x08006aec   0x08006aec   0x0000007c   Code   RO         6303    i.SystemInit        system_stm32f0xx.o
    0x08006b68   0x08006b68   0x00000024   Code   RO          207    i.TIM6_IRQHandler   stm32f0xx_it.o
    0x08006b8c   0x08006b8c   0x0000006c   Code   RO         1273    i.TIM6_init         tom_interface.o
    0x08006bf8   0x08006bf8   0x00000006   Code   RO         5373    i.TIM_ClearFlag     stm32f0xx_tim.o
    0x08006bfe   0x08006bfe   0x00000006   Code   RO         5374    i.TIM_ClearITPendingBit  stm32f0xx_tim.o
    0x08006c04   0x08006c04   0x0000001c   Code   RO         5379    i.TIM_Cmd           stm32f0xx_tim.o
    0x08006c20   0x08006c20   0x00000026   Code   RO         5400    i.TIM_GetITStatus   stm32f0xx_tim.o
    0x08006c46   0x08006c46   0x00000014   Code   RO         5404    i.TIM_ITConfig      stm32f0xx_tim.o
    0x08006c5a   0x08006c5a   0x00000002   PAD
    0x08006c5c   0x08006c5c   0x0000007c   Code   RO         5452    i.TIM_TimeBaseInit  stm32f0xx_tim.o
    0x08006cd8   0x08006cd8   0x00000020   Code   RO         1453    i.UI_CloseSymbleBox  typewriting.o
    0x08006cf8   0x08006cf8   0x00000048   Code   RO         1455    i.UI_ShowKeyBoardInputType  typewriting.o
    0x08006d40   0x08006d40   0x00000238   Code   RO         1456    i.UI_ShowPinyinBox  typewriting.o
    0x08006f78   0x08006f78   0x00000044   Code   RO         1457    i.UI_ShowSymbleBox  typewriting.o
    0x08006fbc   0x08006fbc   0x000000f0   Code   RO         1458    i.UI_ShowSymbleBoxItem  typewriting.o
    0x080070ac   0x080070ac   0x00000098   Code   RO          208    i.USART1_IRQHandler  stm32f0xx_it.o
    0x08007144   0x08007144   0x00000090   Code   RO          209    i.USART2_IRQHandler  stm32f0xx_it.o
    0x080071d4   0x080071d4   0x00000004   Code   RO         5934    i.USART_ClearFlag   stm32f0xx_usart.o
    0x080071d8   0x080071d8   0x00000012   Code   RO         5935    i.USART_ClearITPendingBit  stm32f0xx_usart.o
    0x080071ea   0x080071ea   0x00000018   Code   RO         5938    i.USART_Cmd         stm32f0xx_usart.o
    0x08007202   0x08007202   0x00000002   PAD
    0x08007204   0x08007204   0x000000f0   Code   RO         5944    i.USART_DeInit      stm32f0xx_usart.o
    0x080072f4   0x080072f4   0x00000014   Code   RO         5945    i.USART_DirectionModeCmd  stm32f0xx_usart.o
    0x08007308   0x08007308   0x00000014   Code   RO         5946    i.USART_GetFlagStatus  stm32f0xx_usart.o
    0x0800731c   0x0800731c   0x0000004e   Code   RO         5947    i.USART_GetITStatus  stm32f0xx_usart.o
    0x0800736a   0x0800736a   0x00000042   Code   RO         5949    i.USART_ITConfig    stm32f0xx_usart.o
    0x080073ac   0x080073ac   0x000000f8   Code   RO         5950    i.USART_Init        stm32f0xx_usart.o
    0x080074a4   0x080074a4   0x0000000a   Code   RO         5962    i.USART_ReceiveData  stm32f0xx_usart.o
    0x080074ae   0x080074ae   0x00000014   Code   RO         5964    i.USART_RequestCmd  stm32f0xx_usart.o
    0x080074c2   0x080074c2   0x00000002   PAD
    0x080074c4   0x080074c4   0x00000070   Code   RO         2488    i._DoInit           segger_rtt.o
    0x08007534   0x08007534   0x0000001c   Code   RO         2489    i._GetAvailWriteSpace  segger_rtt.o
    0x08007550   0x08007550   0x0000010e   Code   RO         2658    i._PrintInt         segger_rtt_printf.o
    0x0800765e   0x0800765e   0x00000002   PAD
    0x08007660   0x08007660   0x0000011c   Code   RO         2659    i._PrintUnsigned    segger_rtt_printf.o
    0x0800777c   0x0800777c   0x00000044   Code   RO         2660    i._StoreChar        segger_rtt_printf.o
    0x080077c0   0x080077c0   0x0000007a   Code   RO         2491    i._WriteBlocking    segger_rtt.o
    0x0800783a   0x0800783a   0x0000004a   Code   RO         2492    i._WriteNoCheck     segger_rtt.o
    0x08007884   0x08007884   0x00000028   Code   RO         6607    i.__0sprintf        mc_p.l(printfa.o)
    0x080078ac   0x080078ac   0x0000002e   Code   RO         6686    i.__ARM_clz         mf_p.l(depilogue.o)
    0x080078da   0x080078da   0x0000001c   Code   RO          373    i.__ARM_common_switch8  battery.o
    0x080078f6   0x080078f6   0x00000002   PAD
    0x080078f8   0x080078f8   0x00000008   Code   RO         6672    i.__aeabi_errno_addr  mc_p.l(errno.o)
    0x08007900   0x08007900   0x0000000c   Code   RO         6673    i.__read_errno      mc_p.l(errno.o)
    0x0800790c   0x0800790c   0x0000000e   Code   RO         6749    i.__scatterload_copy  mc_p.l(handlers.o)
    0x0800791a   0x0800791a   0x00000002   Code   RO         6750    i.__scatterload_null  mc_p.l(handlers.o)
    0x0800791c   0x0800791c   0x0000000e   Code   RO         6751    i.__scatterload_zeroinit  mc_p.l(handlers.o)
    0x0800792a   0x0800792a   0x00000002   PAD
    0x0800792c   0x0800792c   0x0000000c   Code   RO         6674    i.__set_errno       mc_p.l(errno.o)
    0x08007938   0x08007938   0x00000174   Code   RO         6612    i._fp_digits        mc_p.l(printfa.o)
    0x08007aac   0x08007aac   0x0000000e   Code   RO         6727    i._is_digit         mc_p.l(scanf_fp.o)
    0x08007aba   0x08007aba   0x00000002   PAD
    0x08007abc   0x08007abc   0x000006ec   Code   RO         6613    i._printf_core      mc_p.l(printfa.o)
    0x080081a8   0x080081a8   0x00000020   Code   RO         6614    i._printf_post_padding  mc_p.l(printfa.o)
    0x080081c8   0x080081c8   0x0000002c   Code   RO         6615    i._printf_pre_padding  mc_p.l(printfa.o)
    0x080081f4   0x080081f4   0x0000000a   Code   RO         6617    i._sputc            mc_p.l(printfa.o)
    0x080081fe   0x080081fe   0x00000002   PAD
    0x08008200   0x08008200   0x000000a8   Code   RO         1274    i.adc_device_init   tom_interface.o
    0x080082a8   0x080082a8   0x0000006c   Code   RO         1275    i.adc_gpio_init     tom_interface.o
    0x08008314   0x08008314   0x00000002   Code   RO         1276    i.adc_start_init    tom_interface.o
    0x08008316   0x08008316   0x00000002   PAD
    0x08008318   0x08008318   0x0000001c   Code   RO         1010    i.air_code_timer_100ms_process  timed.o
    0x08008334   0x08008334   0x000000b8   Code   RO         1650    i.at_0c_talking_count_down  ui.o
    0x080083ec   0x080083ec   0x0000002a   Code   RO         6344    i.atof              m_ps.l(atof.o)
    0x08008416   0x08008416   0x00000002   PAD
    0x08008418   0x08008418   0x0000001c   Code   RO         1651    i.back_to_desktop   ui.o
    0x08008434   0x08008434   0x00000028   Code   RO         1011    i.backlight_idle_clear  timed.o
    0x0800845c   0x0800845c   0x0000010c   Code   RO         1012    i.backlight_timer_1s  timed.o
    0x08008568   0x08008568   0x00000198   Code   RO          344    i.battery_process   battery.o
    0x08008700   0x08008700   0x00000028   Code   RO          800    i.bug_fix_not_logged  poc.o
    0x08008728   0x08008728   0x0000009c   Code   RO          801    i.bug_fix_ptt_end_with_0c00  poc.o
    0x080087c4   0x080087c4   0x00000048   Code   RO         1652    i.cala_unicode_name_len  ui.o
    0x0800880c   0x0800880c   0x000000a4   Code   RO          470    i.custom_date_time_timer  date_and_time.o
    0x080088b0   0x080088b0   0x000000e8   Code   RO          519    i.ddmm2dd           gps.o
    0x08008998   0x08008998   0x00000060   Code   RO         1277    i.delay_ms          tom_interface.o
    0x080089f8   0x080089f8   0x00000088   Code   RO          956    i.delete_one_call_record_item  telephone.o
    0x08008a80   0x08008a80   0x00000070   Code   RO          957    i.delete_one_contact_item  telephone.o
    0x08008af0   0x08008af0   0x00000184   Code   RO          958    i.deposit_call_record  telephone.o
    0x08008c74   0x08008c74   0x00000064   Code   RO          959    i.deposit_new_contact  telephone.o
    0x08008cd8   0x08008cd8   0x00000198   Code   RO          345    i.dispaly_battery_ico  battery.o
    0x08008e70   0x08008e70   0x000001a8   Code   RO         1653    i.dispaly_csq_ico   ui.o
    0x08009018   0x08009018   0x00000074   Code   RO          520    i.dispaly_gps_ico   gps.o
    0x0800908c   0x0800908c   0x00000098   Code   RO         1654    i.dispaly_network_type  ui.o
    0x08009124   0x08009124   0x00000074   Code   RO         1655    i.dispaly_red_vertical_line  ui.o
    0x08009198   0x08009198   0x00000154   Code   RO          726    i.dispaly_volume_ico  pa_led_volume.o
    0x080092ec   0x080092ec   0x000000b4   Code   RO          471    i.display_date_and_week  date_and_time.o
    0x080093a0   0x080093a0   0x000000a4   Code   RO         2313    i.display_line      lcd_app.o
    0x08009444   0x08009444   0x000001ac   Code   RO         1656    i.display_phone_time_count_down  ui.o
    0x080095f0   0x080095f0   0x000001b0   Code   RO         1657    i.display_talking_count_down  ui.o
    0x080097a0   0x080097a0   0x00000138   Code   RO          472    i.display_time_icon  date_and_time.o
    0x080098d8   0x080098d8   0x000000aa   Code   RO         2407    i.drv_lcd_set_display_range  lcd_drv.o
    0x08009982   0x08009982   0x00000002   PAD
    0x08009984   0x08009984   0x000000ac   Code   RO         1278    i.else_input_gpio_init  tom_interface.o
    0x08009a30   0x08009a30   0x00000134   Code   RO         1279    i.else_output_gpio_init  tom_interface.o
    0x08009b64   0x08009b64   0x00000042   Code   RO         1171    i.flash_erase       tom_flash.o
    0x08009ba6   0x08009ba6   0x00000016   Code   RO         1172    i.flash_read        tom_flash.o
    0x08009bbc   0x08009bbc   0x00000046   Code   RO         1173    i.flash_write       tom_flash.o
    0x08009c02   0x08009c02   0x00000002   PAD
    0x08009c04   0x08009c04   0x00000034   Code   RO         2106    i.font_get_ascii_pixel_data_6x12  font.o
    0x08009c38   0x08009c38   0x000000bc   Code   RO         2107    i.font_get_ascii_pixel_data_8x16  font.o
    0x08009cf4   0x08009cf4   0x000000a0   Code   RO         2108    i.font_get_gb2312_pixel_data_11x12  font.o
    0x08009d94   0x08009d94   0x00000090   Code   RO         2109    i.font_get_gb2312_pixel_data_15x16  font.o
    0x08009e24   0x08009e24   0x000000b8   Code   RO          802    i.get_battary_level  poc.o
    0x08009edc   0x08009edc   0x0000000c   Code   RO          346    i.get_battery_level  battery.o
    0x08009ee8   0x08009ee8   0x00000090   Code   RO         1280    i.get_gpio_state    tom_interface.o
    0x08009f78   0x08009f78   0x0000001c   Code   RO          608    i.get_keyboard_number  main_process.o
    0x08009f94   0x08009f94   0x0000000c   Code   RO         2079    i.get_keyboard_value  keyboard.o
    0x08009fa0   0x08009fa0   0x0000001c   Code   RO          609    i.get_long_keyboard_number  main_process.o
    0x08009fbc   0x08009fbc   0x00000084   Code   RO         1459    i.get_matched_pymb  typewriting.o
    0x0800a040   0x0800a040   0x00000034   Code   RO         1013    i.get_poc_time      timed.o
    0x0800a074   0x0800a074   0x00000064   Code   RO         1460    i.get_pymb          typewriting.o
    0x0800a0d8   0x0800a0d8   0x0000003c   Code   RO          521    i.gps_enable_flag_handle  gps.o
    0x0800a114   0x0800a114   0x00000024   Code   RO          522    i.gps_init          gps.o
    0x0800a138   0x0800a138   0x00000104   Code   RO          523    i.gps_poc_report    gps.o
    0x0800a23c   0x0800a23c   0x000000c4   Code   RO          524    i.gps_poc_report_timer_process  gps.o
    0x0800a300   0x0800a300   0x00000274   Code   RO          525    i.gps_process       gps.o
    0x0800a574   0x0800a574   0x00000270   Code   RO          526    i.gps_task          gps.o
    0x0800a7e4   0x0800a7e4   0x00000044   Code   RO         1999    i.hc595_init        hc595.o
    0x0800a828   0x0800a828   0x00000060   Code   RO         2000    i.hc595_send_data   hc595.o
    0x0800a888   0x0800a888   0x00000030   Code   RO         2001    i.hc595_set         hc595.o
    0x0800a8b8   0x0800a8b8   0x0000012c   Code   RO          803    i.headphone_control_process  poc.o
    0x0800a9e4   0x0800a9e4   0x00000052   Code   RO         1088    i.hex_to_str        tom_data_conversion.o
    0x0800aa36   0x0800aa36   0x00000094   Code   RO         1089    i.insert            tom_data_conversion.o
    0x0800aaca   0x0800aaca   0x00000012   Code   RO         1091    i.int2str_hex       tom_data_conversion.o
    0x0800aadc   0x0800aadc   0x00000058   Code   RO         1014    i.invite_idle_timer_1s  timed.o
    0x0800ab34   0x0800ab34   0x000001b8   Code   RO         2175    i.item_num_display  lcd_api.o
    0x0800acec   0x0800acec   0x000001b4   Code   RO         2176    i.item_num_display_for_3max  lcd_api.o
    0x0800aea0   0x0800aea0   0x000000ac   Code   RO         1461    i.itoa              typewriting.o
    0x0800af4c   0x0800af4c   0x00000016   Code   RO         2034    i.key_clear         key.o
    0x0800af62   0x0800af62   0x00000002   PAD
    0x0800af64   0x0800af64   0x00000208   Code   RO         2035    i.key_scan          key.o
    0x0800b16c   0x0800b16c   0x00000064   Code   RO         2036    i.key_short_long_press_scan  key.o
    0x0800b1d0   0x0800b1d0   0x000002a0   Code   RO          610    i.keyboard_0_to_9_process  main_process.o
    0x0800b470   0x0800b470   0x0000000c   Code   RO          611    i.keyboard_number_clear  main_process.o
    0x0800b47c   0x0800b47c   0x00000254   Code   RO         2080    i.keyboard_value_identify  keyboard.o
    0x0800b6d0   0x0800b6d0   0x00000058   Code   RO         1281    i.knob_init         tom_interface.o
    0x0800b728   0x0800b728   0x00000088   Code   RO          582    i.knob_line_A_detection  knob.o
    0x0800b7b0   0x0800b7b0   0x00000088   Code   RO          583    i.knob_line_B_detection  knob.o
    0x0800b838   0x0800b838   0x0000001e   Code   RO         2177    i.lcd_api_bmp       lcd_api.o
    0x0800b856   0x0800b856   0x00000024   Code   RO         2179    i.lcd_api_bmp_with_one_color  lcd_api.o
    0x0800b87a   0x0800b87a   0x0000001e   Code   RO         2180    i.lcd_api_clear     lcd_api.o
    0x0800b898   0x0800b898   0x00000070   Code   RO         2181    i.lcd_api_clear_a_line  lcd_api.o
    0x0800b908   0x0800b908   0x00000050   Code   RO         2182    i.lcd_api_display_range  lcd_api.o
    0x0800b958   0x0800b958   0x00000008   Code   RO         2183    i.lcd_api_init      lcd_api.o
    0x0800b960   0x0800b960   0x000002e0   Code   RO         2184    i.lcd_api_normal_item_disp  lcd_api.o
    0x0800bc40   0x0800bc40   0x00000334   Code   RO         2185    i.lcd_api_normal_item_disp_with_contacts_list  lcd_api.o
    0x0800bf74   0x0800bf74   0x000002e0   Code   RO         2186    i.lcd_api_normal_item_disp_with_group_list  lcd_api.o
    0x0800c254   0x0800c254   0x00000450   Code   RO         2187    i.lcd_api_normal_item_disp_with_record_list  lcd_api.o
    0x0800c6a4   0x0800c6a4   0x000002e0   Code   RO         2188    i.lcd_api_normal_item_disp_with_userfriend_list  lcd_api.o
    0x0800c984   0x0800c984   0x0000001c   Code   RO         2189    i.lcd_api_tan       lcd_api.o
    0x0800c9a0   0x0800c9a0   0x00000082   Code   RO         2190    i.lcd_api_text_gbk_display  lcd_api.o
    0x0800ca22   0x0800ca22   0x00000002   PAD
    0x0800ca24   0x0800ca24   0x00000144   Code   RO         2191    i.lcd_api_text_scroll_display  lcd_api.o
    0x0800cb68   0x0800cb68   0x00000038   Code   RO         2192    i.lcd_api_text_unicode_display  lcd_api.o
    0x0800cba0   0x0800cba0   0x0000001e   Code   RO         2194    i.lcd_api_y_line    lcd_api.o
    0x0800cbbe   0x0800cbbe   0x00000054   Code   RO         2314    i.lcd_app_display_bmp  lcd_app.o
    0x0800cc12   0x0800cc12   0x00000072   Code   RO         2316    i.lcd_app_display_bmp_with_one_color  lcd_app.o
    0x0800cc84   0x0800cc84   0x000000de   Code   RO         2317    i.lcd_app_display_chinese_11x12  lcd_app.o
    0x0800cd62   0x0800cd62   0x00000114   Code   RO         2318    i.lcd_app_display_chinese_15x16  lcd_app.o
    0x0800ce76   0x0800ce76   0x00000046   Code   RO         2319    i.lcd_app_display_clear  lcd_app.o
    0x0800cebc   0x0800cebc   0x00000072   Code   RO         2320    i.lcd_app_display_font_data  lcd_app.o
    0x0800cf2e   0x0800cf2e   0x00000008   Code   RO         2321    i.lcd_app_display_init  lcd_app.o
    0x0800cf36   0x0800cf36   0x00000046   Code   RO         2322    i.lcd_app_display_tan  lcd_app.o
    0x0800cf7c   0x0800cf7c   0x00000044   Code   RO         2323    i.lcd_app_display_x_line  lcd_app.o
    0x0800cfc0   0x0800cfc0   0x00000044   Code   RO         2324    i.lcd_app_display_y_line  lcd_app.o
    0x0800d004   0x0800d004   0x00000062   Code   RO         2325    i.lcd_app_string_uincode_to_gb2312  lcd_app.o
    0x0800d066   0x0800d066   0x0000001a   Code   RO         2408    i.lcd_delay_ms      lcd_drv.o
    0x0800d080   0x0800d080   0x00000054   Code   RO         1282    i.lcd_gpio_init     tom_interface.o
    0x0800d0d4   0x0800d0d4   0x000001d6   Code   RO         2409    i.lcd_init          lcd_drv.o
    0x0800d2aa   0x0800d2aa   0x00000002   PAD
    0x0800d2ac   0x0800d2ac   0x00000034   Code   RO         2410    i.lcd_reset         lcd_drv.o
    0x0800d2e0   0x0800d2e0   0x00000050   Code   RO         2444    i.lcd_write_cmd8    lcd_drv.o
    0x0800d330   0x0800d330   0x00000074   Code   RO         2411    i.lcd_write_dat16   lcd_drv.o
    0x0800d3a4   0x0800d3a4   0x00000050   Code   RO         2450    i.lcd_write_dat8    lcd_drv.o
    0x0800d3f4   0x0800d3f4   0x00000128   Code   RO          727    i.led_bling_timer   pa_led_volume.o
    0x0800d51c   0x0800d51c   0x000000c4   Code   RO          728    i.led_state_set     pa_led_volume.o
    0x0800d5e0   0x0800d5e0   0x00000398   Code   RO          612    i.long_hot_key_process  main_process.o
    0x0800d978   0x0800d978   0x000000fc   Code   RO            4    i.main              main.o
    0x0800da74   0x0800da74   0x0000005c   Code   RO          804    i.main_init         poc.o
    0x0800dad0   0x0800dad0   0x0000041c   Code   RO          614    i.main_process_key  main_process.o
    0x0800deec   0x0800deec   0x0000002c   Code   RO         1283    i.module_at_tx      tom_interface.o
    0x0800df18   0x0800df18   0x00000068   Code   RO          729    i.pa_on_timer       pa_led_volume.o
    0x0800df80   0x0800df80   0x000000a8   Code   RO          730    i.pa_timer_process  pa_led_volume.o
    0x0800e028   0x0800e028   0x00000034   Code   RO          805    i.para_is_reas      poc.o
    0x0800e05c   0x0800e05c   0x00000130   Code   RO         1462    i.pinyin_process    typewriting.o
    0x0800e18c   0x0800e18c   0x000000f4   Code   RO          806    i.play_local_info_tts  poc.o
    0x0800e280   0x0800e280   0x000000ac   Code   RO          807    i.play_tts          poc.o
    0x0800e32c   0x0800e32c   0x000000d8   Code   RO          808    i.play_tts_group_and_user  poc.o
    0x0800e404   0x0800e404   0x0000009c   Code   RO          809    i.play_tts_with_2Param  poc.o
    0x0800e4a0   0x0800e4a0   0x0000009c   Code   RO          810    i.play_unicode_tts  poc.o
    0x0800e53c   0x0800e53c   0x00000244   Code   RO          811    i.poc_factory_reset  poc.o
    0x0800e780   0x0800e780   0x000001e0   Code   RO          812    i.poc_first_deal    poc.o
    0x0800e960   0x0800e960   0x000001ec   Code   RO          813    i.poc_init          poc.o
    0x0800eb4c   0x0800eb4c   0x00001a04   Code   RO          814    i.poc_process       poc.o
    0x08010550   0x08010550   0x000001a4   Code   RO          815    i.poc_set_account   poc.o
    0x080106f4   0x080106f4   0x0000019c   Code   RO          816    i.poc_set_net_mode  poc.o
    0x08010890   0x08010890   0x0000006c   Code   RO          817    i.poc_set_ptt_tone  poc.o
    0x080108fc   0x080108fc   0x000000ec   Code   RO          818    i.poc_set_time_zone  poc.o
    0x080109e8   0x080109e8   0x0000015c   Code   RO          615    i.process_key_back  main_process.o
    0x08010b44   0x08010b44   0x00000118   Code   RO          616    i.process_key_down  main_process.o
    0x08010c5c   0x08010c5c   0x0000013c   Code   RO          617    i.process_key_ok    main_process.o
    0x08010d98   0x08010d98   0x0000001c   Code   RO          618    i.process_key_star  main_process.o
    0x08010db4   0x08010db4   0x00000118   Code   RO          619    i.process_key_up    main_process.o
    0x08010ecc   0x08010ecc   0x000000a8   Code   RO          620    i.process_step_switch_down  main_process.o
    0x08010f74   0x08010f74   0x000000a8   Code   RO          621    i.process_step_switch_up  main_process.o
    0x0801101c   0x0801101c   0x00000090   Code   RO          473    i.process_yymmdd_cnt  date_and_time.o
    0x080110ac   0x080110ac   0x00000150   Code   RO         1463    i.pyInit            typewriting.o
    0x080111fc   0x080111fc   0x0000007c   Code   RO         4527    i.rcc_init_GPIO_en  stm32f0xx_rcc.o
    0x08011278   0x08011278   0x0000001c   Code   RO         1175    i.read_flash_call_contacts_data  tom_flash.o
    0x08011294   0x08011294   0x0000001c   Code   RO         1176    i.read_flash_call_record_data  tom_flash.o
    0x080112b0   0x080112b0   0x00000018   Code   RO         1177    i.read_flash_hotkey_data  tom_flash.o
    0x080112c8   0x080112c8   0x00000018   Code   RO         1178    i.read_flash_poc_data  tom_flash.o
    0x080112e0   0x080112e0   0x000000c8   Code   RO         2111    i.read_font_addr    font.o
    0x080113a8   0x080113a8   0x00000024   Code   RO         1180    i.save_flash_call_contacts_data  tom_flash.o
    0x080113cc   0x080113cc   0x00000024   Code   RO         1181    i.save_flash_call_record_data  tom_flash.o
    0x080113f0   0x080113f0   0x00000024   Code   RO         1182    i.save_flash_hotkey_data  tom_flash.o
    0x08011414   0x08011414   0x00000020   Code   RO         1183    i.save_flash_poc_data  tom_flash.o
    0x08011434   0x08011434   0x00000098   Code   RO         1284    i.select_system_clock_48M_or_8M  tom_interface.o
    0x080114cc   0x080114cc   0x00000394   Code   RO         1015    i.send_at_cmd_with_init  timed.o
    0x08011860   0x08011860   0x0000013c   Code   RO         1016    i.send_at_cmd_with_login  timed.o
    0x0801199c   0x0801199c   0x00000138   Code   RO         1017    i.send_at_cmd_with_real_time  timed.o
    0x08011ad4   0x08011ad4   0x00000048   Code   RO         1659    i.send_dtmf_code    ui.o
    0x08011b1c   0x08011b1c   0x00000138   Code   RO         1285    i.set_gpio_state    tom_interface.o
    0x08011c54   0x08011c54   0x00000144   Code   RO          731    i.set_volume_level  pa_led_volume.o
    0x08011d98   0x08011d98   0x0000001a   Code   RO         2037    i.simple_key_clear  key.o
    0x08011db2   0x08011db2   0x00000002   PAD
    0x08011db4   0x08011db4   0x00000040   Code   RO         2038    i.simple_key_press_scan  key.o
    0x08011df4   0x08011df4   0x00000034   Code   RO         1018    i.some_flash_flag_init_with_logged  timed.o
    0x08011e28   0x08011e28   0x000000c0   Code   RO         1660    i.son_menu          ui.o
    0x08011ee8   0x08011ee8   0x0000006e   Code   RO         1094    i.str2int_hex       tom_data_conversion.o
    0x08011f56   0x08011f56   0x0000002a   Code   RO         1464    i.str_match         typewriting.o
    0x08011f80   0x08011f80   0x0000005a   Code   RO         1096    i.str_to_hex        tom_data_conversion.o
    0x08011fda   0x08011fda   0x00000002   PAD
    0x08011fdc   0x08011fdc   0x00000040   Code   RO          960    i.telephone_init    telephone.o
    0x0801201c   0x0801201c   0x00000002   Code   RO         1286    i.tim_it_init       tom_interface.o
    0x0801201e   0x0801201e   0x00000002   PAD
    0x08012020   0x08012020   0x00000224   Code   RO         1019    i.timed_main_process  timed.o
    0x08012244   0x08012244   0x00000054   Code   RO         1661    i.timeout_back_to_desktop  ui.o
    0x08012298   0x08012298   0x00000014   Code   RO         1097    i.tolower           tom_data_conversion.o
    0x080122ac   0x080122ac   0x0000002c   Code   RO         1287    i.tom_interface_init  tom_interface.o
    0x080122d8   0x080122d8   0x000000d4   Code   RO         1465    i.typewriting_display_chinese_11x12  typewriting.o
    0x080123ac   0x080123ac   0x00000080   Code   RO         1466    i.typewriting_text_gbk_display  typewriting.o
    0x0801242c   0x0801242c   0x000000dc   Code   RO         1288    i.uart1_config_9600  tom_interface.o
    0x08012508   0x08012508   0x00000024   Code   RO         1289    i.uart2_buf_clear   tom_interface.o
    0x0801252c   0x0801252c   0x000000bc   Code   RO         1291    i.uart2_config      tom_interface.o
    0x080125e8   0x080125e8   0x00000088   Code   RO         1292    i.uart2_send_string  tom_interface.o
    0x08012670   0x08012670   0x00000002   Code   RO         1293    i.uart_it_init      tom_interface.o
    0x08012672   0x08012672   0x00000002   PAD
    0x08012674   0x08012674   0x000000dc   Code   RO         1662    i.ui_boot_screen    ui.o
    0x08012750   0x08012750   0x00000018   Code   RO         1663    i.ui_clear          ui.o
    0x08012768   0x08012768   0x00000018   Code   RO         1664    i.ui_clear_all      ui.o
    0x08012780   0x08012780   0x00000358   Code   RO         1665    i.ui_desktop        ui.o
    0x08012ad8   0x08012ad8   0x00000394   Code   RO         1667    i.ui_friend         ui.o
    0x08012e6c   0x08012e6c   0x00000244   Code   RO         1668    i.ui_gps            ui.o
    0x080130b0   0x080130b0   0x00000278   Code   RO         1669    i.ui_group          ui.o
    0x08013328   0x08013328   0x000000ac   Code   RO         1670    i.ui_ico_csq        ui.o
    0x080133d4   0x080133d4   0x00000064   Code   RO         1671    i.ui_ico_miss_call  ui.o
    0x08013438   0x08013438   0x00000030   Code   RO         1672    i.ui_ico_network_type  ui.o
    0x08013468   0x08013468   0x00000140   Code   RO         1673    i.ui_incoming_call  ui.o
    0x080135a8   0x080135a8   0x00000014   Code   RO         1674    i.ui_init           ui.o
    0x080135bc   0x080135bc   0x00000208   Code   RO         1675    i.ui_invite         ui.o
    0x080137c4   0x080137c4   0x00000230   Code   RO         1676    i.ui_logging        ui.o
    0x080139f4   0x080139f4   0x000002e0   Code   RO         1677    i.ui_menu           ui.o
    0x08013cd4   0x08013cd4   0x00000334   Code   RO         1678    i.ui_on_call        ui.o
    0x08014008   0x08014008   0x0000010c   Code   RO         1679    i.ui_phone          ui.o
    0x08014114   0x08014114   0x000001c4   Code   RO         1680    i.ui_phone_call_log  ui.o
    0x080142d8   0x080142d8   0x0000014c   Code   RO         1681    i.ui_phone_contact  ui.o
    0x08014424   0x08014424   0x000004b0   Code   RO         1682    i.ui_phone_dial     ui.o
    0x080148d4   0x080148d4   0x000005bc   Code   RO         1467    i.ui_phone_new_contact  typewriting.o
    0x08014e90   0x08014e90   0x00000124   Code   RO         1468    i.ui_phone_new_contact_son_page  typewriting.o
    0x08014fb4   0x08014fb4   0x0000018c   Code   RO         1683    i.ui_setting        ui.o
    0x08015140   0x08015140   0x00000118   Code   RO         1684    i.ui_setting_8k_encode  ui.o
    0x08015258   0x08015258   0x000002d4   Code   RO         1685    i.ui_setting_air_code_writing  ui.o
    0x0801552c   0x0801552c   0x0000014c   Code   RO         1686    i.ui_setting_backlight  ui.o
    0x08015678   0x08015678   0x000002c4   Code   RO         1687    i.ui_setting_factory  ui.o
    0x0801593c   0x0801593c   0x000004e0   Code   RO         1688    i.ui_setting_hotkey  ui.o
    0x08015e1c   0x08015e1c   0x00000330   Code   RO         1689    i.ui_setting_local_info  ui.o
    0x0801614c   0x0801614c   0x00000110   Code   RO         1690    i.ui_setting_lock_mode  ui.o
    0x0801625c   0x0801625c   0x000000a8   Code   RO         1691    i.ui_setting_mcu_upgrade  ui.o
    0x08016304   0x08016304   0x0000053c   Code   RO         1692    i.ui_setting_module_upgrade  ui.o
    0x08016840   0x08016840   0x0000010c   Code   RO         1693    i.ui_setting_network  ui.o
    0x0801694c   0x0801694c   0x0000011c   Code   RO         1694    i.ui_setting_ptttone  ui.o
    0x08016a68   0x08016a68   0x00000124   Code   RO         1695    i.ui_setting_sim_card_toggle  ui.o
    0x08016b8c   0x08016b8c   0x000000b4   Code   RO         1696    i.ui_setting_timezone  ui.o
    0x08016c40   0x08016c40   0x00000078   Code   RO         1697    i.ui_setting_tx_time_limit  ui.o
    0x08016cb8   0x08016cb8   0x00000114   Code   RO         1698    i.ui_setting_usb_switch  ui.o
    0x08016dcc   0x08016dcc   0x00000130   Code   RO         1699    i.ui_show_bottom_button  ui.o
    0x08016efc   0x08016efc   0x00000034   Code   RO         1700    i.ui_show_title     ui.o
    0x08016f30   0x08016f30   0x00000158   Code   RO         1701    i.ui_shutdown       ui.o
    0x08017088   0x08017088   0x00000134   Code   RO         1702    i.ui_son_menu       ui.o
    0x080171bc   0x080171bc   0x000003ac   Code   RO         1703    i.ui_user           ui.o
    0x08017568   0x08017568   0x00000084   Code   RO          819    i.unicode_convert   poc.o
    0x080175ec   0x080175ec   0x000002d0   Code   RO         2112    i.unicode_to_gb2312  font.o
    0x080178bc   0x080178bc   0x0000000c   Code   RO          732    i.volume_init       pa_led_volume.o
    0x080178c8   0x080178c8   0x00000048   Code   RO          733    i.volume_level_control  pa_led_volume.o
    0x08017910   0x08017910   0x00000104   Code   RO          734    i.volume_timer_process  pa_led_volume.o
    0x08017a14   0x08017a14   0x00000048   Code   RO          820    i.zzd_poc_set_8k_encode  poc.o
    0x08017a5c   0x08017a5c   0x0000001c   Data   RO          474    .constdata          date_and_time.o
    0x08017a78   0x08017a78   0x00007538   Data   RO          712    .constdata          new_ui_data.o
    0x0801efb0   0x0801efb0   0x000000de   Data   RO          735    .constdata          pa_led_volume.o
    0x0801f08e   0x0801f08e   0x0000001a   Data   RO         1295    .constdata          tom_interface.o
    0x0801f0a8   0x0801f0a8   0x000056bc   Data   RO         1470    .constdata          typewriting.o
    0x08024764   0x08024764   0x00000150   Data   RO         1705    .constdata          ui.o
    0x080248b4   0x080248b4   0x00000010   Data   RO         2661    .constdata          segger_rtt_printf.o
    0x080248c4   0x080248c4   0x00000081   Data   RO         6698    .constdata          mc_p.l(ctype_o.o)
    0x08024945   0x08024945   0x00000003   PAD
    0x08024948   0x08024948   0x00000004   Data   RO         6699    .constdata          mc_p.l(ctype_o.o)
    0x0802494c   0x0802494c   0x00000037   Data   RO          475    .conststring        date_and_time.o
    0x08024983   0x08024983   0x00000001   PAD
    0x08024984   0x08024984   0x00000f45   Data   RO         1471    .conststring        typewriting.o
    0x080258c9   0x080258c9   0x00000003   PAD
    0x080258cc   0x080258cc   0x000002df   Data   RO         1706    .conststring        ui.o
    0x08025bab   0x08025bab   0x00000001   PAD
    0x08025bac   0x08025bac   0x00000030   Data   RO         6747    Region$$Table       anon$$obj.o


    Execution Region RW_IRAM1 (Exec base: 0x20000000, Load base: 0x08025bdc, Size: 0x000000c0, Max: 0x000000c0, ABSOLUTE)

    Exec Addr    Load Addr    Size         Type   Attr      Idx    E Section Name        Object

    0x20000000        -       0x000000c0   Zero   RW            5    .ARM.__AT_0x20000000  main.o


    Execution Region RW_IRAM2 (Exec base: 0x200000c4, Load base: 0x08025bdc, Size: 0x00005844, Max: 0x00007f40, ABSOLUTE, COMPRESSED[0x00000058])

    Exec Addr    Load Addr    Size         Type   Attr      Idx    E Section Name        Object

    0x200000c4   COMPRESSED   0x0000000c   Data   RW          210    .data               stm32f0xx_it.o
    0x200000d0   COMPRESSED   0x00000006   Data   RW          347    .data               battery.o
    0x200000d6   COMPRESSED   0x0000001a   Data   RW          476    .data               date_and_time.o
    0x200000f0   COMPRESSED   0x00000012   Data   RW          528    .data               gps.o
    0x20000102   COMPRESSED   0x00000002   Data   RW          584    .data               knob.o
    0x20000104   COMPRESSED   0x00000002   Data   RW          622    .data               main_process.o
    0x20000106   COMPRESSED   0x00000002   PAD
    0x20000108   COMPRESSED   0x00000016   Data   RW          736    .data               pa_led_volume.o
    0x2000011e   COMPRESSED   0x0000000f   Data   RW          822    .data               poc.o
    0x2000012d   COMPRESSED   0x00000003   PAD
    0x20000130   COMPRESSED   0x00000031   Data   RW         1021    .data               timed.o
    0x20000161   COMPRESSED   0x00000003   PAD
    0x20000164   COMPRESSED   0x0000004c   Data   RW         1296    .data               tom_interface.o
    0x200001b0   COMPRESSED   0x00000037   Data   RW         1472    .data               typewriting.o
    0x200001e7   COMPRESSED   0x00000001   PAD
    0x200001e8   COMPRESSED   0x00000084   Data   RW         1707    .data               ui.o
    0x2000026c   COMPRESSED   0x00000001   Data   RW         2002    .data               hc595.o
    0x2000026d   COMPRESSED   0x00000001   PAD
    0x2000026e   COMPRESSED   0x0000000a   Data   RW         2040    .data               key.o
    0x20000278   COMPRESSED   0x00000001   Data   RW         2081    .data               keyboard.o
    0x20000279   COMPRESSED   0x00000003   PAD
    0x2000027c   COMPRESSED   0x00000006   Data   RW         2196    .data               lcd_api.o
    0x20000282   COMPRESSED   0x00000011   Data   RW         2494    .data               segger_rtt.o
    0x20000293   COMPRESSED   0x00000010   Data   RW         4528    .data               stm32f0xx_rcc.o
    0x200002a3   COMPRESSED   0x00000001   PAD
    0x200002a4   COMPRESSED   0x00000004   Data   RW         6675    .data               mc_p.l(errno.o)
    0x200002a8        -       0x00000a54   Zero   RW          527    .bss                gps.o
    0x20000cfc        -       0x00003458   Zero   RW          821    .bss                poc.o
    0x20004154        -       0x00000f8d   Zero   RW          961    .bss                telephone.o
    0x200050e1   COMPRESSED   0x00000003   PAD
    0x200050e4        -       0x0000013c   Zero   RW         1469    .bss                typewriting.o
    0x20005220        -       0x000000c8   Zero   RW         1704    .bss                ui.o
    0x200052e8        -       0x00000066   Zero   RW         2039    .bss                key.o
    0x2000534e   COMPRESSED   0x00000002   PAD
    0x20005350        -       0x000001b8   Zero   RW         2493    .bss                segger_rtt.o
    0x20005508        -       0x00000400   Zero   RW         6336    STACK               startup_stm32f030xc.o


==============================================================================

Image component sizes


      Code (inc. data)   RO Data    RW Data    ZI Data      Debug   Object Name

       856        122          0          6          0     256402   battery.o
       800        102         83         26          0       3044   date_and_time.o
      1464        150          0          0          0       5913   font.o
      2152        212          0         18       2644       6993   gps.o
       212         10          0          1          0       2005   hc595.o
       732         62          0         10        102       4269   key.o
       608         50          0          1          0       1895   keyboard.o
       272         24          0          2          0       1289   knob.o
      5872        248          0          6          0      17660   lcd_api.o
      1356          0          0          0          0      10029   lcd_app.o
       994         22          0          0          0       3803   lcd_drv.o
       372         76          0          0        192     276569   main.o
      4300        730          0          2          0       7816   main_process.o
         0          0      30008          0          0       3107   new_ui_data.o
      1772        366        222         22          0       5751   pa_led_volume.o
     11360       2742          0         15      13400      20577   poc.o
       988         74          0         17        440      10501   segger_rtt.o
      1196          4         16          0          0       5577   segger_rtt_printf.o
        88         38        184          0       1024        636   startup_stm32f030xc.o
       298          8          0          0          0       5906   stm32f0xx_adc.o
       552         44          0          0          0       4907   stm32f0xx_dma.o
       188         22          0          0          0       2417   stm32f0xx_exti.o
       352         38          0          0          0       4055   stm32f0xx_flash.o
       240          0          0          0          0       3267   stm32f0xx_gpio.o
       702         88          0         12          0      13638   stm32f0xx_it.o
       112          6          0          0          0        852   stm32f0xx_misc.o
      1360        136          0         16          0      10604   stm32f0xx_rcc.o
       598         34          0          0          0       5424   stm32f0xx_rtc.o
        64          4          0          0          0        600   stm32f0xx_syscfg.o
       222         38          0          0          0       3846   stm32f0xx_tim.o
       748         56          0          0          0       7499   stm32f0xx_usart.o
       260         24          0          0          0       1357   system_stm32f0xx.o
       800         52          0          0       3981       3826   telephone.o
      2620        726          0         49          0       6170   timed.o
       468          0          0          0          0       4635   tom_data_conversion.o
       402         88          0          0          0       5899   tom_flash.o
      2742        264         26         76          0      16643   tom_interface.o
      5328        318      26113         55        316      43054   typewriting.o
     20664       3896       1071        132        200      44552   ui.o

    ----------------------------------------------------------------------
     74158      10874      57776        480      22304     832987   Object Totals
         0          0         48          0          0          0   (incl. Generated)
        44          0          5         14          5          0   (incl. Padding)

    ----------------------------------------------------------------------

      Code (inc. data)   RO Data    RW Data    ZI Data      Debug   Library Member Name

        42          0          0          0          0         76   atof.o
        86          0          0          0          0          0   __dczerorl2.o
        30          0          0          0          0         60   _chval.o
        68          0          0          0          0         76   _sgetc.o
       166          0          0          0          0         84   _strtoul.o
        26          0          0          0          0         72   atoi.o
         8          4        133          0          0         60   ctype_o.o
         0          0          0          0          0          0   entry.o
         0          0          0          0          0          0   entry10a.o
         0          0          0          0          0          0   entry11a.o
         8          4          0          0          0          0   entry2.o
         4          0          0          0          0          0   entry5.o
         0          0          0          0          0          0   entry7b.o
         0          0          0          0          0          0   entry8b.o
         8          4          0          0          0          0   entry9a.o
        32         16          0          4          0        180   errno.o
        30          0          0          0          0          0   handlers.o
        40          0          0          0          0         72   idiv.o
        36          8          0          0          0         68   init.o
        18          0          0          0          0         68   isspace_o.o
         0          0          0          0          0          0   iusefp.o
       122          0          0          0          0         84   llmul.o
        32          0          0          0          0         68   llshl.o
        38          0          0          0          0         68   llsshr.o
        34          0          0          0          0         68   llushr.o
        26          0          0          0          0         72   memcmp.o
        36          0          0          0          0         60   memcpya.o
        36          0          0          0          0        100   memseta.o
      2270         94          0          0          0        472   printfa.o
       898         12          0          0          0        184   scanf_fp.o
        28          0          0          0          0         68   strcmp.o
        18          0          0          0          0         60   strcpy.o
        14          0          0          0          0         60   strlen.o
        40          0          0          0          0         72   strstr.o
       164         16          0          0          0        120   strtod.o
       112          4          0          0          0         76   strtol.o
        12          0          0          0          0         60   toupper.o
        44          0          0          0          0         72   uidiv.o
        96          0          0          0          0         84   uldiv.o
        40          2          0          0          0         68   cdrcmple.o
        56          0          0          0          0         68   d2f.o
       356          4          0          0          0        140   dadd.o
       240          6          0          0          0         84   ddiv.o
       236          0          0          0          0        216   depilogue.o
        72         10          0          0          0         72   dfixi.o
        64         10          0          0          0         68   dfixul.o
        40          6          0          0          0         68   dflti.o
        28          4          0          0          0         68   dfltui.o
        28          6          0          0          0         68   dfltul.o
       208          6          0          0          0         88   dmul.o
       130          0          0          0          0        144   fepilogue.o

    ----------------------------------------------------------------------
      6134        216        136          4          0       3816   Library Totals
        14          0          3          0          0          0   (incl. Padding)

    ----------------------------------------------------------------------

      Code (inc. data)   RO Data    RW Data    ZI Data      Debug   Library Name

        42          0          0          0          0         76   m_ps.l
      4580        162        133          4          0       2588   mc_p.l
      1498         54          0          0          0       1152   mf_p.l

    ----------------------------------------------------------------------
      6134        216        136          4          0       3816   Library Totals

    ----------------------------------------------------------------------

==============================================================================


      Code (inc. data)   RO Data    RW Data    ZI Data      Debug   

     80292      11090      57912        484      22304     819243   Grand Totals
     80292      11090      57912         88      22304     819243   ELF Image Totals (compressed)
     80292      11090      57912         88          0          0   ROM Totals

==============================================================================

    Total RO  Size (Code + RO Data)               138204 ( 134.96kB)
    Total RW  Size (RW Data + ZI Data)             22788 (  22.25kB)
    Total ROM Size (Code + RO Data + RW Data)     138292 ( 135.05kB)

==============================================================================

