Component: ARM Compiler 5.06 update 6 (build 750) Tool: armlink [4d35ed]

==============================================================================

Section Cross References

    main.o(i.app_vector_redirection) refers to kservice.o(i.rt_memcpy) for rt_memcpy
    main.o(i.greenled_shine_entry) refers to tom_interface.o(i.set_gpio_state) for set_gpio_state
    main.o(i.greenled_shine_entry) refers to thread.o(i.rt_thread_mdelay) for rt_thread_mdelay
    main.o(i.main) refers to main.o(i.NVIC_SetPriority) for NVIC_SetPriority
    main.o(i.main) refers to tom_interface.o(i.tom_interface_init) for tom_interface_init
    main.o(i.main) refers to ipc.o(i.rt_mq_init) for rt_mq_init
    main.o(i.main) refers to kservice.o(i.rt_kprintf) for rt_kprintf
    main.o(i.main) refers to thread.o(i.rt_thread_create) for rt_thread_create
    main.o(i.main) refers to thread.o(i.rt_thread_startup) for rt_thread_startup
    main.o(i.main) refers to state.o(i.STATE_MgrInitialize) for STATE_MgrInitialize
    main.o(i.main) refers to ipc.o(i.rt_mq_recv) for rt_mq_recv
    main.o(i.main) refers to tom_interface.o(i.set_gpio_state) for set_gpio_state
    main.o(i.main) refers to state.o(i.STATE_MgrProcessMsg) for STATE_MgrProcessMsg
    main.o(i.main) refers to malloc.o(i.free) for free
    main.o(i.main) refers to main.o(.bss) for msg_pool
    main.o(i.main) refers to main.o(i.redled_shine_entry) for redled_shine_entry
    main.o(i.main) refers to main.o(i.greenled_shine_entry) for greenled_shine_entry
    main.o(i.main) refers to main.o(.data) for iRes
    main.o(i.redled_shine_entry) refers to tom_interface.o(i.set_gpio_state) for set_gpio_state
    main.o(i.redled_shine_entry) refers to thread.o(i.rt_thread_mdelay) for rt_thread_mdelay
    main.o(i.redled_shine_entry) refers to main.o(i.zpoc_sigalrm_fn) for zpoc_sigalrm_fn
    main.o(i.zpoc_sigalrm_fn) refers to ipc.o(i.rt_mq_send) for rt_mq_send
    main.o(i.zpoc_sigalrm_fn) refers to main.o(.bss) for gMsqid
    main.o(.rti_fn.1) refers to main.o(i.app_vector_redirection) for app_vector_redirection
    stm32f0xx_it.o(i.DMA1_Channel1_IRQHandler) refers to stm32f0xx_dma.o(i.DMA_GetITStatus) for DMA_GetITStatus
    stm32f0xx_it.o(i.DMA1_Channel1_IRQHandler) refers to stm32f0xx_dma.o(i.DMA_ClearITPendingBit) for DMA_ClearITPendingBit
    stm32f0xx_it.o(i.EXTI0_1_IRQHandler) refers to stm32f0xx_exti.o(i.EXTI_ClearITPendingBit) for EXTI_ClearITPendingBit
    stm32f0xx_it.o(i.EXTI0_1_IRQHandler) refers to stm32f0xx_exti.o(i.EXTI_ClearFlag) for EXTI_ClearFlag
    stm32f0xx_it.o(i.EXTI2_3_IRQHandler) refers to stm32f0xx_exti.o(i.EXTI_ClearITPendingBit) for EXTI_ClearITPendingBit
    stm32f0xx_it.o(i.EXTI2_3_IRQHandler) refers to stm32f0xx_exti.o(i.EXTI_ClearFlag) for EXTI_ClearFlag
    stm32f0xx_it.o(i.EXTI4_15_IRQHandler) refers to stm32f0xx_exti.o(i.EXTI_GetITStatus) for EXTI_GetITStatus
    stm32f0xx_it.o(i.EXTI4_15_IRQHandler) refers to knob.o(i.knob_line_A_detection) for knob_line_A_detection
    stm32f0xx_it.o(i.EXTI4_15_IRQHandler) refers to stm32f0xx_exti.o(i.EXTI_ClearFlag) for EXTI_ClearFlag
    stm32f0xx_it.o(i.EXTI4_15_IRQHandler) refers to knob.o(i.knob_line_B_detection) for knob_line_B_detection
    stm32f0xx_it.o(i.EXTI4_15_IRQHandler) refers to stm32f0xx_exti.o(i.EXTI_ClearITPendingBit) for EXTI_ClearITPendingBit
    stm32f0xx_it.o(i.RTC_IRQHandler) refers to stm32f0xx_rtc.o(i.RTC_GetITStatus) for RTC_GetITStatus
    stm32f0xx_it.o(i.RTC_IRQHandler) refers to stm32f0xx_rtc.o(i.RTC_SetTime) for RTC_SetTime
    stm32f0xx_it.o(i.RTC_IRQHandler) refers to stm32f0xx_rtc.o(i.RTC_ClearITPendingBit) for RTC_ClearITPendingBit
    stm32f0xx_it.o(i.RTC_IRQHandler) refers to stm32f0xx_exti.o(i.EXTI_ClearITPendingBit) for EXTI_ClearITPendingBit
    stm32f0xx_it.o(i.TIM6_IRQHandler) refers to stm32f0xx_tim.o(i.TIM_GetITStatus) for TIM_GetITStatus
    stm32f0xx_it.o(i.TIM6_IRQHandler) refers to key.o(i.key_scan) for key_scan
    stm32f0xx_it.o(i.TIM6_IRQHandler) refers to keyboard.o(i.keyboard_value_identify) for keyboard_value_identify
    stm32f0xx_it.o(i.TIM6_IRQHandler) refers to stm32f0xx_tim.o(i.TIM_ClearITPendingBit) for TIM_ClearITPendingBit
    stm32f0xx_it.o(i.USART1_IRQHandler) refers to stm32f0xx_usart.o(i.USART_GetITStatus) for USART_GetITStatus
    stm32f0xx_it.o(i.USART1_IRQHandler) refers to stm32f0xx_usart.o(i.USART_ClearITPendingBit) for USART_ClearITPendingBit
    stm32f0xx_it.o(i.USART1_IRQHandler) refers to stm32f0xx_usart.o(i.USART_ReceiveData) for USART_ReceiveData
    stm32f0xx_it.o(i.USART1_IRQHandler) refers to stm32f0xx_usart.o(i.USART_ClearFlag) for USART_ClearFlag
    stm32f0xx_it.o(i.USART1_IRQHandler) refers to gps.o(.bss) for gps_device
    stm32f0xx_it.o(i.USART1_IRQHandler) refers to stm32f0xx_it.o(.data) for uart1_recv_timer
    stm32f0xx_it.o(i.USART2_IRQHandler) refers to stm32f0xx_usart.o(i.USART_GetITStatus) for USART_GetITStatus
[...]
    i.USART_RequestCmd                       0x080056b6   Section        0  stm32f0xx_usart.o(i.USART_RequestCmd)
    i._SysTick_Config                        0x080056cc   Section        0  board.o(i._SysTick_Config)
    _SysTick_Config                          0x080056cd   Thumb Code    40  board.o(i._SysTick_Config)
    i.__ARM_common_switch8                   0x08005700   Section        0  battery.o(i.__ARM_common_switch8)
    i.__rt_ffs                               0x0800571c   Section        0  kservice.o(i.__rt_ffs)
    i.__scatterload_copy                     0x08005778   Section       14  handlers.o(i.__scatterload_copy)
    i.__scatterload_null                     0x08005786   Section        2  handlers.o(i.__scatterload_null)
    i.__scatterload_zeroinit                 0x08005788   Section       14  handlers.o(i.__scatterload_zeroinit)
    i._has_defunct_thread                    0x08005798   Section        0  idle.o(i._has_defunct_thread)
    _has_defunct_thread                      0x08005799   Thumb Code    16  idle.o(i._has_defunct_thread)
    i._rt_thread_init                        0x080057ac   Section        0  thread.o(i._rt_thread_init)
    _rt_thread_init                          0x080057ad   Thumb Code   126  thread.o(i._rt_thread_init)
    i._rt_timer_init                         0x08005834   Section        0  timer.o(i._rt_timer_init)
    _rt_timer_init                           0x08005835   Thumb Code    60  timer.o(i._rt_timer_init)
    i._rt_timer_remove                       0x08005870   Section        0  timer.o(i._rt_timer_remove)
    _rt_timer_remove                         0x08005871   Thumb Code    46  timer.o(i._rt_timer_remove)
    i.adc_device_init                        0x080058a0   Section        0  tom_interface.o(i.adc_device_init)
    adc_device_init                          0x080058a1   Thumb Code   154  tom_interface.o(i.adc_device_init)
    i.adc_gpio_init                          0x08005948   Section        0  tom_interface.o(i.adc_gpio_init)
    adc_gpio_init                            0x08005949   Thumb Code   108  tom_interface.o(i.adc_gpio_init)
    i.app_vector_redirection                 0x080059b4   Section        0  main.o(i.app_vector_redirection)
    i.desktop_msg_timer_process              0x080059d8   Section        0  state_desktop.o(i.desktop_msg_timer_process)
    i.desktop_state_init                     0x080059da   Section        0  state_desktop.o(i.desktop_state_init)
    i.desktop_state_proc                     0x080059f0   Section        0  state_desktop.o(i.desktop_state_proc)
    i.desktop_state_term                     0x08005a18   Section        0  state_desktop.o(i.desktop_state_term)
    i.else_input_gpio_init                   0x08005a1c   Section        0  tom_interface.o(i.else_input_gpio_init)
    else_input_gpio_init                     0x08005a1d   Thumb Code   164  tom_interface.o(i.else_input_gpio_init)
    i.else_output_gpio_init                  0x08005ac8   Section        0  tom_interface.o(i.else_output_gpio_init)
    else_output_gpio_init                    0x08005ac9   Thumb Code   298  tom_interface.o(i.else_output_gpio_init)
    i.free                                   0x08005bfc   Section        0  malloc.o(i.free)
    i.get_gpio_state                         0x08005c50   Section        0  tom_interface.o(i.get_gpio_state)
    i.get_keyboard_value                     0x08005ce0   Section        0  keyboard.o(i.get_keyboard_value)
    i.greenled_shine_entry                   0x08005cec   Section        0  main.o(i.greenled_shine_entry)
    greenled_shine_entry                     0x08005ced   Thumb Code    38  main.o(i.greenled_shine_entry)
    i.hc595_send_data                        0x08005d14   Section        0  hc595.o(i.hc595_send_data)
    hc595_send_data                          0x08005d15   Thumb Code    92  hc595.o(i.hc595_send_data)
    i.hc595_set                              0x08005d74   Section        0  hc595.o(i.hc595_set)
    i.init_state_init                        0x08005da4   Section        0  state_init.o(i.init_state_init)
    i.init_state_proc                        0x08005dc4   Section        0  state_init.o(i.init_state_proc)
    i.init_state_term                        0x08005de2   Section        0  state_init.o(i.init_state_term)
    i.key_clear                              0x08005de6   Section        0  key.o(i.key_clear)
    key_clear                                0x08005de7   Thumb Code    22  key.o(i.key_clear)
    i.key_scan                               0x08005dfc   Section        0  key.o(i.key_scan)
    i.key_short_long_press_scan              0x08006004   Section        0  key.o(i.key_short_long_press_scan)
    key_short_long_press_scan                0x08006005   Thumb Code    88  key.o(i.key_short_long_press_scan)
    i.keyboard_value_identify                0x08006068   Section        0  keyboard.o(i.keyboard_value_identify)
    i.knob_init                              0x080062bc   Section        0  tom_interface.o(i.knob_init)
    knob_init                                0x080062bd   Thumb Code    88  tom_interface.o(i.knob_init)
    i.knob_line_A_detection                  0x08006314   Section        0  knob.o(i.knob_line_A_detection)
    i.knob_line_B_detection                  0x0800639c   Section        0  knob.o(i.knob_line_B_detection)
    i.lcd_gpio_init                          0x08006424   Section        0  tom_interface.o(i.lcd_gpio_init)
    lcd_gpio_init                            0x08006425   Thumb Code    74  tom_interface.o(i.lcd_gpio_init)
    i.main                                   0x08006478   Section        0  main.o(i.main)
    i.main_thread_entry                      0x080065b0   Section        0  components.o(i.main_thread_entry)
    i.plug_holes                             0x080065c0   Section        0  mem.o(i.plug_holes)
    plug_holes                               0x080065c1   Thumb Code   112  mem.o(i.plug_holes)
    i.print_number                           0x0800663c   Section        0  kservice.o(i.print_number)
    print_number                             0x0800663d   Thumb Code   396  kservice.o(i.print_number)
    i.rcc_init_GPIO_en                       0x080067d0   Section        0  stm32f0xx_rcc.o(i.rcc_init_GPIO_en)
    i.redled_shine_entry                     0x0800684c   Section        0  main.o(i.redled_shine_entry)
    redled_shine_entry                       0x0800684d   Thumb Code    44  main.o(i.redled_shine_entry)
    i.rt_application_init                    0x08006878   Section        0  components.o(i.rt_application_init)
    i.rt_components_board_init               0x080068a4   Section        0  components.o(i.rt_components_board_init)
    i.rt_components_init                     0x080068c0   Section        0  components.o(i.rt_components_init)
    i.rt_enter_critical                      0x080068dc   Section        0  scheduler.o(i.rt_enter_critical)
    i.rt_exit_critical                       0x080068fc   Section        0  scheduler.o(i.rt_exit_critical)
    i.rt_free                                0x08006944   Section        0  mem.o(i.rt_free)
    i.rt_heap_begin_get                      0x08006a2c   Section        0  board.o(i.rt_heap_begin_get)
    i.rt_heap_end_get                        0x08006a34   Section        0  board.o(i.rt_heap_end_get)
    i.rt_hw_board_init                       0x08006a3c   Section        0  board.o(i.rt_hw_board_init)
    i.rt_hw_console_output                   0x08006a70   Section        0  kservice.o(i.rt_hw_console_output)
    i.rt_hw_hard_fault_exception             0x08006a74   Section        0  cpuport.o(i.rt_hw_hard_fault_exception)
    i.rt_hw_stack_init                       0x08006b64   Section        0  cpuport.o(i.rt_hw_stack_init)
    i.rt_interrupt_enter                     0x08006ba4   Section        0  irq.o(i.rt_interrupt_enter)
    i.rt_interrupt_leave                     0x08006bc4   Section        0  irq.o(i.rt_interrupt_leave)
    i.rt_ipc_list_resume                     0x08006be4   Section        0  ipc.o(i.rt_ipc_list_resume)
    rt_ipc_list_resume                       0x08006be5   Thumb Code    20  ipc.o(i.rt_ipc_list_resume)
    i.rt_ipc_list_suspend                    0x08006bf8   Section        0  ipc.o(i.rt_ipc_list_suspend)
    rt_ipc_list_suspend                      0x08006bf9   Thumb Code    98  ipc.o(i.rt_ipc_list_suspend)
    i.rt_ipc_object_init                     0x08006c5a   Section        0  ipc.o(i.rt_ipc_object_init)
    rt_ipc_object_init                       0x08006c5b   Thumb Code    16  ipc.o(i.rt_ipc_object_init)
    i.rt_kprintf                             0x08006c6c   Section        0  kservice.o(i.rt_kprintf)
    i.rt_list_init                           0x08006ca0   Section        0  ipc.o(i.rt_list_init)
    rt_list_init                             0x08006ca1   Thumb Code     6  ipc.o(i.rt_list_init)
    i.rt_list_init                           0x08006ca6   Section        0  scheduler.o(i.rt_list_init)
    rt_list_init                             0x08006ca7   Thumb Code     6  scheduler.o(i.rt_list_init)
    i.rt_list_init                           0x08006cac   Section        0  timer.o(i.rt_list_init)
    rt_list_init                             0x08006cad   Thumb Code     6  timer.o(i.rt_list_init)
    i.rt_list_insert_after                   0x08006cb2   Section        0  object.o(i.rt_list_insert_after)
    rt_list_insert_after                     0x08006cb3   Thumb Code    14  object.o(i.rt_list_insert_after)
    i.rt_list_insert_after                   0x08006cc0   Section        0  thread.o(i.rt_list_insert_after)
    rt_list_insert_after                     0x08006cc1   Thumb Code    14  thread.o(i.rt_list_insert_after)
    i.rt_list_insert_after                   0x08006cce   Section        0  timer.o(i.rt_list_insert_after)
    rt_list_insert_after                     0x08006ccf   Thumb Code    14  timer.o(i.rt_list_insert_after)
    i.rt_list_insert_before                  0x08006cdc   Section        0  ipc.o(i.rt_list_insert_before)
    rt_list_insert_before                    0x08006cdd   Thumb Code    14  ipc.o(i.rt_list_insert_before)
    i.rt_list_isempty                        0x08006cea   Section        0  ipc.o(i.rt_list_isempty)
    rt_list_isempty                          0x08006ceb   Thumb Code    16  ipc.o(i.rt_list_isempty)
    i.rt_list_isempty                        0x08006cfa   Section        0  timer.o(i.rt_list_isempty)
    rt_list_isempty                          0x08006cfb   Thumb Code    16  timer.o(i.rt_list_isempty)
    i.rt_list_remove                         0x08006d0a   Section        0  object.o(i.rt_list_remove)
    rt_list_remove                           0x08006d0b   Thumb Code    18  object.o(i.rt_list_remove)
    i.rt_list_remove                         0x08006d1c   Section        0  thread.o(i.rt_list_remove)
    rt_list_remove                           0x08006d1d   Thumb Code    18  thread.o(i.rt_list_remove)
    i.rt_malloc                              0x08006d30   Section        0  mem.o(i.rt_malloc)
    i.rt_memcpy                              0x08006e9c   Section        0  kservice.o(i.rt_memcpy)
    i.rt_memset                              0x08006efa   Section        0  kservice.o(i.rt_memset)
    i.rt_mq_init                             0x08006f46   Section        0  ipc.o(i.rt_mq_init)
    i.rt_mq_recv                             0x08006fa8   Section        0  ipc.o(i.rt_mq_recv)
    i.rt_mq_send                             0x080070ac   Section        0  ipc.o(i.rt_mq_send)
    i.rt_object_allocate                     0x0800713a   Section        0  object.o(i.rt_object_allocate)
    i.rt_object_delete                       0x0800718a   Section        0  object.o(i.rt_object_delete)
    i.rt_object_detach                       0x080071ae   Section        0  object.o(i.rt_object_detach)
    i.rt_object_get_information              0x080071cc   Section        0  object.o(i.rt_object_get_information)
    i.rt_object_init                         0x080071f0   Section        0  object.o(i.rt_object_init)
    i.rt_object_is_systemobject              0x08007244   Section        0  object.o(i.rt_object_is_systemobject)
    i.rt_schedule                            0x08007258   Section        0  scheduler.o(i.rt_schedule)
    i.rt_schedule_insert_thread              0x080072dc   Section        0  scheduler.o(i.rt_schedule_insert_thread)
    i.rt_schedule_remove_thread              0x08007330   Section        0  scheduler.o(i.rt_schedule_remove_thread)
    i.rt_sem_init                            0x08007388   Section        0  ipc.o(i.rt_sem_init)
    i.rt_sem_release                         0x080073aa   Section        0  ipc.o(i.rt_sem_release)
    i.rt_sem_take                            0x080073e6   Section        0  ipc.o(i.rt_sem_take)
    i.rt_show_version                        0x08007460   Section        0  kservice.o(i.rt_show_version)
    i.rt_strlen                              0x08007510   Section        0  kservice.o(i.rt_strlen)
    i.rt_strncpy                             0x08007522   Section        0  kservice.o(i.rt_strncpy)
    i.rt_system_heap_init                    0x0800755c   Section        0  mem.o(i.rt_system_heap_init)
    i.rt_system_scheduler_init               0x08007650   Section        0  scheduler.o(i.rt_system_scheduler_init)
    i.rt_system_scheduler_start              0x0800769c   Section        0  scheduler.o(i.rt_system_scheduler_start)
    i.rt_system_timer_init                   0x080076cc   Section        0  timer.o(i.rt_system_timer_init)
    i.rt_system_timer_thread_init            0x080076e8   Section        0  timer.o(i.rt_system_timer_thread_init)
    i.rt_thread_create                       0x080076ea   Section        0  thread.o(i.rt_thread_create)
    i.rt_thread_exit                         0x0800773c   Section        0  thread.o(i.rt_thread_exit)
    i.rt_thread_idle_entry                   0x08007794   Section        0  idle.o(i.rt_thread_idle_entry)
    rt_thread_idle_entry                     0x08007795   Thumb Code     8  idle.o(i.rt_thread_idle_entry)
    i.rt_thread_idle_excute                  0x0800779c   Section        0  idle.o(i.rt_thread_idle_excute)
    i.rt_thread_idle_init                    0x0800782c   Section        0  idle.o(i.rt_thread_idle_init)
    i.rt_thread_init                         0x08007868   Section        0  thread.o(i.rt_thread_init)
    i.rt_thread_mdelay                       0x08007894   Section        0  thread.o(i.rt_thread_mdelay)
    i.rt_thread_resume                       0x080078a8   Section        0  thread.o(i.rt_thread_resume)
    i.rt_thread_self                         0x080078e4   Section        0  thread.o(i.rt_thread_self)
    i.rt_thread_sleep                        0x080078f0   Section        0  thread.o(i.rt_thread_sleep)
    i.rt_thread_startup                      0x08007934   Section        0  thread.o(i.rt_thread_startup)
    i.rt_thread_suspend                      0x08007964   Section        0  thread.o(i.rt_thread_suspend)
    i.rt_thread_timeout                      0x080079a8   Section        0  thread.o(i.rt_thread_timeout)
    i.rt_thread_yield                        0x080079c8   Section        0  thread.o(i.rt_thread_yield)
    i.rt_tick_from_millisecond               0x08007a2c   Section        0  clock.o(i.rt_tick_from_millisecond)
    i.rt_tick_get                            0x08007a6c   Section        0  clock.o(i.rt_tick_get)
    i.rt_tick_increase                       0x08007a78   Section        0  clock.o(i.rt_tick_increase)
    i.rt_timer_check                         0x08007aa8   Section        0  timer.o(i.rt_timer_check)
    i.rt_timer_control                       0x08007b28   Section        0  timer.o(i.rt_timer_control)
    i.rt_timer_detach                        0x08007b64   Section        0  timer.o(i.rt_timer_detach)
    i.rt_timer_init                          0x08007b84   Section        0  timer.o(i.rt_timer_init)
    i.rt_timer_start                         0x08007bac   Section        0  timer.o(i.rt_timer_start)
    i.rt_timer_stop                          0x08007cb4   Section        0  timer.o(i.rt_timer_stop)
    i.rt_vsnprintf                           0x08007ce4   Section        0  kservice.o(i.rt_vsnprintf)
    i.rti_board_end                          0x0800804c   Section        0  components.o(i.rti_board_end)
    rti_board_end                            0x0800804d   Thumb Code     4  components.o(i.rti_board_end)
    i.rti_board_start                        0x08008050   Section        0  components.o(i.rti_board_start)
    rti_board_start                          0x08008051   Thumb Code     4  components.o(i.rti_board_start)
    i.rti_end                                0x08008054   Section        0  components.o(i.rti_end)
    rti_end                                  0x08008055   Thumb Code     4  components.o(i.rti_end)
    i.rti_start                              0x08008058   Section        0  components.o(i.rti_start)
    rti_start                                0x08008059   Thumb Code     4  components.o(i.rti_start)
    i.rtthread_startup                       0x0800805c   Section        0  components.o(i.rtthread_startup)
    i.set_gpio_state                         0x08008088   Section        0  tom_interface.o(i.set_gpio_state)
    i.simple_key_clear                       0x080081c0   Section        0  key.o(i.simple_key_clear)
    simple_key_clear                         0x080081c1   Thumb Code    26  key.o(i.simple_key_clear)
    i.simple_key_press_scan                  0x080081dc   Section        0  key.o(i.simple_key_press_scan)
    simple_key_press_scan                    0x080081dd   Thumb Code    54  key.o(i.simple_key_press_scan)
    i.skip_atoi                              0x0800821c   Section        0  kservice.o(i.skip_atoi)
    skip_atoi                                0x0800821d   Thumb Code    36  kservice.o(i.skip_atoi)
    i.tom_interface_init                     0x08008240   Section        0  tom_interface.o(i.tom_interface_init)
    i.uart1_config_9600                      0x0800826c   Section        0  tom_interface.o(i.uart1_config_9600)
    uart1_config_9600                        0x0800826d   Thumb Code   202  tom_interface.o(i.uart1_config_9600)
    i.uart2_buf_clear                        0x08008348   Section        0  tom_interface.o(i.uart2_buf_clear)
    i.uart2_config                           0x0800836c   Section        0  tom_interface.o(i.uart2_config)
    uart2_config                             0x0800836d   Thumb Code   178  tom_interface.o(i.uart2_config)
    i.zpoc_sigalrm_fn                        0x08008428   Section        0  main.o(i.zpoc_sigalrm_fn)
    .constdata                               0x08008448   Section       26  tom_interface.o(.constdata)
    .constdata                               0x08008462   Section      290  kservice.o(.constdata)
    small_digits                             0x08008562   Data          17  kservice.o(.constdata)
    large_digits                             0x08008573   Data          17  kservice.o(.constdata)
    .rti_fn.0                                0x08008584   Section        4  components.o(.rti_fn.0)
    __tagsym$$used                           0x08008584   Number         0  components.o(.rti_fn.0)
    .rti_fn.0.end                            0x08008588   Section        4  components.o(.rti_fn.0.end)
    __tagsym$$used                           0x08008588   Number         0  components.o(.rti_fn.0.end)
    .rti_fn.1                                0x0800858c   Section        4  main.o(.rti_fn.1)
    __tagsym$$used                           0x0800858c   Number         0  main.o(.rti_fn.1)
    .rti_fn.1.end                            0x08008590   Section        4  components.o(.rti_fn.1.end)
    __tagsym$$used                           0x08008590   Number         0  components.o(.rti_fn.1.end)
    .rti_fn.6.end                            0x08008594   Section        4  components.o(.rti_fn.6.end)
    __tagsym$$used                           0x08008594   Number         0  components.o(.rti_fn.6.end)
    .ARM.__AT_0x20000000                     0x20000000   Section      192  main.o(.ARM.__AT_0x20000000)
    .data                                    0x200000c4   Section        4  main.o(.data)
    iRes                                     0x200000c4   Data           4  main.o(.data)
    .data                                    0x200000c8   Section        8  stm32f0xx_it.o(.data)
    .data                                    0x200000d0   Section        2  knob.o(.data)
    .data                                    0x200000d4   Section       76  tom_interface.o(.data)
    state                                    0x20000118   Data           1  tom_interface.o(.data)
    last_send_timer                          0x2000011c   Data           4  tom_interface.o(.data)
    .data                                    0x20000120   Section       16  state.o(.data)
    state_entries                            0x20000120   Data           8  state.o(.data)
    state_mgr                                0x20000128   Data           8  state.o(.data)
    .data                                    0x20000130   Section       12  state_desktop.o(.data)
    .data                                    0x2000013c   Section       12  state_init.o(.data)
    .data                                    0x20000148   Section        1  hc595.o(.data)
    data_old                                 0x20000148   Data           1  hc595.o(.data)
    .data                                    0x2000014a   Section       10  key.o(.data)
    keyboard_value                           0x2000014a   Data           1  key.o(.data)
    keyboard_value_old                       0x2000014b   Data           1  key.o(.data)
    tmp_value                                0x2000014c   Data           1  key.o(.data)
    tmp_count                                0x2000014d   Data           1  key.o(.data)
    short_key_max                            0x2000014e   Data           2  key.o(.data)
    short_key_max                            0x20000150   Data           2  key.o(.data)
    long_key_max                             0x20000152   Data           2  key.o(.data)
    .data                                    0x20000154   Section        1  keyboard.o(.data)
    keyboard_value                           0x20000154   Data           1  keyboard.o(.data)
    .data                                    0x20000155   Section       16  stm32f0xx_rcc.o(.data)
    APBAHBPrescTable                         0x20000155   Data          16  stm32f0xx_rcc.o(.data)
    .data                                    0x20000168   Section       20  system_stm32f0xx.o(.data)
    .data                                    0x2000017c   Section       12  cpuport.o(.data)
    .data                                    0x20000188   Section        4  clock.o(.data)
    rt_tick                                  0x20000188   Data           4  clock.o(.data)
    .data                                    0x2000018c   Section        1  irq.o(.data)
    .data                                    0x20000190   Section       24  mem.o(.data)
    heap_ptr                                 0x20000190   Data           4  mem.o(.data)
    heap_end                                 0x20000194   Data           4  mem.o(.data)
    lfree                                    0x20000198   Data           4  mem.o(.data)
    mem_size_aligned                         0x2000019c   Data           4  mem.o(.data)
    used_mem                                 0x200001a0   Data           4  mem.o(.data)
    max_mem                                  0x200001a4   Data           4  mem.o(.data)
    .data                                    0x200001a8   Section       80  object.o(.data)
    rt_object_container                      0x200001a8   Data          80  object.o(.data)
    .data                                    0x200001f8   Section       24  scheduler.o(.data)
    rt_scheduler_lock_nest                   0x200001f8   Data           2  scheduler.o(.data)
    .data                                    0x20000210   Section       12  timer.o(.data)
    rt_timer_list                            0x20000210   Data           8  timer.o(.data)
    random_nr                                0x20000218   Data           4  timer.o(.data)
    .data                                    0x2000021c   Section        4  mvars.o(.data)
    .bss                                     0x20000220   Section     2100  main.o(.bss)
    gMsqid                                   0x20000220   Data          52  main.o(.bss)
    msg_pool                                 0x20000254   Data        2048  main.o(.bss)
    .bss                                     0x20000a54   Section     2644  gps.o(.bss)
    buf_temp_deal                            0x200013a8   Data         256  gps.o(.bss)
    .bss                                     0x200014a8   Section    13400  poc.o(.bss)
    buf_temp_deal                            0x200047ec   Data         256  poc.o(.bss)
    percent_bat_level                        0x200048ec   Data          20  poc.o(.bss)
    .bss                                     0x20004900   Section      102  key.o(.bss)
    .bss                                     0x20004968   Section      376  idle.o(.bss)
    idle                                     0x20004968   Data         120  idle.o(.bss)
    rt_thread_stack                          0x200049e0   Data         256  idle.o(.bss)
    .bss                                     0x20004ae0   Section      128  kservice.o(.bss)
    rt_log_buf                               0x20004ae0   Data         128  kservice.o(.bss)
    .bss                                     0x20004b60   Section       32  mem.o(.bss)
    heap_sem                                 0x20004b60   Data          32  mem.o(.bss)
    .bss                                     0x20004b80   Section       64  scheduler.o(.bss)
    .bss                                     0x20004bc0   Section     4096  board.o(.bss)
    rt_heap                                  0x20004bc0   Data        4096  board.o(.bss)
    STACK                                    0x20005bc0   Section     2048  startup_stm32f030xc.o(STACK)

    Global Symbols

    Symbol Name                              Value     Ov Type        Size  Object(Section)

    BuildAttributes$$THM_ISAv3M$S$PE$A:L22$X:L11$S22$IEEE1$IW$USESV6$~STKCKD$USESV7$~SHL$OTIME$ROPI$IEEEJ$EBA8$MICROLIB$REQ8$PRES8$EABIv2 0x00000000   Number         0  anon$$obj.o ABSOLUTE
    __ARM_use_no_argv                        0x00000000   Number         0  main.o ABSOLUTE
    _printf_a                                0x00000000   Number         0  stubs.o ABSOLUTE
    _printf_c                                0x00000000   Number         0  stubs.o ABSOLUTE
    _printf_charcount                        0x00000000   Number         0  stubs.o ABSOLUTE
    _printf_d                                0x00000000   Number         0  stubs.o ABSOLUTE
    _printf_e                                0x00000000   Number         0  stubs.o ABSOLUTE
    _printf_f                                0x00000000   Number         0  stubs.o ABSOLUTE
    _printf_flags                            0x00000000   Number         0  stubs.o ABSOLUTE
    _printf_fp_dec                           0x00000000   Number         0  stubs.o ABSOLUTE
    _printf_fp_hex                           0x00000000   Number         0  stubs.o ABSOLUTE
    _printf_g                                0x00000000   Number         0  stubs.o ABSOLUTE
    _printf_i                                0x00000000   Number         0  stubs.o ABSOLUTE
    _printf_int_dec                          0x00000000   Number         0  stubs.o ABSOLUTE
    _printf_l                                0x00000000   Number         0  stubs.o ABSOLUTE
    _printf_lc                               0x00000000   Number         0  stubs.o ABSOLUTE
    _printf_ll                               0x00000000   Number         0  stubs.o ABSOLUTE
    _printf_lld                              0x00000000   Number         0  stubs.o ABSOLUTE
    _printf_lli                              0x00000000   Number         0  stubs.o ABSOLUTE
    _printf_llo                              0x00000000   Number         0  stubs.o ABSOLUTE
    _printf_llu                              0x00000000   Number         0  stubs.o ABSOLUTE
    _printf_llx                              0x00000000   Number         0  stubs.o ABSOLUTE
    _printf_longlong_dec                     0x00000000   Number         0  stubs.o ABSOLUTE
    _printf_longlong_hex                     0x00000000   Number         0  stubs.o ABSOLUTE
    _printf_longlong_oct                     0x00000000   Number         0  stubs.o ABSOLUTE
    _printf_ls                               0x00000000   Number         0  stubs.o ABSOLUTE
    _printf_mbtowc                           0x00000000   Number         0  stubs.o ABSOLUTE
    _printf_n                                0x00000000   Number         0  stubs.o ABSOLUTE
    _printf_o                                0x00000000   Number         0  stubs.o ABSOLUTE
    _printf_p                                0x00000000   Number         0  stubs.o ABSOLUTE
    _printf_percent                          0x00000000   Number         0  stubs.o ABSOLUTE
    _printf_pre_padding                      0x00000000   Number         0  stubs.o ABSOLUTE
    _printf_return_value                     0x00000000   Number         0  stubs.o ABSOLUTE
    _printf_s                                0x00000000   Number         0  stubs.o ABSOLUTE
    _printf_sizespec                         0x00000000   Number         0  stubs.o ABSOLUTE
    _printf_str                              0x00000000   Number         0  stubs.o ABSOLUTE
    _printf_truncate_signed                  0x00000000   Number         0  stubs.o ABSOLUTE
    _printf_truncate_unsigned                0x00000000   Number         0  stubs.o ABSOLUTE
    _printf_u                                0x00000000   Number         0  stubs.o ABSOLUTE
    _printf_wc                               0x00000000   Number         0  stubs.o ABSOLUTE
    _printf_wctomb                           0x00000000   Number         0  stubs.o ABSOLUTE
    _printf_widthprec                        0x00000000   Number         0  stubs.o ABSOLUTE
    _printf_x                                0x00000000   Number         0  stubs.o ABSOLUTE
    __cpp_initialize__aeabi_                  - Undefined Weak Reference
    __cxa_finalize                            - Undefined Weak Reference
    _clock_init                               - Undefined Weak Reference
    _microlib_exit                            - Undefined Weak Reference
    __Vectors_Size                           0x000000b8   Number         0  startup_stm32f030xc.o ABSOLUTE
    __Vectors                                0x08004000   Data           4  startup_stm32f030xc.o(RESET)
    __Vectors_End                            0x080040b8   Data           0  startup_stm32f030xc.o(RESET)
    __main                                   0x080040b9   Thumb Code     0  entry.o(.ARM.Collect$$$$00000000)
    _main_stk                                0x080040b9   Thumb Code     0  entry2.o(.ARM.Collect$$$$00000001)
    _main_scatterload                        0x080040bd   Thumb Code     0  entry5.o(.ARM.Collect$$$$00000004)
    __main_after_scatterload                 0x080040c1   Thumb Code     0  entry5.o(.ARM.Collect$$$$00000004)
    _main_clock                              0x080040c1   Thumb Code     0  entry7b.o(.ARM.Collect$$$$00000008)
    _main_cpp_init                           0x080040c1   Thumb Code     0  entry8b.o(.ARM.Collect$$$$0000000A)
    _main_init                               0x080040c1   Thumb Code     0  entry9a.o(.ARM.Collect$$$$0000000B)
    __rt_final_cpp                           0x080040c9   Thumb Code     0  entry10a.o(.ARM.Collect$$$$0000000D)
    __rt_final_exit                          0x080040c9   Thumb Code     0  entry11a.o(.ARM.Collect$$$$0000000F)
    Reset_Handler                            0x080040cd   Thumb Code    38  startup_stm32f030xc.o(.text)
    ADC1_IRQHandler                          0x080040fd   Thumb Code     0  startup_stm32f030xc.o(.text)
    FLASH_IRQHandler                         0x080040fd   Thumb Code     0  startup_stm32f030xc.o(.text)
    I2C1_IRQHandler                          0x080040fd   Thumb Code     0  startup_stm32f030xc.o(.text)
    I2C2_IRQHandler                          0x080040fd   Thumb Code     0  startup_stm32f030xc.o(.text)
    RCC_IRQHandler                           0x080040fd   Thumb Code     0  startup_stm32f030xc.o(.text)
    SPI1_IRQHandler                          0x080040fd   Thumb Code     0  startup_stm32f030xc.o(.text)
    SPI2_IRQHandler                          0x080040fd   Thumb Code     0  startup_stm32f030xc.o(.text)
    TIM14_IRQHandler                         0x080040fd   Thumb Code     0  startup_stm32f030xc.o(.text)
    TIM15_IRQHandler                         0x080040fd   Thumb Code     0  startup_stm32f030xc.o(.text)
    TIM16_IRQHandler                         0x080040fd   Thumb Code     0  startup_stm32f030xc.o(.text)
    TIM17_IRQHandler                         0x080040fd   Thumb Code     0  startup_stm32f030xc.o(.text)
    TIM1_BRK_UP_TRG_COM_IRQHandler           0x080040fd   Thumb Code     0  startup_stm32f030xc.o(.text)
    TIM1_CC_IRQHandler                       0x080040fd   Thumb Code     0  startup_stm32f030xc.o(.text)
    TIM3_IRQHandler                          0x080040fd   Thumb Code     0  startup_stm32f030xc.o(.text)
    TIM7_IRQHandler                          0x080040fd   Thumb Code     0  startup_stm32f030xc.o(.text)
    USART3_6_IRQHandler                      0x080040fd   Thumb Code     0  startup_stm32f030xc.o(.text)
    WWDG_IRQHandler                          0x080040fd   Thumb Code     0  startup_stm32f030xc.o(.text)
    rt_hw_interrupt_disable                  0x08004125   Thumb Code     8  context_rvds.o(.text)
    rt_hw_interrupt_enable                   0x0800412d   Thumb Code     6  context_rvds.o(.text)
    rt_hw_context_switch                     0x08004133   Thumb Code    28  context_rvds.o(.text)
    rt_hw_context_switch_interrupt           0x08004133   Thumb Code     0  context_rvds.o(.text)
    PendSV_Handler                           0x0800414f   Thumb Code    84  context_rvds.o(.text)
    rt_hw_context_switch_to                  0x080041a3   Thumb Code    44  context_rvds.o(.text)
    rt_hw_interrupt_thread_switch            0x080041cf   Thumb Code     2  context_rvds.o(.text)
    HardFault_Handler                        0x080041d1   Thumb Code    12  context_rvds.o(.text)
    __aeabi_uidiv                            0x080041fd   Thumb Code     0  uidiv.o(.text)
    __aeabi_uidivmod                         0x080041fd   Thumb Code    44  uidiv.o(.text)
    __aeabi_idiv                             0x08004229   Thumb Code     0  idiv.o(.text)
    __aeabi_idivmod                          0x08004229   Thumb Code    40  idiv.o(.text)
    __aeabi_memset                           0x08004251   Thumb Code    14  memseta.o(.text)
    __aeabi_memset4                          0x08004251   Thumb Code     0  memseta.o(.text)
    __aeabi_memset8                          0x08004251   Thumb Code     0  memseta.o(.text)
    __aeabi_memclr                           0x0800425f   Thumb Code     4  memseta.o(.text)
    __aeabi_memclr4                          0x0800425f   Thumb Code     0  memseta.o(.text)
    __aeabi_memclr8                          0x0800425f   Thumb Code     0  memseta.o(.text)
    _memset$wrapper                          0x08004263   Thumb Code    18  memseta.o(.text)
    __scatterload                            0x08004275   Thumb Code    28  init.o(.text)
    __scatterload_rt2                        0x08004275   Thumb Code     0  init.o(.text)
    __decompress                             0x08004299   Thumb Code     0  __dczerorl2.o(.text)
    __decompress1                            0x08004299   Thumb Code    86  __dczerorl2.o(.text)
    main                                     0x080042ef   Thumb Code    10  components.o(i.$Sub$$main)
    ADC_ChannelConfig                        0x080042f9   Thumb Code    24  stm32f0xx_adc.o(i.ADC_ChannelConfig)
    ADC_Cmd                                  0x08004311   Thumb Code    24  stm32f0xx_adc.o(i.ADC_Cmd)
    ADC_DMACmd                               0x08004329   Thumb Code    24  stm32f0xx_adc.o(i.ADC_DMACmd)
    ADC_DMARequestModeConfig                 0x08004341   Thumb Code    16  stm32f0xx_adc.o(i.ADC_DMARequestModeConfig)
    ADC_DeInit                               0x080043d1   Thumb Code    28  stm32f0xx_adc.o(i.ADC_DeInit)
    ADC_GetCalibrationFactor                 0x080043f1   Thumb Code    60  stm32f0xx_adc.o(i.ADC_GetCalibrationFactor)
    ADC_GetFlagStatus                        0x0800442d   Thumb Code    48  stm32f0xx_adc.o(i.ADC_GetFlagStatus)
    ADC_Init                                 0x0800445d   Thumb Code    40  stm32f0xx_adc.o(i.ADC_Init)
    ADC_StartOfConversion                    0x08004489   Thumb Code    10  stm32f0xx_adc.o(i.ADC_StartOfConversion)
    ADC_StructInit                           0x08004493   Thumb Code    16  stm32f0xx_adc.o(i.ADC_StructInit)
    DMA1_Channel1_IRQHandler                 0x080044a3   Thumb Code    16  stm32f0xx_it.o(i.DMA1_Channel1_IRQHandler)
    DMA1_Channel2_3_IRQHandler               0x080044b3   Thumb Code     2  stm32f0xx_it.o(i.DMA1_Channel2_3_IRQHandler)
    DMA1_Channel4_5_IRQHandler               0x080044b5   Thumb Code     2  stm32f0xx_it.o(i.DMA1_Channel4_5_IRQHandler)
    DMA_ClearITPendingBit                    0x080044b9   Thumb Code    22  stm32f0xx_dma.o(i.DMA_ClearITPendingBit)
    DMA_Cmd                                  0x080044d9   Thumb Code    24  stm32f0xx_dma.o(i.DMA_Cmd)
    DMA_DeInit                               0x080044f5   Thumb Code   342  stm32f0xx_dma.o(i.DMA_DeInit)
    DMA_GetITStatus                          0x08004659   Thumb Code    42  stm32f0xx_dma.o(i.DMA_GetITStatus)
    DMA_ITConfig                             0x0800468d   Thumb Code    20  stm32f0xx_dma.o(i.DMA_ITConfig)
    DMA_Init                                 0x080046a1   Thumb Code    58  stm32f0xx_dma.o(i.DMA_Init)
    EXTI0_1_IRQHandler                       0x080046e1   Thumb Code    16  stm32f0xx_it.o(i.EXTI0_1_IRQHandler)
    EXTI2_3_IRQHandler                       0x080046f5   Thumb Code    16  stm32f0xx_it.o(i.EXTI2_3_IRQHandler)
    EXTI4_15_IRQHandler                      0x08004709   Thumb Code    64  stm32f0xx_it.o(i.EXTI4_15_IRQHandler)
    EXTI_ClearFlag                           0x0800474d   Thumb Code     6  stm32f0xx_exti.o(i.EXTI_ClearFlag)
    EXTI_ClearITPendingBit                   0x08004759   Thumb Code     6  stm32f0xx_exti.o(i.EXTI_ClearITPendingBit)
    EXTI_GetITStatus                         0x08004765   Thumb Code    22  stm32f0xx_exti.o(i.EXTI_GetITStatus)
    EXTI_Init                                0x08004781   Thumb Code   132  stm32f0xx_exti.o(i.EXTI_Init)
    GPIO_Init                                0x08004809   Thumb Code   144  stm32f0xx_gpio.o(i.GPIO_Init)
    GPIO_PinAFConfig                         0x08004899   Thumb Code    68  stm32f0xx_gpio.o(i.GPIO_PinAFConfig)
    GPIO_ReadInputDataBit                    0x080048dd   Thumb Code    20  stm32f0xx_gpio.o(i.GPIO_ReadInputDataBit)
    GPIO_ResetBits                           0x080048f1   Thumb Code     4  stm32f0xx_gpio.o(i.GPIO_ResetBits)
    GPIO_SetBits                             0x080048f5   Thumb Code     4  stm32f0xx_gpio.o(i.GPIO_SetBits)
    NMI_Handler                              0x080048f9   Thumb Code    24  stm32f0xx_it.o(i.NMI_Handler)
    NVIC_Init                                0x08004919   Thumb Code   106  stm32f0xx_misc.o(i.NVIC_Init)
    RCC_ADCCLKConfig                         0x08004a01   Thumb Code    52  stm32f0xx_rcc.o(i.RCC_ADCCLKConfig)
    RCC_AHBPeriphClockCmd                    0x08004a39   Thumb Code    28  stm32f0xx_rcc.o(i.RCC_AHBPeriphClockCmd)
    RCC_APB1PeriphClockCmd                   0x08004a59   Thumb Code    28  stm32f0xx_rcc.o(i.RCC_APB1PeriphClockCmd)
    RCC_APB2PeriphClockCmd                   0x08004a79   Thumb Code    28  stm32f0xx_rcc.o(i.RCC_APB2PeriphClockCmd)
    RCC_APB2PeriphResetCmd                   0x08004a99   Thumb Code    28  stm32f0xx_rcc.o(i.RCC_APB2PeriphResetCmd)
    RCC_GetClocksFreq                        0x08004ab9   Thumb Code   554  stm32f0xx_rcc.o(i.RCC_GetClocksFreq)
    RTC_ClearITPendingBit                    0x08004d39   Thumb Code    30  stm32f0xx_rtc.o(i.RTC_ClearITPendingBit)
    RTC_EnterInitMode                        0x08004d5d   Thumb Code    82  stm32f0xx_rtc.o(i.RTC_EnterInitMode)
    RTC_ExitInitMode                         0x08004db5   Thumb Code    14  stm32f0xx_rtc.o(i.RTC_ExitInitMode)
    RTC_GetITStatus                          0x08004dc9   Thumb Code    72  stm32f0xx_rtc.o(i.RTC_GetITStatus)
    RTC_IRQHandler                           0x08004e15   Thumb Code    54  stm32f0xx_it.o(i.RTC_IRQHandler)
    RTC_SetTime                              0x08004e4d   Thumb Code   208  stm32f0xx_rtc.o(i.RTC_SetTime)
    RTC_WaitForSynchro                       0x08004f25   Thumb Code   104  stm32f0xx_rtc.o(i.RTC_WaitForSynchro)
    STATE_MgrChangeState                     0x08004f91   Thumb Code    72  state.o(i.STATE_MgrChangeState)
    STATE_MgrGetPreStateId                   0x08004fe1   Thumb Code     6  state.o(i.STATE_MgrGetPreStateId)
    STATE_MgrInitialize                      0x08004fed   Thumb Code    28  state.o(i.STATE_MgrInitialize)
    STATE_MgrProcessMsg                      0x0800500d   Thumb Code    28  state.o(i.STATE_MgrProcessMsg)
    SVC_Handler                              0x0800502d   Thumb Code     2  stm32f0xx_it.o(i.SVC_Handler)
    SYSCFG_EXTILineConfig                    0x08005031   Thumb Code    60  stm32f0xx_syscfg.o(i.SYSCFG_EXTILineConfig)
    SysTick_Handler                          0x080050f9   Thumb Code    16  board.o(i.SysTick_Handler)
    SystemCoreClockUpdate                    0x08005109   Thumb Code   154  system_stm32f0xx.o(i.SystemCoreClockUpdate)
    SystemInit                               0x080051b9   Thumb Code   110  system_stm32f0xx.o(i.SystemInit)
    TIM6_IRQHandler                          0x08005235   Thumb Code    32  stm32f0xx_it.o(i.TIM6_IRQHandler)
    TIM_ClearFlag                            0x080052c5   Thumb Code     6  stm32f0xx_tim.o(i.TIM_ClearFlag)
    TIM_ClearITPendingBit                    0x080052cb   Thumb Code     6  stm32f0xx_tim.o(i.TIM_ClearITPendingBit)
    TIM_Cmd                                  0x080052d1   Thumb Code    24  stm32f0xx_tim.o(i.TIM_Cmd)
    TIM_GetITStatus                          0x080052ed   Thumb Code    38  stm32f0xx_tim.o(i.TIM_GetITStatus)
    TIM_ITConfig                             0x08005313   Thumb Code    20  stm32f0xx_tim.o(i.TIM_ITConfig)
    TIM_TimeBaseInit                         0x08005329   Thumb Code    90  stm32f0xx_tim.o(i.TIM_TimeBaseInit)
    USART1_IRQHandler                        0x080053a5   Thumb Code   132  stm32f0xx_it.o(i.USART1_IRQHandler)
    USART2_IRQHandler                        0x0800543d   Thumb Code   126  stm32f0xx_it.o(i.USART2_IRQHandler)
    USART_ClearFlag                          0x080054cd   Thumb Code     4  stm32f0xx_usart.o(i.USART_ClearFlag)
    USART_ClearITPendingBit                  0x080054d1   Thumb Code    18  stm32f0xx_usart.o(i.USART_ClearITPendingBit)
    USART_Cmd                                0x080054e3   Thumb Code    24  stm32f0xx_usart.o(i.USART_Cmd)
    USART_DirectionModeCmd                   0x080054fb   Thumb Code    20  stm32f0xx_usart.o(i.USART_DirectionModeCmd)
    USART_GetFlagStatus                      0x0800550f   Thumb Code    20  stm32f0xx_usart.o(i.USART_GetFlagStatus)
    USART_GetITStatus                        0x08005523   Thumb Code    78  stm32f0xx_usart.o(i.USART_GetITStatus)
    USART_ITConfig                           0x08005571   Thumb Code    66  stm32f0xx_usart.o(i.USART_ITConfig)
    USART_Init                               0x080055b5   Thumb Code   226  stm32f0xx_usart.o(i.USART_Init)
    USART_ReceiveData                        0x080056ad   Thumb Code    10  stm32f0xx_usart.o(i.USART_ReceiveData)
    USART_RequestCmd                         0x080056b7   Thumb Code    20  stm32f0xx_usart.o(i.USART_RequestCmd)
    __ARM_common_switch8                     0x08005701   Thumb Code    28  battery.o(i.__ARM_common_switch8)
    __rt_ffs                                 0x0800571d   Thumb Code    86  kservice.o(i.__rt_ffs)
    __scatterload_copy                       0x08005779   Thumb Code    14  handlers.o(i.__scatterload_copy)
    __scatterload_null                       0x08005787   Thumb Code     2  handlers.o(i.__scatterload_null)
    __scatterload_zeroinit                   0x08005789   Thumb Code    14  handlers.o(i.__scatterload_zeroinit)
    app_vector_redirection                   0x080059b5   Thumb Code    28  main.o(i.app_vector_redirection)
    desktop_msg_timer_process                0x080059d9   Thumb Code     2  state_desktop.o(i.desktop_msg_timer_process)
    desktop_state_init                       0x080059db   Thumb Code    22  state_desktop.o(i.desktop_state_init)
    desktop_state_proc                       0x080059f1   Thumb Code    40  state_desktop.o(i.desktop_state_proc)
    desktop_state_term                       0x08005a19   Thumb Code     4  state_desktop.o(i.desktop_state_term)
    free                                     0x08005bfd   Thumb Code    80  malloc.o(i.free)
    get_gpio_state                           0x08005c51   Thumb Code   136  tom_interface.o(i.get_gpio_state)
    get_keyboard_value                       0x08005ce1   Thumb Code     6  keyboard.o(i.get_keyboard_value)
    hc595_set                                0x08005d75   Thumb Code    42  hc595.o(i.hc595_set)
    init_state_init                          0x08005da5   Thumb Code    32  state_init.o(i.init_state_init)
    init_state_proc                          0x08005dc5   Thumb Code    30  state_init.o(i.init_state_proc)
    init_state_term                          0x08005de3   Thumb Code     4  state_init.o(i.init_state_term)
    key_scan                                 0x08005dfd   Thumb Code   500  key.o(i.key_scan)
    keyboard_value_identify                  0x08006069   Thumb Code   552  keyboard.o(i.keyboard_value_identify)
    knob_line_A_detection                    0x08006315   Thumb Code   124  knob.o(i.knob_line_A_detection)
    knob_line_B_detection                    0x0800639d   Thumb Code   124  knob.o(i.knob_line_B_detection)
    $Super$$main                             0x08006479   Thumb Code   234  main.o(i.main)
    main_thread_entry                        0x080065b1   Thumb Code    14  components.o(i.main_thread_entry)
    rcc_init_GPIO_en                         0x080067d1   Thumb Code   102  stm32f0xx_rcc.o(i.rcc_init_GPIO_en)
    rt_application_init                      0x08006879   Thumb Code    32  components.o(i.rt_application_init)
    rt_components_board_init                 0x080068a5   Thumb Code    20  components.o(i.rt_components_board_init)
    rt_components_init                       0x080068c1   Thumb Code    20  components.o(i.rt_components_init)
    rt_enter_critical                        0x080068dd   Thumb Code    28  scheduler.o(i.rt_enter_critical)
    rt_exit_critical                         0x080068fd   Thumb Code    64  scheduler.o(i.rt_exit_critical)
    rt_free                                  0x08006945   Thumb Code   134  mem.o(i.rt_free)
    rt_heap_begin_get                        0x08006a2d   Thumb Code     4  board.o(i.rt_heap_begin_get)
    rt_heap_end_get                          0x08006a35   Thumb Code     4  board.o(i.rt_heap_end_get)
    rt_hw_board_init                         0x08006a3d   Thumb Code    48  board.o(i.rt_hw_board_init)
    rt_hw_console_output                     0x08006a71   Thumb Code     2  kservice.o(i.rt_hw_console_output)
    rt_hw_hard_fault_exception               0x08006a75   Thumb Code    80  cpuport.o(i.rt_hw_hard_fault_exception)
    rt_hw_stack_init                         0x08006b65   Thumb Code    58  cpuport.o(i.rt_hw_stack_init)
    rt_interrupt_enter                       0x08006ba5   Thumb Code    26  irq.o(i.rt_interrupt_enter)
    rt_interrupt_leave                       0x08006bc5   Thumb Code    26  irq.o(i.rt_interrupt_leave)
    rt_kprintf                               0x08006c6d   Thumb Code    46  kservice.o(i.rt_kprintf)
    rt_malloc                                0x08006d31   Thumb Code   334  mem.o(i.rt_malloc)
    rt_memcpy                                0x08006e9d   Thumb Code    94  kservice.o(i.rt_memcpy)
    rt_memset                                0x08006efb   Thumb Code    76  kservice.o(i.rt_memset)
    rt_mq_init                               0x08006f47   Thumb Code    98  ipc.o(i.rt_mq_init)
    rt_mq_recv                               0x08006fa9   Thumb Code   260  ipc.o(i.rt_mq_recv)
    rt_mq_send                               0x080070ad   Thumb Code   142  ipc.o(i.rt_mq_send)
    rt_object_allocate                       0x0800713b   Thumb Code    80  object.o(i.rt_object_allocate)
    rt_object_delete                         0x0800718b   Thumb Code    36  object.o(i.rt_object_delete)
    rt_object_detach                         0x080071af   Thumb Code    30  object.o(i.rt_object_detach)
    rt_object_get_information                0x080071cd   Thumb Code    32  object.o(i.rt_object_get_information)
    rt_object_init                           0x080071f1   Thumb Code    84  object.o(i.rt_object_init)
    rt_object_is_systemobject                0x08007245   Thumb Code    20  object.o(i.rt_object_is_systemobject)
    rt_schedule                              0x08007259   Thumb Code   106  scheduler.o(i.rt_schedule)
    rt_schedule_insert_thread                0x080072dd   Thumb Code    74  scheduler.o(i.rt_schedule_insert_thread)
    rt_schedule_remove_thread                0x08007331   Thumb Code    78  scheduler.o(i.rt_schedule_remove_thread)
    rt_sem_init                              0x08007389   Thumb Code    34  ipc.o(i.rt_sem_init)
    rt_sem_release                           0x080073ab   Thumb Code    60  ipc.o(i.rt_sem_release)
    rt_sem_take                              0x080073e7   Thumb Code   120  ipc.o(i.rt_sem_take)
    rt_show_version                          0x08007461   Thumb Code    38  kservice.o(i.rt_show_version)
    rt_strlen                                0x08007511   Thumb Code    18  kservice.o(i.rt_strlen)
    rt_strncpy                               0x08007523   Thumb Code    56  kservice.o(i.rt_strncpy)
    rt_system_heap_init                      0x0800755d   Thumb Code   154  mem.o(i.rt_system_heap_init)
    rt_system_scheduler_init                 0x08007651   Thumb Code    52  scheduler.o(i.rt_system_scheduler_init)
    rt_system_scheduler_start                0x0800769d   Thumb Code    36  scheduler.o(i.rt_system_scheduler_start)
    rt_system_timer_init                     0x080076cd   Thumb Code    24  timer.o(i.rt_system_timer_init)
    rt_system_timer_thread_init              0x080076e9   Thumb Code     2  timer.o(i.rt_system_timer_thread_init)
    rt_thread_create                         0x080076eb   Thumb Code    80  thread.o(i.rt_thread_create)
    rt_thread_exit                           0x0800773d   Thumb Code    78  thread.o(i.rt_thread_exit)
    rt_thread_idle_excute                    0x0800779d   Thumb Code   138  idle.o(i.rt_thread_idle_excute)
    rt_thread_idle_init                      0x0800782d   Thumb Code    38  idle.o(i.rt_thread_idle_init)
    rt_thread_init                           0x08007869   Thumb Code    44  thread.o(i.rt_thread_init)
    rt_thread_mdelay                         0x08007895   Thumb Code    20  thread.o(i.rt_thread_mdelay)
    rt_thread_resume                         0x080078a9   Thumb Code    60  thread.o(i.rt_thread_resume)
    rt_thread_self                           0x080078e5   Thumb Code     6  thread.o(i.rt_thread_self)
    rt_thread_sleep                          0x080078f1   Thumb Code    62  thread.o(i.rt_thread_sleep)
    rt_thread_startup                        0x08007935   Thumb Code    48  thread.o(i.rt_thread_startup)
    rt_thread_suspend                        0x08007965   Thumb Code    68  thread.o(i.rt_thread_suspend)
    rt_thread_timeout                        0x080079a9   Thumb Code    32  thread.o(i.rt_thread_timeout)
    rt_thread_yield                          0x080079c9   Thumb Code    92  thread.o(i.rt_thread_yield)
    rt_tick_from_millisecond                 0x08007a2d   Thumb Code    62  clock.o(i.rt_tick_from_millisecond)
    rt_tick_get                              0x08007a6d   Thumb Code     6  clock.o(i.rt_tick_get)
    rt_tick_increase                         0x08007a79   Thumb Code    44  clock.o(i.rt_tick_increase)
    rt_timer_check                           0x08007aa9   Thumb Code   120  timer.o(i.rt_timer_check)
    rt_timer_control                         0x08007b29   Thumb Code    60  timer.o(i.rt_timer_control)
    rt_timer_detach                          0x08007b65   Thumb Code    32  timer.o(i.rt_timer_detach)
    rt_timer_init                            0x08007b85   Thumb Code    38  timer.o(i.rt_timer_init)
    rt_timer_start                           0x08007bad   Thumb Code   250  timer.o(i.rt_timer_start)
    rt_timer_stop                            0x08007cb5   Thumb Code    48  timer.o(i.rt_timer_stop)
    rt_vsnprintf                             0x08007ce5   Thumb Code   862  kservice.o(i.rt_vsnprintf)
    rtthread_startup                         0x0800805d   Thumb Code    42  components.o(i.rtthread_startup)
    set_gpio_state                           0x08008089   Thumb Code   304  tom_interface.o(i.set_gpio_state)
    tom_interface_init                       0x08008241   Thumb Code    44  tom_interface.o(i.tom_interface_init)
    uart2_buf_clear                          0x08008349   Thumb Code    28  tom_interface.o(i.uart2_buf_clear)
    zpoc_sigalrm_fn                          0x08008429   Thumb Code    28  main.o(i.zpoc_sigalrm_fn)
    lcd_pin                                  0x08008448   Data          26  tom_interface.o(.constdata)
    __lowest_bit_bitmap                      0x08008462   Data         256  kservice.o(.constdata)
    __rt_init_rti_start                      0x08008584   Data           4  components.o(.rti_fn.0)
    __rt_init_rti_board_start                0x08008588   Data           4  components.o(.rti_fn.0.end)
    __rt_init_app_vector_redirection         0x0800858c   Data           4  main.o(.rti_fn.1)
    __rt_init_rti_board_end                  0x08008590   Data           4  components.o(.rti_fn.1.end)
    __rt_init_rti_end                        0x08008594   Data           4  components.o(.rti_fn.6.end)
    Region$$Table$$Base                      0x08008598   Number         0  anon$$obj.o(Region$$Table)
    Region$$Table$$Limit                     0x080085c8   Number         0  anon$$obj.o(Region$$Table)
    VectorTable                              0x20000000   Data         192  main.o(.ARM.__AT_0x20000000)
    uart1_recv_timer                         0x200000c8   Data           2  stm32f0xx_it.o(.data)
    SysTick_Cnt                              0x200000cc   Data           4  stm32f0xx_it.o(.data)
    first_line                               0x200000d0   Data           1  knob.o(.data)
    first_line_edge                          0x200000d1   Data           1  knob.o(.data)
    while_timeout                            0x200000d4   Data           1  tom_interface.o(.data)
    all_adc                                  0x200000d6   Data           8  tom_interface.o(.data)
    step_switch                              0x200000de   Data           1  tom_interface.o(.data)
    rx_len                                   0x200000df   Data           1  tom_interface.o(.data)
    usart2_tx_len                            0x200000e0   Data           2  tom_interface.o(.data)
    UartReady                                0x200000e2   Data           1  tom_interface.o(.data)
    lcd_port                                 0x200000e4   Data          52  tom_interface.o(.data)
    DesktopStateMgr                          0x20000130   Data          12  state_desktop.o(.data)
    InitStateMgr                             0x2000013c   Data          12  state_init.o(.data)
    SystemCoreClock                          0x20000168   Data           4  system_stm32f0xx.o(.data)
    AHBPrescTable                            0x2000016c   Data          16  system_stm32f0xx.o(.data)
    rt_interrupt_from_thread                 0x2000017c   Data           4  cpuport.o(.data)
    rt_interrupt_to_thread                   0x20000180   Data           4  cpuport.o(.data)
    rt_thread_switch_interrupt_flag          0x20000184   Data           4  cpuport.o(.data)
    rt_interrupt_nest                        0x2000018c   Data           1  irq.o(.data)
    rt_current_thread                        0x200001fc   Data           4  scheduler.o(.data)
    rt_current_priority                      0x20000200   Data           1  scheduler.o(.data)
    rt_thread_ready_priority_group           0x20000204   Data           4  scheduler.o(.data)
    rt_thread_defunct                        0x20000208   Data           8  scheduler.o(.data)
    __microlib_freelist                      0x2000021c   Data           4  mvars.o(.data)
    gps_device                               0x20000a54   Data        2388  gps.o(.bss)
    poc                                      0x200014a8   Data       13124  poc.o(.bss)
    all_key                                  0x20004900   Data         102  key.o(.bss)
    rt_thread_priority_table                 0x20004b80   Data          64  scheduler.o(.bss)
    __initial_sp                             0x200063c0   Data           0  startup_stm32f030xc.o(STACK)



==============================================================================

Memory Map of the image

  Image Entry point : 0x080040b9

  Load Region LR_IROM1 (Base: 0x08004000, Size: 0x00004724, Max: 0x0003c000, ABSOLUTE, COMPRESSED[0x00004634])

    Execution Region ER_IROM1 (Exec base: 0x08004000, Load base: 0x08004000, Size: 0x000045c8, Max: 0x0003c000, ABSOLUTE)

    Exec Addr    Load Addr    Size         Type   Attr      Idx    E Section Name        Object

    0x08004000   0x08004000   0x000000b8   Data   RO         6499    RESET               startup_stm32f030xc.o
    0x080040b8   0x080040b8   0x00000000   Code   RO         7539  * .ARM.Collect$$$$00000000  mc_p.l(entry.o)
    0x080040b8   0x080040b8   0x00000004   Code   RO         7867    .ARM.Collect$$$$00000001  mc_p.l(entry2.o)
    0x080040bc   0x080040bc   0x00000004   Code   RO         7870    .ARM.Collect$$$$00000004  mc_p.l(entry5.o)
    0x080040c0   0x080040c0   0x00000000   Code   RO         7872    .ARM.Collect$$$$00000008  mc_p.l(entry7b.o)
    0x080040c0   0x080040c0   0x00000000   Code   RO         7874    .ARM.Collect$$$$0000000A  mc_p.l(entry8b.o)
    0x080040c0   0x080040c0   0x00000008   Code   RO         7875    .ARM.Collect$$$$0000000B  mc_p.l(entry9a.o)
    0x080040c8   0x080040c8   0x00000000   Code   RO         7877    .ARM.Collect$$$$0000000D  mc_p.l(entry10a.o)
    0x080040c8   0x080040c8   0x00000000   Code   RO         7879    .ARM.Collect$$$$0000000F  mc_p.l(entry11a.o)
    0x080040c8   0x080040c8   0x00000004   Code   RO         7868    .ARM.Collect$$$$00002712  mc_p.l(entry2.o)
    0x080040cc   0x080040cc   0x00000058   Code   RO         6500    .text               startup_stm32f030xc.o
    0x08004124   0x08004124   0x000000d8   Code   RO         6504    .text               context_rvds.o
    0x080041fc   0x080041fc   0x0000002c   Code   RO         7542    .text               mc_p.l(uidiv.o)
    0x08004228   0x08004228   0x00000028   Code   RO         7544    .text               mc_p.l(idiv.o)
    0x08004250   0x08004250   0x00000024   Code   RO         7550    .text               mc_p.l(memseta.o)
    0x08004274   0x08004274   0x00000024   Code   RO         7914    .text               mc_p.l(init.o)
    0x08004298   0x08004298   0x00000056   Code   RO         7977    .text               mc_p.l(__dczerorl2.o)
    0x080042ee   0x080042ee   0x0000000a   Code   RO         6577    i.$Sub$$main        components.o
    0x080042f8   0x080042f8   0x00000018   Code   RO         2862    i.ADC_ChannelConfig  stm32f0xx_adc.o
    0x08004310   0x08004310   0x00000018   Code   RO         2866    i.ADC_Cmd           stm32f0xx_adc.o
    0x08004328   0x08004328   0x00000018   Code   RO         2868    i.ADC_DMACmd        stm32f0xx_adc.o
    0x08004340   0x08004340   0x00000010   Code   RO         2869    i.ADC_DMARequestModeConfig  stm32f0xx_adc.o
    0x08004350   0x08004350   0x00000080   Code   RO         1298    i.ADC_DMA_Init      tom_interface.o
    0x080043d0   0x080043d0   0x00000020   Code   RO         2870    i.ADC_DeInit        stm32f0xx_adc.o
    0x080043f0   0x080043f0   0x0000003c   Code   RO         2872    i.ADC_GetCalibrationFactor  stm32f0xx_adc.o
    0x0800442c   0x0800442c   0x00000030   Code   RO         2874    i.ADC_GetFlagStatus  stm32f0xx_adc.o
    0x0800445c   0x0800445c   0x0000002c   Code   RO         2877    i.ADC_Init          stm32f0xx_adc.o
    0x08004488   0x08004488   0x0000000a   Code   RO         2880    i.ADC_StartOfConversion  stm32f0xx_adc.o
    0x08004492   0x08004492   0x00000010   Code   RO         2882    i.ADC_StructInit    stm32f0xx_adc.o
    0x080044a2   0x080044a2   0x00000010   Code   RO          246    i.DMA1_Channel1_IRQHandler  stm32f0xx_it.o
    0x080044b2   0x080044b2   0x00000002   Code   RO          247    i.DMA1_Channel2_3_IRQHandler  stm32f0xx_it.o
    0x080044b4   0x080044b4   0x00000002   Code   RO          248    i.DMA1_Channel4_5_IRQHandler  stm32f0xx_it.o
    0x080044b6   0x080044b6   0x00000002   PAD
    0x080044b8   0x080044b8   0x00000020   Code   RO         3779    i.DMA_ClearITPendingBit  stm32f0xx_dma.o
    0x080044d8   0x080044d8   0x0000001c   Code   RO         3780    i.DMA_Cmd           stm32f0xx_dma.o
    0x080044f4   0x080044f4   0x00000164   Code   RO         3781    i.DMA_DeInit        stm32f0xx_dma.o
    0x08004658   0x08004658   0x00000034   Code   RO         3784    i.DMA_GetITStatus   stm32f0xx_dma.o
    0x0800468c   0x0800468c   0x00000014   Code   RO         3785    i.DMA_ITConfig      stm32f0xx_dma.o
    0x080046a0   0x080046a0   0x00000040   Code   RO         3786    i.DMA_Init          stm32f0xx_dma.o
    0x080046e0   0x080046e0   0x00000014   Code   RO          249    i.EXTI0_1_IRQHandler  stm32f0xx_it.o
    0x080046f4   0x080046f4   0x00000014   Code   RO          250    i.EXTI2_3_IRQHandler  stm32f0xx_it.o
    0x08004708   0x08004708   0x00000044   Code   RO          251    i.EXTI4_15_IRQHandler  stm32f0xx_it.o
    0x0800474c   0x0800474c   0x0000000c   Code   RO         3864    i.EXTI_ClearFlag    stm32f0xx_exti.o
    0x08004758   0x08004758   0x0000000c   Code   RO         3865    i.EXTI_ClearITPendingBit  stm32f0xx_exti.o
    0x08004764   0x08004764   0x0000001c   Code   RO         3869    i.EXTI_GetITStatus  stm32f0xx_exti.o
    0x08004780   0x08004780   0x00000088   Code   RO         3870    i.EXTI_Init         stm32f0xx_exti.o
    0x08004808   0x08004808   0x00000090   Code   RO         4127    i.GPIO_Init         stm32f0xx_gpio.o
    0x08004898   0x08004898   0x00000044   Code   RO         4128    i.GPIO_PinAFConfig  stm32f0xx_gpio.o
    0x080048dc   0x080048dc   0x00000014   Code   RO         4131    i.GPIO_ReadInputDataBit  stm32f0xx_gpio.o
    0x080048f0   0x080048f0   0x00000004   Code   RO         4134    i.GPIO_ResetBits    stm32f0xx_gpio.o
    0x080048f4   0x080048f4   0x00000004   Code   RO         4135    i.GPIO_SetBits      stm32f0xx_gpio.o
    0x080048f8   0x080048f8   0x00000020   Code   RO          252    i.NMI_Handler       stm32f0xx_it.o
    0x08004918   0x08004918   0x00000070   Code   RO         4540    i.NVIC_Init         stm32f0xx_misc.o
    0x08004988   0x08004988   0x00000078   Code   RO            3    i.NVIC_SetPriority  main.o
    0x08004a00   0x08004a00   0x00000038   Code   RO         4646    i.RCC_ADCCLKConfig  stm32f0xx_rcc.o
    0x08004a38   0x08004a38   0x00000020   Code   RO         4647    i.RCC_AHBPeriphClockCmd  stm32f0xx_rcc.o
    0x08004a58   0x08004a58   0x00000020   Code   RO         4649    i.RCC_APB1PeriphClockCmd  stm32f0xx_rcc.o
    0x08004a78   0x08004a78   0x00000020   Code   RO         4651    i.RCC_APB2PeriphClockCmd  stm32f0xx_rcc.o
    0x08004a98   0x08004a98   0x00000020   Code   RO         4652    i.RCC_APB2PeriphResetCmd  stm32f0xx_rcc.o
    0x08004ab8   0x08004ab8   0x00000248   Code   RO         4661    i.RCC_GetClocksFreq  stm32f0xx_rcc.o
    0x08004d00   0x08004d00   0x0000001a   Code   RO         4923    i.RTC_Bcd2ToByte    stm32f0xx_rtc.o
    0x08004d1a   0x08004d1a   0x0000001c   Code   RO         4925    i.RTC_ByteToBcd2    stm32f0xx_rtc.o
    0x08004d36   0x08004d36   0x00000002   PAD
    0x08004d38   0x08004d38   0x00000024   Code   RO         4929    i.RTC_ClearITPendingBit  stm32f0xx_rtc.o
    0x08004d5c   0x08004d5c   0x00000058   Code   RO         4933    i.RTC_EnterInitMode  stm32f0xx_rtc.o
    0x08004db4   0x08004db4   0x00000014   Code   RO         4934    i.RTC_ExitInitMode  stm32f0xx_rtc.o
    0x08004dc8   0x08004dc8   0x0000004c   Code   RO         4939    i.RTC_GetITStatus   stm32f0xx_rtc.o
    0x08004e14   0x08004e14   0x00000036   Code   RO          253    i.RTC_IRQHandler    stm32f0xx_it.o
    0x08004e4a   0x08004e4a   0x00000002   PAD
    0x08004e4c   0x08004e4c   0x000000d8   Code   RO         4954    i.RTC_SetTime       stm32f0xx_rtc.o
    0x08004f24   0x08004f24   0x0000006c   Code   RO         4968    i.RTC_WaitForSynchro  stm32f0xx_rtc.o
    0x08004f90   0x08004f90   0x00000050   Code   RO         2028    i.STATE_MgrChangeState  state.o
    0x08004fe0   0x08004fe0   0x0000000c   Code   RO         2030    i.STATE_MgrGetPreStateId  state.o
    0x08004fec   0x08004fec   0x00000020   Code   RO         2031    i.STATE_MgrInitialize  state.o
    0x0800500c   0x0800500c   0x00000020   Code   RO         2032    i.STATE_MgrProcessMsg  state.o
    0x0800502c   0x0800502c   0x00000002   Code   RO          254    i.SVC_Handler       stm32f0xx_it.o
    0x0800502e   0x0800502e   0x00000002   PAD
    0x08005030   0x08005030   0x00000040   Code   RO         5454    i.SYSCFG_EXTILineConfig  stm32f0xx_syscfg.o
    0x08005070   0x08005070   0x00000088   Code   RO         6462    i.SetSysClock       system_stm32f0xx.o
    0x080050f8   0x080050f8   0x00000010   Code   RO         7497    i.SysTick_Handler   board.o
    0x08005108   0x08005108   0x000000b0   Code   RO         6463    i.SystemCoreClockUpdate  system_stm32f0xx.o
    0x080051b8   0x080051b8   0x0000007c   Code   RO         6464    i.SystemInit        system_stm32f0xx.o
    0x08005234   0x08005234   0x00000024   Code   RO          255    i.TIM6_IRQHandler   stm32f0xx_it.o
    0x08005258   0x08005258   0x0000006c   Code   RO         1302    i.TIM6_init         tom_interface.o
    0x080052c4   0x080052c4   0x00000006   Code   RO         5534    i.TIM_ClearFlag     stm32f0xx_tim.o
    0x080052ca   0x080052ca   0x00000006   Code   RO         5535    i.TIM_ClearITPendingBit  stm32f0xx_tim.o
    0x080052d0   0x080052d0   0x0000001c   Code   RO         5540    i.TIM_Cmd           stm32f0xx_tim.o
    0x080052ec   0x080052ec   0x00000026   Code   RO         5561    i.TIM_GetITStatus   stm32f0xx_tim.o
    0x08005312   0x08005312   0x00000014   Code   RO         5565    i.TIM_ITConfig      stm32f0xx_tim.o
    0x08005326   0x08005326   0x00000002   PAD
    0x08005328   0x08005328   0x0000007c   Code   RO         5613    i.TIM_TimeBaseInit  stm32f0xx_tim.o
    0x080053a4   0x080053a4   0x00000098   Code   RO          256    i.USART1_IRQHandler  stm32f0xx_it.o
    0x0800543c   0x0800543c   0x00000090   Code   RO          257    i.USART2_IRQHandler  stm32f0xx_it.o
    0x080054cc   0x080054cc   0x00000004   Code   RO         6095    i.USART_ClearFlag   stm32f0xx_usart.o
    0x080054d0   0x080054d0   0x00000012   Code   RO         6096    i.USART_ClearITPendingBit  stm32f0xx_usart.o
    0x080054e2   0x080054e2   0x00000018   Code   RO         6099    i.USART_Cmd         stm32f0xx_usart.o
    0x080054fa   0x080054fa   0x00000014   Code   RO         6106    i.USART_DirectionModeCmd  stm32f0xx_usart.o
    0x0800550e   0x0800550e   0x00000014   Code   RO         6107    i.USART_GetFlagStatus  stm32f0xx_usart.o
    0x08005522   0x08005522   0x0000004e   Code   RO         6108    i.USART_GetITStatus  stm32f0xx_usart.o
    0x08005570   0x08005570   0x00000042   Code   RO         6110    i.USART_ITConfig    stm32f0xx_usart.o
    0x080055b2   0x080055b2   0x00000002   PAD
    0x080055b4   0x080055b4   0x000000f8   Code   RO         6111    i.USART_Init        stm32f0xx_usart.o
    0x080056ac   0x080056ac   0x0000000a   Code   RO         6123    i.USART_ReceiveData  stm32f0xx_usart.o
    0x080056b6   0x080056b6   0x00000014   Code   RO         6125    i.USART_RequestCmd  stm32f0xx_usart.o
    0x080056ca   0x080056ca   0x00000002   PAD
    0x080056cc   0x080056cc   0x00000034   Code   RO         7498    i._SysTick_Config   board.o
    0x08005700   0x08005700   0x0000001c   Code   RO          402    i.__ARM_common_switch8  battery.o
    0x0800571c   0x0800571c   0x0000005c   Code   RO         6900    i.__rt_ffs          kservice.o
    0x08005778   0x08005778   0x0000000e   Code   RO         7971    i.__scatterload_copy  mc_p.l(handlers.o)
    0x08005786   0x08005786   0x00000002   Code   RO         7972    i.__scatterload_null  mc_p.l(handlers.o)
    0x08005788   0x08005788   0x0000000e   Code   RO         7973    i.__scatterload_zeroinit  mc_p.l(handlers.o)
    0x08005796   0x08005796   0x00000002   PAD
    0x08005798   0x08005798   0x00000014   Code   RO         6645    i._has_defunct_thread  idle.o
    0x080057ac   0x080057ac   0x00000088   Code   RO         7269    i._rt_thread_init   thread.o
    0x08005834   0x08005834   0x0000003c   Code   RO         7390    i._rt_timer_init    timer.o
    0x08005870   0x08005870   0x0000002e   Code   RO         7391    i._rt_timer_remove  timer.o
    0x0800589e   0x0800589e   0x00000002   PAD
    0x080058a0   0x080058a0   0x000000a8   Code   RO         1303    i.adc_device_init   tom_interface.o
    0x08005948   0x08005948   0x0000006c   Code   RO         1304    i.adc_gpio_init     tom_interface.o
    0x080059b4   0x080059b4   0x00000024   Code   RO            4    i.app_vector_redirection  main.o
    0x080059d8   0x080059d8   0x00000002   Code   RO         2089    i.desktop_msg_timer_process  state_desktop.o
    0x080059da   0x080059da   0x00000016   Code   RO         2090    i.desktop_state_init  state_desktop.o
    0x080059f0   0x080059f0   0x00000028   Code   RO         2091    i.desktop_state_proc  state_desktop.o
    0x08005a18   0x08005a18   0x00000004   Code   RO         2092    i.desktop_state_term  state_desktop.o
    0x08005a1c   0x08005a1c   0x000000ac   Code   RO         1307    i.else_input_gpio_init  tom_interface.o
    0x08005ac8   0x08005ac8   0x00000134   Code   RO         1308    i.else_output_gpio_init  tom_interface.o
    0x08005bfc   0x08005bfc   0x00000054   Code   RO         7825    i.free              mc_p.l(malloc.o)
    0x08005c50   0x08005c50   0x00000090   Code   RO         1309    i.get_gpio_state    tom_interface.o
    0x08005ce0   0x08005ce0   0x0000000c   Code   RO         2240    i.get_keyboard_value  keyboard.o
    0x08005cec   0x08005cec   0x00000026   Code   RO            5    i.greenled_shine_entry  main.o
    0x08005d12   0x08005d12   0x00000002   PAD
    0x08005d14   0x08005d14   0x00000060   Code   RO         2161    i.hc595_send_data   hc595.o
    0x08005d74   0x08005d74   0x00000030   Code   RO         2162    i.hc595_set         hc595.o
    0x08005da4   0x08005da4   0x00000020   Code   RO         2126    i.init_state_init   state_init.o
    0x08005dc4   0x08005dc4   0x0000001e   Code   RO         2127    i.init_state_proc   state_init.o
    0x08005de2   0x08005de2   0x00000004   Code   RO         2128    i.init_state_term   state_init.o
    0x08005de6   0x08005de6   0x00000016   Code   RO         2195    i.key_clear         key.o
    0x08005dfc   0x08005dfc   0x00000208   Code   RO         2196    i.key_scan          key.o
    0x08006004   0x08006004   0x00000064   Code   RO         2197    i.key_short_long_press_scan  key.o
    0x08006068   0x08006068   0x00000254   Code   RO         2241    i.keyboard_value_identify  keyboard.o
    0x080062bc   0x080062bc   0x00000058   Code   RO         1310    i.knob_init         tom_interface.o
    0x08006314   0x08006314   0x00000088   Code   RO          611    i.knob_line_A_detection  knob.o
    0x0800639c   0x0800639c   0x00000088   Code   RO          612    i.knob_line_B_detection  knob.o
    0x08006424   0x08006424   0x00000054   Code   RO         1311    i.lcd_gpio_init     tom_interface.o
    0x08006478   0x08006478   0x00000138   Code   RO            6    i.main              main.o
    0x080065b0   0x080065b0   0x0000000e   Code   RO         6578    i.main_thread_entry  components.o
    0x080065be   0x080065be   0x00000002   PAD
    0x080065c0   0x080065c0   0x0000007c   Code   RO         7077    i.plug_holes        mem.o
    0x0800663c   0x0800663c   0x00000194   Code   RO         6902    i.print_number      kservice.o
    0x080067d0   0x080067d0   0x0000007c   Code   RO         4688    i.rcc_init_GPIO_en  stm32f0xx_rcc.o
    0x0800684c   0x0800684c   0x0000002c   Code   RO            7    i.redled_shine_entry  main.o
    0x08006878   0x08006878   0x0000002c   Code   RO         6579    i.rt_application_init  components.o
    0x080068a4   0x080068a4   0x0000001c   Code   RO         6580    i.rt_components_board_init  components.o
    0x080068c0   0x080068c0   0x0000001c   Code   RO         6581    i.rt_components_init  components.o
    0x080068dc   0x080068dc   0x00000020   Code   RO         7203    i.rt_enter_critical  scheduler.o
    0x080068fc   0x080068fc   0x00000048   Code   RO         7204    i.rt_exit_critical  scheduler.o
    0x08006944   0x08006944   0x000000e8   Code   RO         7079    i.rt_free           mem.o
    0x08006a2c   0x08006a2c   0x00000008   Code   RO         7499    i.rt_heap_begin_get  board.o
    0x08006a34   0x08006a34   0x00000008   Code   RO         7500    i.rt_heap_end_get   board.o
    0x08006a3c   0x08006a3c   0x00000034   Code   RO         7501    i.rt_hw_board_init  board.o
    0x08006a70   0x08006a70   0x00000002   Code   RO         6905    i.rt_hw_console_output  kservice.o
    0x08006a72   0x08006a72   0x00000002   PAD
    0x08006a74   0x08006a74   0x000000f0   Code   RO         6509    i.rt_hw_hard_fault_exception  cpuport.o
    0x08006b64   0x08006b64   0x00000040   Code   RO         6510    i.rt_hw_stack_init  cpuport.o
    0x08006ba4   0x08006ba4   0x00000020   Code   RO         6873    i.rt_interrupt_enter  irq.o
    0x08006bc4   0x08006bc4   0x00000020   Code   RO         6875    i.rt_interrupt_leave  irq.o
    0x08006be4   0x08006be4   0x00000014   Code   RO         6685    i.rt_ipc_list_resume  ipc.o
    0x08006bf8   0x08006bf8   0x00000062   Code   RO         6687    i.rt_ipc_list_suspend  ipc.o
    0x08006c5a   0x08006c5a   0x00000010   Code   RO         6688    i.rt_ipc_object_init  ipc.o
    0x08006c6a   0x08006c6a   0x00000002   PAD
    0x08006c6c   0x08006c6c   0x00000034   Code   RO         6906    i.rt_kprintf        kservice.o
    0x08006ca0   0x08006ca0   0x00000006   Code   RO         6689    i.rt_list_init      ipc.o
    0x08006ca6   0x08006ca6   0x00000006   Code   RO         7205    i.rt_list_init      scheduler.o
    0x08006cac   0x08006cac   0x00000006   Code   RO         7392    i.rt_list_init      timer.o
    0x08006cb2   0x08006cb2   0x0000000e   Code   RO         7127    i.rt_list_insert_after  object.o
    0x08006cc0   0x08006cc0   0x0000000e   Code   RO         7270    i.rt_list_insert_after  thread.o
    0x08006cce   0x08006cce   0x0000000e   Code   RO         7393    i.rt_list_insert_after  timer.o
    0x08006cdc   0x08006cdc   0x0000000e   Code   RO         6690    i.rt_list_insert_before  ipc.o
    0x08006cea   0x08006cea   0x00000010   Code   RO         6691    i.rt_list_isempty   ipc.o
    0x08006cfa   0x08006cfa   0x00000010   Code   RO         7394    i.rt_list_isempty   timer.o
    0x08006d0a   0x08006d0a   0x00000012   Code   RO         7128    i.rt_list_remove    object.o
    0x08006d1c   0x08006d1c   0x00000012   Code   RO         7271    i.rt_list_remove    thread.o
    0x08006d2e   0x08006d2e   0x00000002   PAD
    0x08006d30   0x08006d30   0x0000016c   Code   RO         7080    i.rt_malloc         mem.o
    0x08006e9c   0x08006e9c   0x0000005e   Code   RO         6910    i.rt_memcpy         kservice.o
    0x08006efa   0x08006efa   0x0000004c   Code   RO         6912    i.rt_memset         kservice.o
    0x08006f46   0x08006f46   0x00000062   Code   RO         6704    i.rt_mq_init        ipc.o
    0x08006fa8   0x08006fa8   0x00000104   Code   RO         6705    i.rt_mq_recv        ipc.o
    0x080070ac   0x080070ac   0x0000008e   Code   RO         6706    i.rt_mq_send        ipc.o
    0x0800713a   0x0800713a   0x00000050   Code   RO         7129    i.rt_object_allocate  object.o
    0x0800718a   0x0800718a   0x00000024   Code   RO         7130    i.rt_object_delete  object.o
    0x080071ae   0x080071ae   0x0000001e   Code   RO         7131    i.rt_object_detach  object.o
    0x080071cc   0x080071cc   0x00000024   Code   RO         7133    i.rt_object_get_information  object.o
    0x080071f0   0x080071f0   0x00000054   Code   RO         7135    i.rt_object_init    object.o
    0x08007244   0x08007244   0x00000014   Code   RO         7136    i.rt_object_is_systemobject  object.o
    0x08007258   0x08007258   0x00000084   Code   RO         7206    i.rt_schedule       scheduler.o
    0x080072dc   0x080072dc   0x00000054   Code   RO         7207    i.rt_schedule_insert_thread  scheduler.o
    0x08007330   0x08007330   0x00000058   Code   RO         7208    i.rt_schedule_remove_thread  scheduler.o
    0x08007388   0x08007388   0x00000022   Code   RO         6712    i.rt_sem_init       ipc.o
    0x080073aa   0x080073aa   0x0000003c   Code   RO         6713    i.rt_sem_release    ipc.o
    0x080073e6   0x080073e6   0x00000078   Code   RO         6714    i.rt_sem_take       ipc.o
    0x0800745e   0x0800745e   0x00000002   PAD
    0x08007460   0x08007460   0x000000b0   Code   RO         6914    i.rt_show_version   kservice.o
    0x08007510   0x08007510   0x00000012   Code   RO         6920    i.rt_strlen         kservice.o
    0x08007522   0x08007522   0x00000038   Code   RO         6922    i.rt_strncpy        kservice.o
    0x0800755a   0x0800755a   0x00000002   PAD
    0x0800755c   0x0800755c   0x000000f4   Code   RO         7083    i.rt_system_heap_init  mem.o
    0x08007650   0x08007650   0x0000004c   Code   RO         7209    i.rt_system_scheduler_init  scheduler.o
    0x0800769c   0x0800769c   0x00000030   Code   RO         7210    i.rt_system_scheduler_start  scheduler.o
    0x080076cc   0x080076cc   0x0000001c   Code   RO         7395    i.rt_system_timer_init  timer.o
    0x080076e8   0x080076e8   0x00000002   Code   RO         7396    i.rt_system_timer_thread_init  timer.o
    0x080076ea   0x080076ea   0x00000050   Code   RO         7273    i.rt_thread_create  thread.o
    0x0800773a   0x0800773a   0x00000002   PAD
    0x0800773c   0x0800773c   0x00000058   Code   RO         7277    i.rt_thread_exit    thread.o
    0x08007794   0x08007794   0x00000008   Code   RO         6646    i.rt_thread_idle_entry  idle.o
    0x0800779c   0x0800779c   0x00000090   Code   RO         6647    i.rt_thread_idle_excute  idle.o
    0x0800782c   0x0800782c   0x0000003c   Code   RO         6649    i.rt_thread_idle_init  idle.o
    0x08007868   0x08007868   0x0000002c   Code   RO         7279    i.rt_thread_init    thread.o
    0x08007894   0x08007894   0x00000014   Code   RO         7280    i.rt_thread_mdelay  thread.o
    0x080078a8   0x080078a8   0x0000003c   Code   RO         7281    i.rt_thread_resume  thread.o
    0x080078e4   0x080078e4   0x0000000c   Code   RO         7282    i.rt_thread_self    thread.o
    0x080078f0   0x080078f0   0x00000044   Code   RO         7283    i.rt_thread_sleep   thread.o
    0x08007934   0x08007934   0x00000030   Code   RO         7284    i.rt_thread_startup  thread.o
    0x08007964   0x08007964   0x00000044   Code   RO         7285    i.rt_thread_suspend  thread.o
    0x080079a8   0x080079a8   0x00000020   Code   RO         7286    i.rt_thread_timeout  thread.o
    0x080079c8   0x080079c8   0x00000064   Code   RO         7287    i.rt_thread_yield   thread.o
    0x08007a2c   0x08007a2c   0x0000003e   Code   RO         6537    i.rt_tick_from_millisecond  clock.o
    0x08007a6a   0x08007a6a   0x00000002   PAD
    0x08007a6c   0x08007a6c   0x0000000c   Code   RO         6538    i.rt_tick_get       clock.o
    0x08007a78   0x08007a78   0x00000030   Code   RO         6539    i.rt_tick_increase  clock.o
    0x08007aa8   0x08007aa8   0x00000080   Code   RO         7397    i.rt_timer_check    timer.o
    0x08007b28   0x08007b28   0x0000003c   Code   RO         7398    i.rt_timer_control  timer.o
    0x08007b64   0x08007b64   0x00000020   Code   RO         7401    i.rt_timer_detach   timer.o
    0x08007b84   0x08007b84   0x00000026   Code   RO         7402    i.rt_timer_init     timer.o
    0x08007baa   0x08007baa   0x00000002   PAD
    0x08007bac   0x08007bac   0x00000108   Code   RO         7405    i.rt_timer_start    timer.o
    0x08007cb4   0x08007cb4   0x00000030   Code   RO         7406    i.rt_timer_stop     timer.o
    0x08007ce4   0x08007ce4   0x00000368   Code   RO         6925    i.rt_vsnprintf      kservice.o
    0x0800804c   0x0800804c   0x00000004   Code   RO         6582    i.rti_board_end     components.o
    0x08008050   0x08008050   0x00000004   Code   RO         6583    i.rti_board_start   components.o
    0x08008054   0x08008054   0x00000004   Code   RO         6584    i.rti_end           components.o
    0x08008058   0x08008058   0x00000004   Code   RO         6585    i.rti_start         components.o
    0x0800805c   0x0800805c   0x0000002a   Code   RO         6586    i.rtthread_startup  components.o
    0x08008086   0x08008086   0x00000002   PAD
    0x08008088   0x08008088   0x00000138   Code   RO         1314    i.set_gpio_state    tom_interface.o
    0x080081c0   0x080081c0   0x0000001a   Code   RO         2198    i.simple_key_clear  key.o
    0x080081da   0x080081da   0x00000002   PAD
    0x080081dc   0x080081dc   0x00000040   Code   RO         2199    i.simple_key_press_scan  key.o
    0x0800821c   0x0800821c   0x00000024   Code   RO         6927    i.skip_atoi         kservice.o
    0x08008240   0x08008240   0x0000002c   Code   RO         1316    i.tom_interface_init  tom_interface.o
    0x0800826c   0x0800826c   0x000000dc   Code   RO         1317    i.uart1_config_9600  tom_interface.o
    0x08008348   0x08008348   0x00000024   Code   RO         1318    i.uart2_buf_clear   tom_interface.o
    0x0800836c   0x0800836c   0x000000bc   Code   RO         1320    i.uart2_config      tom_interface.o
    0x08008428   0x08008428   0x00000020   Code   RO            8    i.zpoc_sigalrm_fn   main.o
    0x08008448   0x08008448   0x0000001a   Data   RO         1324    .constdata          tom_interface.o
    0x08008462   0x08008462   0x00000122   Data   RO         6929    .constdata          kservice.o
    0x08008584   0x08008584   0x00000004   Data   RO         6587    .rti_fn.0           components.o
    0x08008588   0x08008588   0x00000004   Data   RO         6588    .rti_fn.0.end       components.o
    0x0800858c   0x0800858c   0x00000004   Data   RO           12    .rti_fn.1           main.o
    0x08008590   0x08008590   0x00000004   Data   RO         6589    .rti_fn.1.end       components.o
    0x08008594   0x08008594   0x00000004   Data   RO         6590    .rti_fn.6.end       components.o
    0x08008598   0x08008598   0x00000030   Data   RO         7969    Region$$Table       anon$$obj.o


    Execution Region RW_IRAM1 (Exec base: 0x20000000, Load base: 0x080085c8, Size: 0x000000c0, Max: 0x000000c0, ABSOLUTE)

    Exec Addr    Load Addr    Size         Type   Attr      Idx    E Section Name        Object

    0x20000000        -       0x000000c0   Zero   RW            9    .ARM.__AT_0x20000000  main.o


    Execution Region RW_IRAM2 (Exec base: 0x200000c4, Load base: 0x080085c8, Size: 0x000062fc, Max: 0x00007f40, ABSOLUTE, COMPRESSED[0x0000006c])

    Exec Addr    Load Addr    Size         Type   Attr      Idx    E Section Name        Object

    0x200000c4   COMPRESSED   0x00000004   Data   RW           11    .data               main.o
    0x200000c8   COMPRESSED   0x00000008   Data   RW          258    .data               stm32f0xx_it.o
    0x200000d0   COMPRESSED   0x00000002   Data   RW          613    .data               knob.o
    0x200000d2   COMPRESSED   0x00000002   PAD
    0x200000d4   COMPRESSED   0x0000004c   Data   RW         1325    .data               tom_interface.o
    0x20000120   COMPRESSED   0x00000010   Data   RW         2034    .data               state.o
    0x20000130   COMPRESSED   0x0000000c   Data   RW         2093    .data               state_desktop.o
    0x2000013c   COMPRESSED   0x0000000c   Data   RW         2129    .data               state_init.o
    0x20000148   COMPRESSED   0x00000001   Data   RW         2163    .data               hc595.o
    0x20000149   COMPRESSED   0x00000001   PAD
    0x2000014a   COMPRESSED   0x0000000a   Data   RW         2201    .data               key.o
    0x20000154   COMPRESSED   0x00000001   Data   RW         2242    .data               keyboard.o
    0x20000155   COMPRESSED   0x00000010   Data   RW         4689    .data               stm32f0xx_rcc.o
    0x20000165   COMPRESSED   0x00000003   PAD
    0x20000168   COMPRESSED   0x00000014   Data   RW         6465    .data               system_stm32f0xx.o
    0x2000017c   COMPRESSED   0x0000000c   Data   RW         6511    .data               cpuport.o
    0x20000188   COMPRESSED   0x00000004   Data   RW         6541    .data               clock.o
    0x2000018c   COMPRESSED   0x00000001   Data   RW         6876    .data               irq.o
    0x2000018d   COMPRESSED   0x00000003   PAD
    0x20000190   COMPRESSED   0x00000018   Data   RW         7085    .data               mem.o
    0x200001a8   COMPRESSED   0x00000050   Data   RW         7138    .data               object.o
    0x200001f8   COMPRESSED   0x00000018   Data   RW         7212    .data               scheduler.o
    0x20000210   COMPRESSED   0x0000000c   Data   RW         7407    .data               timer.o
    0x2000021c   COMPRESSED   0x00000004   Data   RW         7892    .data               mc_p.l(mvars.o)
    0x20000220        -       0x00000834   Zero   RW           10    .bss                main.o
    0x20000a54        -       0x00000a54   Zero   RW          556    .bss                gps.o
    0x200014a8        -       0x00003458   Zero   RW          850    .bss                poc.o
    0x20004900        -       0x00000066   Zero   RW         2200    .bss                key.o
    0x20004966   COMPRESSED   0x00000002   PAD
    0x20004968        -       0x00000178   Zero   RW         6650    .bss                idle.o
    0x20004ae0        -       0x00000080   Zero   RW         6928    .bss                kservice.o
    0x20004b60        -       0x00000020   Zero   RW         7084    .bss                mem.o
    0x20004b80        -       0x00000040   Zero   RW         7211    .bss                scheduler.o
    0x20004bc0        -       0x00001000   Zero   RW         7502    .bss                board.o
    0x20005bc0        -       0x00000800   Zero   RW         6497    STACK               startup_stm32f030xc.o


==============================================================================

Image component sizes


      Code (inc. data)   RO Data    RW Data    ZI Data      Debug   Object Name

        28          0          0          0          0     251581   battery.o
       136         24          0          0       4096       3133   board.o
       122         10          0          4          0       1692   clock.o
       182         28         16          0          0       5604   components.o
       216         32          0          0          0        844   context_rvds.o
       304        166          0         12          0       3022   cpuport.o
         0          0          0          0       2644       1685   gps.o
       144         10          0          1          0       1560   hc595.o
       232         32          0          0        376       5466   idle.o
       884          0          0          0          0      10856   ipc.o
        64         12          0          1          0       1526   irq.o
       732         62          0         10        102       4273   key.o
       608         50          0          1          0       1903   keyboard.o
       272         24          0          2          0       1293   knob.o
      1878        168        290          0        128      10043   kservice.o
       582        100          4          4       2292     278913   main.o
       964        230          0         24         32       3804   mem.o
       318          4          0         80          0       8108   object.o
         0          0          0          0      13400       4677   poc.o
       538         94          0         24         64       8294   scheduler.o
        88         38        184          0       2048        636   startup_stm32f030xc.o
       156         22          0         16          0       2987   state.o
        68         10          0         12          0       2293   state_desktop.o
        66          0          0         12          0       1789   state_init.o
       298          8          0          0          0       5914   stm32f0xx_adc.o
       552         44          0          0          0       4911   stm32f0xx_dma.o
       188         22          0          0          0       2425   stm32f0xx_exti.o
       240          0          0          0          0       3267   stm32f0xx_gpio.o
       548         62          0          8          0      11971   stm32f0xx_it.o
       112          6          0          0          0        852   stm32f0xx_misc.o
       892         72          0         16          0       5061   stm32f0xx_rcc.o
       598         34          0          0          0       5436   stm32f0xx_rtc.o
        64          4          0          0          0        600   stm32f0xx_syscfg.o
       222         38          0          0          0       3854   stm32f0xx_tim.o
       508         22          0          0          0       6884   stm32f0xx_usart.o
       436         46          0         20          0       2281   system_stm32f0xx.o
       788         40          0          0          0      11600   thread.o
       742         26          0         12          0      10880   timer.o
      2108        136         26         76          0      12792   tom_interface.o

    ----------------------------------------------------------------------
     16918       1676        568        344      25184     704710   Object Totals
         0          0         48          0          0          0   (incl. Generated)
        40          0          0          9          2          0   (incl. Padding)

    ----------------------------------------------------------------------

      Code (inc. data)   RO Data    RW Data    ZI Data      Debug   Library Member Name

        86          0          0          0          0          0   __dczerorl2.o
         0          0          0          0          0          0   entry.o
         0          0          0          0          0          0   entry10a.o
         0          0          0          0          0          0   entry11a.o
         8          4          0          0          0          0   entry2.o
         4          0          0          0          0          0   entry5.o
         0          0          0          0          0          0   entry7b.o
         0          0          0          0          0          0   entry8b.o
         8          4          0          0          0          0   entry9a.o
        30          0          0          0          0          0   handlers.o
        40          0          0          0          0         72   idiv.o
        36          8          0          0          0         68   init.o
        84          4          0          0          0         68   malloc.o
        36          0          0          0          0        100   memseta.o
         0          0          0          4          0          0   mvars.o
        44          0          0          0          0         72   uidiv.o

    ----------------------------------------------------------------------
       378         20          0          4          0        380   Library Totals
         2          0          0          0          0          0   (incl. Padding)

    ----------------------------------------------------------------------

      Code (inc. data)   RO Data    RW Data    ZI Data      Debug   Library Name

       376         20          0          4          0        380   mc_p.l

    ----------------------------------------------------------------------
       378         20          0          4          0        380   Library Totals

    ----------------------------------------------------------------------

==============================================================================


      Code (inc. data)   RO Data    RW Data    ZI Data      Debug   

     17296       1696        568        348      25184     696022   Grand Totals
     17296       1696        568        108      25184     696022   ELF Image Totals (compressed)
     17296       1696        568        108          0          0   ROM Totals

==============================================================================

    Total RO  Size (Code + RO Data)                17864 (  17.45kB)
    Total RW  Size (RW Data + ZI Data)             25532 (  24.93kB)
    Total ROM Size (Code + RO Data + RW Data)      17972 (  17.55kB)

==============================================================================

