<html>
<body>
<pre>
<h1>µVision Build Log</h1>
<h2>Tool Versions:</h2>
IDE-Version: ¦ÌVision V5.26.2.0
Copyright (C) 2018 ARM Ltd and ARM Germany GmbH. All rights reserved.
License Information: Tom Tom, Tom, LIC=IK1Y8-3UKX0-FI352-9XZWN-HXERK-NXUBM
 
Tool Versions:
Toolchain:       MDK-ARM Plus  Version: 5.26.2.0
Toolchain Path:  D:\Keil_v5\ARM\ARMCC\Bin
C Compiler:      Armcc.exe V5.06 update 6 (build 750)
Assembler:       Armasm.exe V5.06 update 6 (build 750)
Linker/Locator:  ArmLink.exe V5.06 update 6 (build 750)
Library Manager: ArmAr.exe V5.06 update 6 (build 750)
Hex Converter:   FromElf.exe V5.06 update 6 (build 750)
CPU DLL:         SARMCM3.DLL V5.26.2.0
Dialog DLL:      DARMCM1.DLL V1.19.1.0
Target DLL:      Segger\JL2CM3.dll V2.99.31.0
Dialog DLL:      TARMCM1.DLL V1.14.0.0
 
<h2>Project:</h2>
D:\3-repository\tp39plus-rtthread\tp39plus_app\Prj\tp39plus_app.uvprojx
Project File Date:  03/17/2021

<h2>Output:</h2>
*** Using Compiler 'V5.06 update 6 (build 750)', folder: 'D:\Keil_v5\ARM\ARMCC\Bin'
Build target 'tp39p'
compiling state_desktop.c...
linking...
Program Size: Code=17296 RO-data=568 RW-data=348 ZI-data=25184  
FromELF: creating hex file...
After Build - User command #1: D:\Keil_v5\ARM\ARMCC\bin\fromelf.exe --bin -o ./bin/tp39plus_app.bin ./Objects/tp39plus_app.axf
After Build - User command #2: find   "Total R"    ./Listings/tp39plus_app.map
---------- ./LISTINGS/TP39PLUS_APP.MAP
    Total RO  Size (Code + RO Data)                17864 (  17.45kB)
    Total RW  Size (RW Data + ZI Data)             25532 (  24.93kB)
    Total ROM Size (Code + RO Data + RW Data)      17972 (  17.55kB)
".\Objects\tp39plus_app.axf" - 0 Error(s), 0 Warning(s).

<h2>Software Packages used:</h2>

Package Vendor: RealThread
                https://www.rt-thread.org/download/mdk/RealThread.RT-Thread.3.1.3.pack
                RealThread.RT-Thread.3.1.3
                RT-Thread Software Components
   * Component: kernel Version: 3.1.3

Package Vendor: Keil
                http://www.keil.com/pack/Keil.STM32F0xx_DFP.2.0.0.pack
                Keil.STM32F0xx_DFP.2.0.0
                STMicroelectronics STM32F0 Series Device Support, Drivers and Examples

<h2>Collection of Component include folders:</h2>
  .\RTE\RTOS
  .\RTE\_tp39p
  D:\Keil_v5\ARM\PACK\Keil\STM32F0xx_DFP\2.0.0\Drivers\CMSIS\Device\ST\STM32F0xx\Include
  D:\Keil_v5\ARM\PACK\RealThread\RT-Thread\3.1.3\include

<h2>Collection of Component Files used:</h2>

   * Component: RealThread.RT-Thread::RTOS:kernel:3.1.3
      Include file:  bsp\rtconfig.h
      Source file:   src\components.c
      Source file:   src\irq.c
      Source file:   src\mem.c
      Source file:   src\object.c
      Source file:   src\timer.c
      Source file:   bsp\board.c
      Source file:   libcpu\arm\cortex-m0\cpuport.c
      Source file:   src\scheduler.c
      Source file:   src\ipc.c
      Source file:   src\clock.c
      Source file:   src\thread.c
      Source file:   src\kservice.c
      Source file:   src\idle.c
      Source file:   libcpu\arm\cortex-m0\context_rvds.S
Build Time Elapsed:  00:00:01
</pre>
</body>
</html>
